PRGA [clip_l14]        as-is      K=   1 s=1 epochs=  60 best=  -1  macroF1=0.7139  (14s)
PRGA + DINOv2 cache [clip_l14] as-is      K=   1 s=1 epochs=  60 best=  -1  macroF1=0.8744  (14s)
PRGA [clip_l14]        as-is      K=   1 s=2 epochs=  60 best=  -1  macroF1=0.6754  (12s)
PRGA + DINOv2 cache [clip_l14] as-is      K=   1 s=2 epochs=  60 best=  -1  macroF1=0.7712  (12s)
PRGA [clip_l14]        as-is      K=   1 s=3 epochs=  60 best=  -1  macroF1=0.7013  (12s)
PRGA + DINOv2 cache [clip_l14] as-is      K=   1 s=3 epochs=  60 best=  -1  macroF1=0.8552  (12s)
PRGA [clip_l14]        as-is      K=   2 s=1 epochs=  60 best=  -1  macroF1=0.8760  (11s)
PRGA + DINOv2 cache [clip_l14] as-is      K=   2 s=1 epochs=  60 best=  -1  macroF1=0.9325  (11s)
PRGA [clip_l14]        as-is      K=   2 s=2 epochs=  60 best=  -1  macroF1=0.9107  (12s)
PRGA + DINOv2 cache [clip_l14] as-is      K=   2 s=2 epochs=  60 best=  -1  macroF1=0.9499  (12s)
PRGA [clip_l14]        as-is      K=   2 s=3 epochs=  60 best=  -1  macroF1=0.8510  (11s)
PRGA + DINOv2 cache [clip_l14] as-is      K=   2 s=3 epochs=  60 best=  -1  macroF1=0.9514  (11s)
PRGA [clip_l14]        as-is      K=   4 s=1 epochs=  60 best=  -1  macroF1=0.9282  (12s)
PRGA + DINOv2 cache [clip_l14] as-is      K=   4 s=1 epochs=  60 best=  -1  macroF1=0.9641  (12s)
PRGA [clip_l14]        as-is      K=   4 s=2 epochs=  60 best=  -1  macroF1=0.9264  (11s)
PRGA + DINOv2 cache [clip_l14] as-is      K=   4 s=2 epochs=  60 best=  -1  macroF1=0.9579  (11s)
PRGA [clip_l14]        as-is      K=   4 s=3 epochs=  60 best=  -1  macroF1=0.9265  (13s)
PRGA + DINOv2 cache [clip_l14] as-is      K=   4 s=3 epochs=  60 best=  -1  macroF1=0.9649  (13s)
PRGA [clip_l14]        as-is      K=   8 s=1 epochs=  60 best=  -1  macroF1=0.9531  (11s)
PRGA + DINOv2 cache [clip_l14] as-is      K=   8 s=1 epochs=  60 best=  -1  macroF1=0.9742  (11s)
PRGA [clip_l14]        as-is      K=   8 s=2 epochs=  60 best=  -1  macroF1=0.9606  (11s)
PRGA + DINOv2 cache [clip_l14] as-is      K=   8 s=2 epochs=  60 best=  -1  macroF1=0.9958  (11s)
PRGA [clip_l14]        as-is      K=   8 s=3 epochs=  60 best=  -1  macroF1=0.9514  (11s)
PRGA + DINOv2 cache [clip_l14] as-is      K=   8 s=3 epochs=  60 best=  -1  macroF1=0.9772  (11s)
PRGA [clip_l14]        as-is      K=  16 s=1 epochs=  60 best=  -1  macroF1=0.9868  (12s)
PRGA + DINOv2 cache [clip_l14] as-is      K=  16 s=1 epochs=  60 best=  -1  macroF1=0.9917  (12s)
PRGA [clip_l14]        as-is      K=  16 s=2 epochs=  60 best=  -1  macroF1=0.9868  (12s)
PRGA + DINOv2 cache [clip_l14] as-is      K=  16 s=2 epochs=  60 best=  -1  macroF1=0.9944  (12s)
PRGA [clip_l14]        as-is      K=  16 s=3 epochs=  60 best=  -1  macroF1=0.9819  (11s)
PRGA + DINOv2 cache [clip_l14] as-is      K=  16 s=3 epochs=  60 best=  -1  macroF1=0.9875  (11s)
PRGA [clip_l14]        as-is      K=full s=1 epochs=  60 best=  -1  macroF1=0.9924  (13s)
PRGA + DINOv2 cache [clip_l14] as-is      K=full s=1 epochs=  60 best=  -1  macroF1=0.9924  (13s)
PRGA [clip_l14]        as-is      K=full s=2 epochs=  60 best=  -1  macroF1=0.9924  (13s)
PRGA + DINOv2 cache [clip_l14] as-is      K=full s=2 epochs=  60 best=  -1  macroF1=0.9924  (13s)
PRGA [clip_l14]        as-is      K=full s=3 epochs=  60 best=  -1  macroF1=0.9910  (13s)
PRGA + DINOv2 cache [clip_l14] as-is      K=full s=3 epochs=  60 best=  -1  macroF1=0.9944  (13s)
Tip-Adapter-F [clip_l14] best-epoch K=   1 s=1 epochs=  40 best=  40  macroF1=0.7393  (6s)
Tip-Adapter-F [clip_l14] best-epoch K=   1 s=2 epochs=  40 best=  32  macroF1=0.6734  (9s)
Tip-Adapter-F [clip_l14] best-epoch K=   1 s=3 epochs=  40 best=  28  macroF1=0.6329  (11s)
Tip-Adapter-F [clip_l14] best-epoch K=   2 s=1 epochs=  40 best=   8  macroF1=0.9131  (10s)
Tip-Adapter-F [clip_l14] best-epoch K=   2 s=2 epochs=  40 best=   8  macroF1=0.9032  (8s)
Tip-Adapter-F [clip_l14] best-epoch K=   2 s=3 epochs=  40 best=  12  macroF1=0.8255  (6s)
Tip-Adapter-F [clip_l14] best-epoch K=   4 s=1 epochs=  40 best=  28  macroF1=0.9284  (7s)
Tip-Adapter-F [clip_l14] best-epoch K=   4 s=2 epochs=  40 best=  24  macroF1=0.9121  (10s)
Tip-Adapter-F [clip_l14] best-epoch K=   4 s=3 epochs=  40 best=  32  macroF1=0.9416  (10s)
Tip-Adapter-F [clip_l14] best-epoch K=   8 s=1 epochs=  40 best=  32  macroF1=0.9369  (11s)
Tip-Adapter-F [clip_l14] best-epoch K=   8 s=2 epochs=  40 best=  12  macroF1=0.9748  (10s)
Tip-Adapter-F [clip_l14] best-epoch K=   8 s=3 epochs=  40 best=  12  macroF1=0.9487  (9s)
Tip-Adapter-F [clip_l14] best-epoch K=  16 s=1 epochs=  40 best=  12  macroF1=0.9778  (9s)
Tip-Adapter-F [clip_l14] best-epoch K=  16 s=2 epochs=  40 best=  24  macroF1=0.9727  (9s)
Tip-Adapter-F [clip_l14] best-epoch K=  16 s=3 epochs=  40 best=  12  macroF1=0.9708  (13s)
Tip-Adapter-F [clip_l14] best-epoch K=full s=1 epochs=  40 best=   8  macroF1=0.9804  (10s)
Tip-Adapter-F [clip_l14] best-epoch K=full s=2 epochs=  40 best=   8  macroF1=0.9861  (10s)
Tip-Adapter-F [clip_l14] best-epoch K=full s=3 epochs=  40 best=   8  macroF1=0.9819  (8s)
PlantCaFo-style cache [clip_l14] best-epoch K=   1 s=1 epochs=  40 best=  20  macroF1=0.8033  (30s)
PlantCaFo-style cache [clip_l14] best-epoch K=   1 s=2 epochs=  40 best=  32  macroF1=0.7772  (37s)
PlantCaFo-style cache [clip_l14] best-epoch K=   1 s=3 epochs=  40 best=   8  macroF1=0.8120  (38s)
PlantCaFo-style cache [clip_l14] best-epoch K=   2 s=1 epochs=  40 best=  20  macroF1=0.9303  (38s)
PlantCaFo-style cache [clip_l14] best-epoch K=   2 s=2 epochs=  40 best=  24  macroF1=0.9531  (29s)
PlantCaFo-style cache [clip_l14] best-epoch K=   2 s=3 epochs=  40 best=   4  macroF1=0.9315  (26s)
PlantCaFo-style cache [clip_l14] best-epoch K=   4 s=1 epochs=  40 best=   4  macroF1=0.9613  (33s)
PlantCaFo-style cache [clip_l14] best-epoch K=   4 s=2 epochs=  40 best=  16  macroF1=0.9496  (37s)
PlantCaFo-style cache [clip_l14] best-epoch K=   4 s=3 epochs=  40 best=   8  macroF1=0.9529  (34s)
PlantCaFo-style cache [clip_l14] best-epoch K=   8 s=1 epochs=  40 best=  20  macroF1=0.9701  (25s)
PlantCaFo-style cache [clip_l14] best-epoch K=   8 s=2 epochs=  40 best=  12  macroF1=0.9848  (37s)
PlantCaFo-style cache [clip_l14] best-epoch K=   8 s=3 epochs=  40 best=  40  macroF1=0.9702  (23s)
PlantCaFo-style cache [clip_l14] best-epoch K=  16 s=1 epochs=  40 best=   8  macroF1=0.9805  (48s)
PlantCaFo-style cache [clip_l14] best-epoch K=  16 s=2 epochs=  40 best=   8  macroF1=0.9861  (44s)
PlantCaFo-style cache [clip_l14] best-epoch K=  16 s=3 epochs=  40 best=   8  macroF1=0.9882  (45s)
PlantCaFo-style cache [clip_l14] best-epoch K=full s=1 epochs=  40 best=   8  macroF1=0.9840  (37s)
PlantCaFo-style cache [clip_l14] best-epoch K=full s=2 epochs=  40 best=   4  macroF1=0.9805  (38s)
PlantCaFo-style cache [clip_l14] best-epoch K=full s=3 epochs=  40 best=  16  macroF1=0.9854  (31s)
CLIP-Adapter [clip_l14] best-epoch K=   1 s=1 epochs= 100 best=  30  macroF1=0.7339  (1s)
CLIP-Adapter [clip_l14] best-epoch K=   1 s=2 epochs= 100 best=  50  macroF1=0.6582  (1s)
CLIP-Adapter [clip_l14] best-epoch K=   1 s=3 epochs= 100 best= 100  macroF1=0.6462  (0s)
CLIP-Adapter [clip_l14] best-epoch K=   2 s=1 epochs= 100 best=  40  macroF1=0.9226  (1s)
CLIP-Adapter [clip_l14] best-epoch K=   2 s=2 epochs= 100 best=  60  macroF1=0.9081  (0s)
CLIP-Adapter [clip_l14] best-epoch K=   2 s=3 epochs= 100 best=  20  macroF1=0.8460  (0s)
CLIP-Adapter [clip_l14] best-epoch K=   4 s=1 epochs= 100 best=  70  macroF1=0.9242  (0s)
CLIP-Adapter [clip_l14] best-epoch K=   4 s=2 epochs= 100 best=  40  macroF1=0.9232  (0s)
CLIP-Adapter [clip_l14] best-epoch K=   4 s=3 epochs= 100 best=  60  macroF1=0.9101  (0s)
CLIP-Adapter [clip_l14] best-epoch K=   8 s=1 epochs= 100 best=  80  macroF1=0.9245  (1s)
CLIP-Adapter [clip_l14] best-epoch K=   8 s=2 epochs= 100 best=  30  macroF1=0.9755  (1s)
CLIP-Adapter [clip_l14] best-epoch K=   8 s=3 epochs= 100 best=  40  macroF1=0.9645  (1s)
CLIP-Adapter [clip_l14] best-epoch K=  16 s=1 epochs= 100 best=  30  macroF1=0.9826  (2s)
CLIP-Adapter [clip_l14] best-epoch K=  16 s=2 epochs= 100 best=  30  macroF1=0.9791  (1s)
CLIP-Adapter [clip_l14] best-epoch K=  16 s=3 epochs= 100 best=  20  macroF1=0.9820  (2s)
CLIP-Adapter [clip_l14] best-epoch K=full s=1 epochs= 100 best=  10  macroF1=0.9924  (4s)
CLIP-Adapter [clip_l14] best-epoch K=full s=2 epochs= 100 best=  10  macroF1=0.9951  (4s)
CLIP-Adapter [clip_l14] best-epoch K=full s=3 epochs= 100 best=  10  macroF1=0.9916  (4s)
TaskRes [clip_l14]     best-epoch K=   1 s=1 epochs= 100 best=  20  macroF1=0.7412  (0s)
TaskRes [clip_l14]     best-epoch K=   1 s=2 epochs= 100 best=  20  macroF1=0.7003  (0s)
TaskRes [clip_l14]     best-epoch K=   1 s=3 epochs= 100 best=  40  macroF1=0.6601  (0s)
TaskRes [clip_l14]     best-epoch K=   2 s=1 epochs= 100 best=  80  macroF1=0.9062  (0s)
TaskRes [clip_l14]     best-epoch K=   2 s=2 epochs= 100 best=  20  macroF1=0.9039  (0s)
TaskRes [clip_l14]     best-epoch K=   2 s=3 epochs= 100 best=  80  macroF1=0.8447  (0s)
TaskRes [clip_l14]     best-epoch K=   4 s=1 epochs= 100 best= 100  macroF1=0.9265  (0s)
TaskRes [clip_l14]     best-epoch K=   4 s=2 epochs= 100 best=  60  macroF1=0.9140  (0s)
TaskRes [clip_l14]     best-epoch K=   4 s=3 epochs= 100 best=  60  macroF1=0.9259  (0s)
TaskRes [clip_l14]     best-epoch K=   8 s=1 epochs= 100 best=  80  macroF1=0.9311  (1s)
TaskRes [clip_l14]     best-epoch K=   8 s=2 epochs= 100 best=  30  macroF1=0.9748  (1s)
TaskRes [clip_l14]     best-epoch K=   8 s=3 epochs= 100 best=  10  macroF1=0.9553  (1s)
TaskRes [clip_l14]     best-epoch K=  16 s=1 epochs= 100 best=  70  macroF1=0.9819  (1s)
TaskRes [clip_l14]     best-epoch K=  16 s=2 epochs= 100 best=  30  macroF1=0.9713  (1s)
TaskRes [clip_l14]     best-epoch K=  16 s=3 epochs= 100 best=  20  macroF1=0.9826  (1s)
TaskRes [clip_l14]     best-epoch K=full s=1 epochs= 100 best=  10  macroF1=0.9944  (3s)
TaskRes [clip_l14]     best-epoch K=full s=2 epochs= 100 best=  10  macroF1=0.9937  (3s)
TaskRes [clip_l14]     best-epoch K=full s=3 epochs= 100 best=  10  macroF1=0.9923  (3s)
CLAP [clip_l14]        best-epoch K=   1 s=1 epochs= 600 best=  60  macroF1=0.6683  (2s)
CLAP [clip_l14]        best-epoch K=   1 s=2 epochs= 600 best= 120  macroF1=0.6844  (2s)
CLAP [clip_l14]        best-epoch K=   1 s=3 epochs= 600 best= 180  macroF1=0.7750  (2s)
CLAP [clip_l14]        best-epoch K=   2 s=1 epochs= 600 best= 120  macroF1=0.9133  (2s)
CLAP [clip_l14]        best-epoch K=   2 s=2 epochs= 600 best= 300  macroF1=0.8774  (2s)
CLAP [clip_l14]        best-epoch K=   2 s=3 epochs= 600 best= 540  macroF1=0.7759  (2s)
CLAP [clip_l14]        best-epoch K=   4 s=1 epochs= 600 best= 120  macroF1=0.9097  (2s)
CLAP [clip_l14]        best-epoch K=   4 s=2 epochs= 600 best= 420  macroF1=0.9094  (2s)
CLAP [clip_l14]        best-epoch K=   4 s=3 epochs= 600 best= 540  macroF1=0.9371  (2s)
CLAP [clip_l14]        best-epoch K=   8 s=1 epochs= 600 best= 480  macroF1=0.9428  (4s)
CLAP [clip_l14]        best-epoch K=   8 s=2 epochs= 600 best= 600  macroF1=0.9705  (4s)
CLAP [clip_l14]        best-epoch K=   8 s=3 epochs= 600 best= 420  macroF1=0.9640  (4s)
CLAP [clip_l14]        best-epoch K=  16 s=1 epochs= 600 best= 180  macroF1=0.9813  (7s)
CLAP [clip_l14]        best-epoch K=  16 s=2 epochs= 600 best= 540  macroF1=0.9748  (7s)
CLAP [clip_l14]        best-epoch K=  16 s=3 epochs= 600 best= 360  macroF1=0.9785  (7s)
CLAP [clip_l14]        best-epoch K=full s=1 epochs= 600 best= 480  macroF1=0.9930  (21s)
CLAP [clip_l14]        best-epoch K=full s=2 epochs= 600 best= 480  macroF1=0.9909  (21s)
CLAP [clip_l14]        best-epoch K=full s=3 epochs= 600 best= 420  macroF1=0.9916  (21s)
GraphAdapter [clip_l14] best-epoch K=   1 s=1 epochs= 100 best=  90  macroF1=0.7956  (0s)
GraphAdapter [clip_l14] best-epoch K=   1 s=2 epochs= 100 best=  70  macroF1=0.6395  (1s)
GraphAdapter [clip_l14] best-epoch K=   1 s=3 epochs= 100 best=  90  macroF1=0.6098  (1s)
GraphAdapter [clip_l14] best-epoch K=   2 s=1 epochs= 100 best=  90  macroF1=0.7123  (1s)
GraphAdapter [clip_l14] best-epoch K=   2 s=2 epochs= 100 best= 100  macroF1=0.7760  (1s)
GraphAdapter [clip_l14] best-epoch K=   2 s=3 epochs= 100 best= 100  macroF1=0.7830  (1s)
GraphAdapter [clip_l14] best-epoch K=   4 s=1 epochs= 100 best= 100  macroF1=0.8232  (1s)
GraphAdapter [clip_l14] best-epoch K=   4 s=2 epochs= 100 best= 100  macroF1=0.7602  (1s)
GraphAdapter [clip_l14] best-epoch K=   4 s=3 epochs= 100 best= 100  macroF1=0.8305  (1s)
GraphAdapter [clip_l14] best-epoch K=   8 s=1 epochs= 100 best=  60  macroF1=0.8511  (1s)
GraphAdapter [clip_l14] best-epoch K=   8 s=2 epochs= 100 best= 100  macroF1=0.9548  (1s)
GraphAdapter [clip_l14] best-epoch K=   8 s=3 epochs= 100 best=  90  macroF1=0.9240  (1s)
GraphAdapter [clip_l14] best-epoch K=  16 s=1 epochs= 100 best=  70  macroF1=0.9632  (2s)
GraphAdapter [clip_l14] best-epoch K=  16 s=2 epochs= 100 best=  90  macroF1=0.9555  (2s)
GraphAdapter [clip_l14] best-epoch K=  16 s=3 epochs= 100 best=  50  macroF1=0.9464  (2s)
GraphAdapter [clip_l14] best-epoch K=full s=1 epochs= 100 best=  60  macroF1=0.9805  (5s)
GraphAdapter [clip_l14] best-epoch K=full s=2 epochs= 100 best= 100  macroF1=0.9665  (5s)
GraphAdapter [clip_l14] best-epoch K=full s=3 epochs= 100 best=  60  macroF1=0.9777  (5s)
K                                                        1              2              4              8             16           full
method                           variant                                                                                             
CLAP                             best-epoch  0.720 ± 0.082  0.894 ± 0.030  0.937 ± 0.026  0.969 ± 0.013  0.981 ± 0.008  0.991 ± 0.007
CLAP [clip_l14]                  best-epoch  0.709 ± 0.058  0.856 ± 0.071  0.919 ± 0.016  0.959 ± 0.014  0.978 ± 0.003  0.992 ± 0.001
CLIP-Adapter                     best-epoch  0.749 ± 0.052  0.886 ± 0.045  0.928 ± 0.015  0.961 ± 0.021  0.982 ± 0.006  0.990 ± 0.004
CLIP-Adapter [clip_l14]          best-epoch  0.679 ± 0.048  0.892 ± 0.041  0.919 ± 0.008  0.955 ± 0.027  0.981 ± 0.002  0.993 ± 0.002
GraphAdapter                     best-epoch  0.263 ± 0.004  0.278 ± 0.032  0.347 ± 0.034  0.761 ± 0.066  0.960 ± 0.016  0.967 ± 0.009
GraphAdapter [clip_l14]          best-epoch  0.682 ± 0.100  0.757 ± 0.039  0.805 ± 0.039  0.910 ± 0.053  0.955 ± 0.008  0.975 ± 0.007
PRGA                             as-is       0.788 ± 0.036  0.907 ± 0.020  0.942 ± 0.020  0.984 ± 0.007  0.991 ± 0.004  0.995 ± 0.001
PRGA + DINOv2 cache              as-is       0.830 ± 0.050  0.941 ± 0.008  0.969 ± 0.005  0.988 ± 0.008  0.995 ± 0.001  0.996 ± 0.002
PRGA + DINOv2 cache [clip_l14]   as-is       0.834 ± 0.055  0.945 ± 0.011  0.962 ± 0.004  0.982 ± 0.012  0.991 ± 0.003  0.993 ± 0.001
PRGA [clip_l14]                  as-is       0.697 ± 0.020  0.879 ± 0.030  0.927 ± 0.001  0.955 ± 0.005  0.985 ± 0.003  0.992 ± 0.001
PlantCaFo-style cache            best-epoch  0.782 ± 0.055  0.938 ± 0.017  0.959 ± 0.005  0.967 ± 0.018  0.986 ± 0.004  0.980 ± 0.016
PlantCaFo-style cache [clip_l14] best-epoch  0.798 ± 0.018  0.938 ± 0.013  0.955 ± 0.006  0.975 ± 0.008  0.985 ± 0.004  0.983 ± 0.003
TaskRes                          best-epoch  0.729 ± 0.058  0.899 ± 0.027  0.935 ± 0.024  0.963 ± 0.013  0.983 ± 0.001  0.990 ± 0.001
TaskRes [clip_l14]               best-epoch  0.701 ± 0.041  0.885 ± 0.035  0.922 ± 0.007  0.954 ± 0.022  0.979 ± 0.006  0.994 ± 0.001
Tip-Adapter-F                    best-epoch  0.710 ± 0.114  0.894 ± 0.029  0.924 ± 0.029  0.959 ± 0.011  0.979 ± 0.007  0.968 ± 0.011
Tip-Adapter-F [clip_l14]         best-epoch  0.682 ± 0.054  0.881 ± 0.048  0.927 ± 0.015  0.953 ± 0.019  0.974 ± 0.004  0.983 ± 0.003
ZeroShot-clip_l14            K=   1 seed=1  acc=0.1771  macroF1=0.1484  (0.0s)
LinearProbe-clip_l14         K=   1 seed=1  acc=0.7576  macroF1=0.7094  (0.4s)
LinearProbe-clip_l14         K=   1 seed=2  acc=0.7306  macroF1=0.6892  (0.4s)
LinearProbe-clip_l14         K=   1 seed=3  acc=0.6833  macroF1=0.6610  (0.6s)
LinearProbe-clip_l14         K=   2 seed=1  acc=0.9285  macroF1=0.9276  (0.8s)
LinearProbe-clip_l14         K=   2 seed=2  acc=0.9181  macroF1=0.9179  (0.7s)
LinearProbe-clip_l14         K=   2 seed=3  acc=0.8458  macroF1=0.8458  (0.5s)
LinearProbe-clip_l14         K=   4 seed=1  acc=0.9437  macroF1=0.9432  (3.3s)
LinearProbe-clip_l14         K=   4 seed=2  acc=0.9285  macroF1=0.9282  (2.8s)
LinearProbe-clip_l14         K=   4 seed=3  acc=0.9458  macroF1=0.9451  (3.9s)
LinearProbe-clip_l14         K=   8 seed=1  acc=0.9507  macroF1=0.9505  (5.5s)
LinearProbe-clip_l14         K=   8 seed=2  acc=0.9715  macroF1=0.9712  (5.9s)
LinearProbe-clip_l14         K=   8 seed=3  acc=0.9681  macroF1=0.9682  (5.5s)
LinearProbe-clip_l14         K=  16 seed=1  acc=0.9812  macroF1=0.9812  (7.4s)
LinearProbe-clip_l14         K=  16 seed=2  acc=0.9778  macroF1=0.9777  (7.1s)
LinearProbe-clip_l14         K=  16 seed=3  acc=0.9764  macroF1=0.9764  (8.6s)
LinearProbe-clip_l14         K=full seed=1  acc=0.9931  macroF1=0.9930  (18.5s)
LinearProbe-clip_l14         K=full seed=2  acc=0.9861  macroF1=0.9861  (17.2s)
LinearProbe-clip_l14         K=full seed=3  acc=0.9854  macroF1=0.9854  (15.1s)
PRGA-full                    K=   1 seed=1  acc=0.5069  macroF1=0.4797  (14.4s)
PRGA-full                    K=   1 seed=2  acc=0.5104  macroF1=0.4933  (12.1s)
PRGA-full                    K=   1 seed=3  acc=0.4590  macroF1=0.3986  (12.3s)
PRGA-full                    K=   2 seed=1  acc=0.7424  macroF1=0.7380  (11.5s)
PRGA-full                    K=   2 seed=2  acc=0.8042  macroF1=0.8052  (12.2s)
PRGA-full                    K=   2 seed=3  acc=0.8014  macroF1=0.7922  (11.9s)
PRGA-full                    K=   4 seed=1  acc=0.8590  macroF1=0.8547  (12.3s)
PRGA-full                    K=   4 seed=2  acc=0.7986  macroF1=0.7946  (12.4s)
PRGA-full                    K=   4 seed=3  acc=0.7896  macroF1=0.7877  (11.8s)
PRGA-full                    K=   8 seed=1  acc=0.9021  macroF1=0.9003  (12.2s)
PRGA-full                    K=   8 seed=2  acc=0.9417  macroF1=0.9410  (12.8s)
PRGA-full                    K=   8 seed=3  acc=0.9382  macroF1=0.9379  (12.7s)
PRGA-full                    K=  16 seed=1  acc=0.9667  macroF1=0.9665  (12.1s)
PRGA-full                    K=  16 seed=2  acc=0.9451  macroF1=0.9442  (11.9s)
PRGA-full                    K=  16 seed=3  acc=0.9451  macroF1=0.9446  (12.2s)
PRGA-full                    K=full seed=1  acc=0.9792  macroF1=0.9791  (15.3s)
PRGA-full                    K=full seed=2  acc=0.9729  macroF1=0.9729  (14.0s)
PRGA-full                    K=full seed=3  acc=0.9764  macroF1=0.9763  (13.7s)
abl-grid-nodes               K=   1 seed=1  acc=0.6181  macroF1=0.5980  (12.5s)
abl-grid-nodes               K=   1 seed=2  acc=0.5444  macroF1=0.5095  (12.7s)
abl-grid-nodes               K=   1 seed=3  acc=0.8063  macroF1=0.7993  (11.9s)
abl-grid-nodes               K=   2 seed=1  acc=0.7868  macroF1=0.7829  (12.3s)
abl-grid-nodes               K=   2 seed=2  acc=0.7632  macroF1=0.7577  (11.9s)
abl-grid-nodes               K=   2 seed=3  acc=0.7535  macroF1=0.7522  (11.6s)
abl-grid-nodes               K=   4 seed=1  acc=0.9424  macroF1=0.9418  (11.8s)
abl-grid-nodes               K=   4 seed=2  acc=0.8576  macroF1=0.8595  (12.9s)
abl-grid-nodes               K=   4 seed=3  acc=0.9396  macroF1=0.9391  (11.7s)
abl-grid-nodes               K=   8 seed=1  acc=0.9285  macroF1=0.9280  (11.6s)
abl-grid-nodes               K=   8 seed=2  acc=0.9840  macroF1=0.9841  (11.4s)
abl-grid-nodes               K=   8 seed=3  acc=0.9549  macroF1=0.9548  (11.6s)
abl-grid-nodes               K=  16 seed=1  acc=0.9910  macroF1=0.9910  (11.6s)
abl-grid-nodes               K=  16 seed=2  acc=0.9771  macroF1=0.9770  (12.0s)
abl-grid-nodes               K=  16 seed=3  acc=0.9882  macroF1=0.9882  (11.5s)
abl-grid-nodes               K=full seed=1  acc=0.9896  macroF1=0.9896  (15.0s)
abl-grid-nodes               K=full seed=2  acc=0.9861  macroF1=0.9861  (15.3s)
abl-grid-nodes               K=full seed=3  acc=0.9799  macroF1=0.9798  (14.8s)
abl-no-text-nodes            K=   1 seed=1  acc=0.5264  macroF1=0.5209  (9.9s)
abl-no-text-nodes            K=   1 seed=2  acc=0.4667  macroF1=0.4494  (9.9s)
abl-no-text-nodes            K=   1 seed=3  acc=0.4681  macroF1=0.4237  (10.1s)
abl-no-text-nodes            K=   2 seed=1  acc=0.5882  macroF1=0.5786  (10.3s)
abl-no-text-nodes            K=   2 seed=2  acc=0.6278  macroF1=0.6310  (10.2s)
abl-no-text-nodes            K=   2 seed=3  acc=0.7347  macroF1=0.7261  (10.1s)
abl-no-text-nodes            K=   4 seed=1  acc=0.8028  macroF1=0.7938  (10.5s)
abl-no-text-nodes            K=   4 seed=2  acc=0.7917  macroF1=0.7894  (10.7s)
abl-no-text-nodes            K=   4 seed=3  acc=0.7514  macroF1=0.7463  (11.0s)
abl-no-text-nodes            K=   8 seed=1  acc=0.8403  macroF1=0.8341  (10.5s)
abl-no-text-nodes            K=   8 seed=2  acc=0.9229  macroF1=0.9226  (10.3s)
abl-no-text-nodes            K=   8 seed=3  acc=0.8979  macroF1=0.8985  (10.1s)
abl-no-text-nodes            K=  16 seed=1  acc=0.9396  macroF1=0.9383  (10.1s)
abl-no-text-nodes            K=  16 seed=2  acc=0.9319  macroF1=0.9304  (10.7s)
abl-no-text-nodes            K=  16 seed=3  acc=0.9653  macroF1=0.9651  (10.9s)
abl-no-text-nodes            K=full seed=1  acc=0.9708  macroF1=0.9705  (11.2s)
abl-no-text-nodes            K=full seed=2  acc=0.9528  macroF1=0.9523  (11.5s)
abl-no-text-nodes            K=full seed=3  acc=0.9653  macroF1=0.9647  (10.2s)
abl-template-text            K=   1 seed=1  acc=0.5389  macroF1=0.5125  (11.6s)
abl-template-text            K=   1 seed=2  acc=0.3882  macroF1=0.3947  (11.9s)
abl-template-text            K=   1 seed=3  acc=0.4833  macroF1=0.4270  (11.3s)
abl-template-text            K=   2 seed=1  acc=0.7799  macroF1=0.7771  (11.9s)
abl-template-text            K=   2 seed=2  acc=0.7576  macroF1=0.7566  (11.7s)
abl-template-text            K=   2 seed=3  acc=0.7792  macroF1=0.7767  (11.6s)
abl-template-text            K=   4 seed=1  acc=0.8118  macroF1=0.8026  (11.9s)
abl-template-text            K=   4 seed=2  acc=0.8201  macroF1=0.8191  (12.4s)
abl-template-text            K=   4 seed=3  acc=0.7243  macroF1=0.7170  (11.8s)
abl-template-text            K=   8 seed=1  acc=0.9215  macroF1=0.9208  (12.3s)
abl-template-text            K=   8 seed=2  acc=0.9292  macroF1=0.9286  (11.9s)
abl-template-text            K=   8 seed=3  acc=0.9278  macroF1=0.9274  (12.2s)
abl-template-text            K=  16 seed=1  acc=0.9500  macroF1=0.9497  (12.0s)
abl-template-text            K=  16 seed=2  acc=0.9271  macroF1=0.9265  (12.2s)
abl-template-text            K=  16 seed=3  acc=0.9340  macroF1=0.9335  (11.7s)
abl-template-text            K=full seed=1  acc=0.9694  macroF1=0.9693  (12.7s)
abl-template-text            K=full seed=2  acc=0.9639  macroF1=0.9638  (12.9s)
abl-template-text            K=full seed=3  acc=0.9701  macroF1=0.9701  (13.7s)
abl-no-gate                  K=   1 seed=1  acc=0.5208  macroF1=0.4750  (11.3s)
abl-no-gate                  K=   1 seed=2  acc=0.4910  macroF1=0.4746  (11.2s)
abl-no-gate                  K=   1 seed=3  acc=0.4833  macroF1=0.4355  (11.6s)
abl-no-gate                  K=   2 seed=1  acc=0.7264  macroF1=0.7172  (11.0s)
abl-no-gate                  K=   2 seed=2  acc=0.8243  macroF1=0.8213  (11.8s)
abl-no-gate                  K=   2 seed=3  acc=0.7944  macroF1=0.7842  (11.9s)
abl-no-gate                  K=   4 seed=1  acc=0.8236  macroF1=0.8180  (11.3s)
abl-no-gate                  K=   4 seed=2  acc=0.7854  macroF1=0.7834  (13.4s)
abl-no-gate                  K=   4 seed=3  acc=0.7576  macroF1=0.7537  (12.0s)
abl-no-gate                  K=   8 seed=1  acc=0.8792  macroF1=0.8764  (12.4s)
abl-no-gate                  K=   8 seed=2  acc=0.9431  macroF1=0.9427  (11.6s)
abl-no-gate                  K=   8 seed=3  acc=0.9472  macroF1=0.9471  (11.0s)
abl-no-gate                  K=  16 seed=1  acc=0.9625  macroF1=0.9622  (12.5s)
abl-no-gate                  K=  16 seed=2  acc=0.9444  macroF1=0.9437  (12.4s)
abl-no-gate                  K=  16 seed=3  acc=0.9479  macroF1=0.9472  (11.7s)
abl-no-gate                  K=full seed=1  acc=0.9729  macroF1=0.9728  (12.2s)
abl-no-gate                  K=full seed=2  acc=0.9625  macroF1=0.9622  (12.4s)
abl-no-gate                  K=full seed=3  acc=0.9722  macroF1=0.9720  (12.3s)
abl-no-geometry              K=   1 seed=1  acc=0.5903  macroF1=0.5754  (12.0s)
abl-no-geometry              K=   1 seed=2  acc=0.4944  macroF1=0.4768  (13.2s)
abl-no-geometry              K=   1 seed=3  acc=0.5861  macroF1=0.5544  (12.9s)
abl-no-geometry              K=   2 seed=1  acc=0.7528  macroF1=0.7530  (12.0s)
abl-no-geometry              K=   2 seed=2  acc=0.8646  macroF1=0.8618  (11.9s)
abl-no-geometry              K=   2 seed=3  acc=0.7937  macroF1=0.7847  (12.1s)
abl-no-geometry              K=   4 seed=1  acc=0.8549  macroF1=0.8527  (12.4s)
abl-no-geometry              K=   4 seed=2  acc=0.8569  macroF1=0.8556  (12.5s)
abl-no-geometry              K=   4 seed=3  acc=0.8306  macroF1=0.8216  (12.8s)
abl-no-geometry              K=   8 seed=1  acc=0.8979  macroF1=0.8959  (11.6s)
abl-no-geometry              K=   8 seed=2  acc=0.9583  macroF1=0.9581  (11.6s)
abl-no-geometry              K=   8 seed=3  acc=0.9451  macroF1=0.9448  (12.4s)
abl-no-geometry              K=  16 seed=1  acc=0.9681  macroF1=0.9680  (11.3s)
abl-no-geometry              K=  16 seed=2  acc=0.9451  macroF1=0.9445  (11.6s)
abl-no-geometry              K=  16 seed=3  acc=0.9389  macroF1=0.9381  (12.0s)
abl-no-geometry              K=full seed=1  acc=0.9743  macroF1=0.9742  (12.4s)
abl-no-geometry              K=full seed=2  acc=0.9681  macroF1=0.9678  (12.3s)
abl-no-geometry              K=full seed=3  acc=0.9646  macroF1=0.9643  (12.3s)
abl-M0-object-only           K=   1 seed=1  acc=0.7389  macroF1=0.7256  (11.6s)
abl-M0-object-only           K=   1 seed=2  acc=0.5569  macroF1=0.5358  (12.1s)
abl-M0-object-only           K=   1 seed=3  acc=0.6500  macroF1=0.6325  (12.1s)
abl-M0-object-only           K=   2 seed=1  acc=0.8264  macroF1=0.8272  (12.1s)
abl-M0-object-only           K=   2 seed=2  acc=0.8319  macroF1=0.8309  (11.5s)
abl-M0-object-only           K=   2 seed=3  acc=0.7549  macroF1=0.7474  (12.1s)
abl-M0-object-only           K=   4 seed=1  acc=0.9021  macroF1=0.8999  (12.0s)
abl-M0-object-only           K=   4 seed=2  acc=0.9000  macroF1=0.8986  (11.8s)
abl-M0-object-only           K=   4 seed=3  acc=0.8438  macroF1=0.8348  (11.9s)
abl-M0-object-only           K=   8 seed=1  acc=0.8847  macroF1=0.8823  (12.4s)
abl-M0-object-only           K=   8 seed=2  acc=0.9618  macroF1=0.9617  (12.2s)
abl-M0-object-only           K=   8 seed=3  acc=0.9597  macroF1=0.9597  (12.0s)
abl-M0-object-only           K=  16 seed=1  acc=0.9625  macroF1=0.9621  (12.2s)
abl-M0-object-only           K=  16 seed=2  acc=0.9458  macroF1=0.9454  (12.6s)
abl-M0-object-only           K=  16 seed=3  acc=0.9611  macroF1=0.9609  (12.4s)
abl-M0-object-only           K=full seed=1  acc=0.9722  macroF1=0.9722  (12.3s)
abl-M0-object-only           K=full seed=2  acc=0.9792  macroF1=0.9791  (12.0s)
abl-M0-object-only           K=full seed=3  acc=0.9792  macroF1=0.9791  (11.9s)
abl-instances-only           K=   1 seed=1  acc=0.6882  macroF1=0.6733  (11.7s)
abl-instances-only           K=   1 seed=2  acc=0.6208  macroF1=0.6043  (12.3s)
abl-instances-only           K=   1 seed=3  acc=0.7028  macroF1=0.6611  (11.9s)
abl-instances-only           K=   2 seed=1  acc=0.8451  macroF1=0.8427  (11.6s)
abl-instances-only           K=   2 seed=2  acc=0.8299  macroF1=0.8283  (12.1s)
abl-instances-only           K=   2 seed=3  acc=0.7840  macroF1=0.7751  (12.3s)
abl-instances-only           K=   4 seed=1  acc=0.9035  macroF1=0.9024  (12.2s)
abl-instances-only           K=   4 seed=2  acc=0.8938  macroF1=0.8927  (13.0s)
abl-instances-only           K=   4 seed=3  acc=0.8681  macroF1=0.8596  (12.5s)
abl-instances-only           K=   8 seed=1  acc=0.8833  macroF1=0.8811  (12.6s)
abl-instances-only           K=   8 seed=2  acc=0.9514  macroF1=0.9511  (12.2s)
abl-instances-only           K=   8 seed=3  acc=0.9417  macroF1=0.9415  (11.5s)
abl-instances-only           K=  16 seed=1  acc=0.9611  macroF1=0.9608  (12.4s)
abl-instances-only           K=  16 seed=2  acc=0.9479  macroF1=0.9474  (14.5s)
abl-instances-only           K=  16 seed=3  acc=0.9639  macroF1=0.9638  (12.3s)
abl-instances-only           K=full seed=1  acc=0.9875  macroF1=0.9875  (12.9s)
abl-instances-only           K=full seed=2  acc=0.9639  macroF1=0.9637  (12.8s)
abl-instances-only           K=full seed=3  acc=0.9688  macroF1=0.9685  (12.6s)
abl-spots-only               K=   1 seed=1  acc=0.5257  macroF1=0.4917  (11.5s)
abl-spots-only               K=   1 seed=2  acc=0.4833  macroF1=0.4675  (11.7s)
abl-spots-only               K=   1 seed=3  acc=0.5181  macroF1=0.4563  (12.2s)
abl-spots-only               K=   2 seed=1  acc=0.7347  macroF1=0.7308  (11.4s)
abl-spots-only               K=   2 seed=2  acc=0.8111  macroF1=0.8122  (11.3s)
abl-spots-only               K=   2 seed=3  acc=0.8250  macroF1=0.8201  (11.4s)
abl-spots-only               K=   4 seed=1  acc=0.8535  macroF1=0.8494  (11.7s)
abl-spots-only               K=   4 seed=2  acc=0.7979  macroF1=0.7939  (12.3s)
abl-spots-only               K=   4 seed=3  acc=0.7931  macroF1=0.7918  (11.8s)
abl-spots-only               K=   8 seed=1  acc=0.9153  macroF1=0.9141  (11.7s)
abl-spots-only               K=   8 seed=2  acc=0.9424  macroF1=0.9419  (11.5s)
abl-spots-only               K=   8 seed=3  acc=0.9444  macroF1=0.9446  (11.8s)
abl-spots-only               K=  16 seed=1  acc=0.9750  macroF1=0.9749  (12.1s)
abl-spots-only               K=  16 seed=2  acc=0.9465  macroF1=0.9458  (11.8s)
abl-spots-only               K=  16 seed=3  acc=0.9507  macroF1=0.9504  (11.8s)
abl-spots-only               K=full seed=1  acc=0.9833  macroF1=0.9832  (12.6s)
abl-spots-only               K=full seed=2  acc=0.9778  macroF1=0.9776  (14.2s)
abl-spots-only               K=full seed=3  acc=0.9729  macroF1=0.9729  (13.8s)
abl-train-only-graph         K=   1 seed=1  acc=0.7639  macroF1=0.7108  (11.5s)
abl-train-only-graph         K=   1 seed=2  acc=0.7063  macroF1=0.6761  (11.9s)
abl-train-only-graph         K=   1 seed=3  acc=0.7167  macroF1=0.7037  (13.8s)
abl-train-only-graph         K=   2 seed=1  acc=0.8639  macroF1=0.8546  (13.6s)
abl-train-only-graph         K=   2 seed=2  acc=0.9104  macroF1=0.9105  (12.3s)
abl-train-only-graph         K=   2 seed=3  acc=0.8521  macroF1=0.8455  (12.6s)
abl-train-only-graph         K=   4 seed=1  acc=0.9292  macroF1=0.9279  (13.3s)
abl-train-only-graph         K=   4 seed=2  acc=0.9250  macroF1=0.9243  (13.0s)
abl-train-only-graph         K=   4 seed=3  acc=0.9333  macroF1=0.9321  (12.8s)
abl-train-only-graph         K=   8 seed=1  acc=0.9500  macroF1=0.9497  (12.1s)
abl-train-only-graph         K=   8 seed=2  acc=0.9639  macroF1=0.9634  (13.1s)
abl-train-only-graph         K=   8 seed=3  acc=0.9597  macroF1=0.9598  (12.9s)
abl-train-only-graph         K=  16 seed=1  acc=0.9840  macroF1=0.9840  (12.7s)
abl-train-only-graph         K=  16 seed=2  acc=0.9861  macroF1=0.9861  (13.2s)
abl-train-only-graph         K=  16 seed=3  acc=0.9812  macroF1=0.9812  (12.8s)
abl-train-only-graph         K=full seed=1  acc=0.9931  macroF1=0.9930  (12.9s)
abl-train-only-graph         K=full seed=2  acc=0.9931  macroF1=0.9930  (12.9s)
abl-train-only-graph         K=full seed=3  acc=0.9917  macroF1=0.9917  (12.6s)
                              acc         macro_f1        
                             mean     std     mean     std
method               K                                    
PRGA-full            1     0.4921  0.0287   0.4572  0.0512
                     16    0.9523  0.0124   0.9518  0.0128
                     2     0.7826  0.0349   0.7785  0.0356
                     4     0.8157  0.0378   0.8124  0.0369
                     8     0.9273  0.0219   0.9264  0.0226
                     full  0.9762  0.0031   0.9761  0.0031
abl-M0-object-only   1     0.6486  0.0910   0.6313  0.0949
                     16    0.9565  0.0092   0.9561  0.0093
                     2     0.8044  0.0430   0.8018  0.0472
                     4     0.8819  0.0331   0.8778  0.0372
                     8     0.9354  0.0439   0.9345  0.0453
                     full  0.9769  0.0040   0.9768  0.0040
abl-grid-nodes       1     0.6562  0.1350   0.6356  0.1485
                     16    0.9854  0.0073   0.9854  0.0074
                     2     0.7678  0.0171   0.7643  0.0164
                     4     0.9132  0.0481   0.9135  0.0468
                     8     0.9558  0.0278   0.9556  0.0281
                     full  0.9852  0.0049   0.9851  0.0049
abl-instances-only   1     0.6706  0.0437   0.6462  0.0368
                     16    0.9576  0.0085   0.9573  0.0087
                     2     0.8197  0.0318   0.8154  0.0356
                     4     0.8884  0.0183   0.8849  0.0224
                     8     0.9255  0.0368   0.9246  0.0379
                     full  0.9734  0.0125   0.9732  0.0126
abl-no-gate          1     0.4984  0.0198   0.4617  0.0227
                     16    0.9516  0.0096   0.9511  0.0098
                     2     0.7817  0.0502   0.7742  0.0528
                     4     0.7889  0.0331   0.7850  0.0322
                     8     0.9231  0.0381   0.9220  0.0396
                     full  0.9692  0.0058   0.9690  0.0059
abl-no-geometry      1     0.5569  0.0542   0.5355  0.0520
                     16    0.9507  0.0154   0.9502  0.0157
                     2     0.8037  0.0566   0.7998  0.0560
                     4     0.8475  0.0147   0.8433  0.0188
                     8     0.9338  0.0318   0.9330  0.0328
                     full  0.9690  0.0049   0.9687  0.0050
abl-no-text-nodes    1     0.4870  0.0341   0.4647  0.0504
                     16    0.9456  0.0175   0.9446  0.0182
                     2     0.6502  0.0758   0.6452  0.0748
                     4     0.7819  0.0270   0.7765  0.0262
                     8     0.8870  0.0424   0.8851  0.0458
                     full  0.9630  0.0092   0.9625  0.0093
abl-spots-only       1     0.5090  0.0226   0.4719  0.0181
                     16    0.9574  0.0154   0.9571  0.0156
                     2     0.7903  0.0486   0.7877  0.0495
                     4     0.8148  0.0336   0.8117  0.0327
                     8     0.9340  0.0163   0.9335  0.0169
                     full  0.9780  0.0052   0.9779  0.0052
abl-template-text    1     0.4701  0.0762   0.4447  0.0609
                     16    0.9370  0.0118   0.9366  0.0119
                     2     0.7722  0.0126   0.7701  0.0117
                     4     0.7854  0.0531   0.7796  0.0548
                     8     0.9262  0.0041   0.9256  0.0042
                     full  0.9678  0.0034   0.9677  0.0034
abl-train-only-graph 1     0.7289  0.0307   0.6969  0.0184
                     16    0.9838  0.0024   0.9837  0.0024
                     2     0.8755  0.0308   0.8702  0.0352
                     4     0.9292  0.0042   0.9281  0.0039
                     8     0.9579  0.0071   0.9576  0.0071
                     full  0.9926  0.0008   0.9926  0.0008
steel K=4 calibration: {'tau': 0.31663504242897034, 'bias': [0.0726003497838974, 0.859197735786438, -0.7287074327468872, 0.36670324206352234, -0.3808262348175049, -0.18885000050067902], 'unsure_below': 0.5, 'test_macro_f1_raw': 0.9641, 'test_macro_f1_calibrated': 0.9805, 'test_ece_raw': 0.0341, 'test_ece_calibrated': 0.012, 'test_share_sure': 0.9979, 'test_acc_when_sure': 0.9812, 'tau_only': {'tau': 0.4335147738456726, 'unsure_below': 0.5, 'test_macro_f1': 0.9641, 'test_ece': 0.0156}, 'familiar_below': 0.6357681155204773, 'test_share_familiar': 0.9625}
steel K=4: 24 support photos, test macro-F1 0.9805
steel K=full calibration: {'tau': 1.0, 'bias': [0.0, 0.0, 0.0, 0.0, 0.0, 0.0], 'unsure_below': 0.5, 'test_macro_f1_raw': 0.9924, 'test_macro_f1_calibrated': 0.9924, 'test_ece_raw': 0.1052, 'test_ece_calibrated': 0.1052, 'test_share_sure': 0.984, 'test_acc_when_sure': 0.9951, 'tau_only': {'tau': 1.0, 'unsure_below': 0.5, 'test_macro_f1': 0.9924, 'test_ece': 0.1052}, 'familiar_below': 0.8175262212753296, 'test_share_familiar': 0.8833}
steel K=full: 287 support photos, test macro-F1 0.9924
