PRGA                   as-is      K=   1 s=1 epochs=  60 best=  -1  macroF1=0.7821  (15s)
PRGA + DINOv2 cache    as-is      K=   1 s=1 epochs=  60 best=  -1  macroF1=0.8089  (15s)
PRGA                   as-is      K=   1 s=2 epochs=  60 best=  -1  macroF1=0.7558  (12s)
PRGA + DINOv2 cache    as-is      K=   1 s=2 epochs=  60 best=  -1  macroF1=0.7940  (12s)
PRGA                   as-is      K=   1 s=3 epochs=  60 best=  -1  macroF1=0.8266  (12s)
PRGA + DINOv2 cache    as-is      K=   1 s=3 epochs=  60 best=  -1  macroF1=0.8864  (12s)
PRGA                   as-is      K=   2 s=1 epochs=  60 best=  -1  macroF1=0.9219  (12s)
PRGA + DINOv2 cache    as-is      K=   2 s=1 epochs=  60 best=  -1  macroF1=0.9317  (12s)
PRGA                   as-is      K=   2 s=2 epochs=  60 best=  -1  macroF1=0.9165  (12s)
PRGA + DINOv2 cache    as-is      K=   2 s=2 epochs=  60 best=  -1  macroF1=0.9450  (12s)
PRGA                   as-is      K=   2 s=3 epochs=  60 best=  -1  macroF1=0.8840  (12s)
PRGA + DINOv2 cache    as-is      K=   2 s=3 epochs=  60 best=  -1  macroF1=0.9466  (12s)
PRGA                   as-is      K=   4 s=1 epochs=  60 best=  -1  macroF1=0.9220  (12s)
PRGA + DINOv2 cache    as-is      K=   4 s=1 epochs=  60 best=  -1  macroF1=0.9698  (12s)
PRGA                   as-is      K=   4 s=2 epochs=  60 best=  -1  macroF1=0.9611  (12s)
PRGA + DINOv2 cache    as-is      K=   4 s=2 epochs=  60 best=  -1  macroF1=0.9729  (12s)
PRGA                   as-is      K=   4 s=3 epochs=  60 best=  -1  macroF1=0.9429  (12s)
PRGA + DINOv2 cache    as-is      K=   4 s=3 epochs=  60 best=  -1  macroF1=0.9634  (12s)
PRGA                   as-is      K=   8 s=1 epochs=  60 best=  -1  macroF1=0.9854  (12s)
PRGA + DINOv2 cache    as-is      K=   8 s=1 epochs=  60 best=  -1  macroF1=0.9889  (12s)
PRGA                   as-is      K=   8 s=2 epochs=  60 best=  -1  macroF1=0.9910  (12s)
PRGA + DINOv2 cache    as-is      K=   8 s=2 epochs=  60 best=  -1  macroF1=0.9958  (12s)
PRGA                   as-is      K=   8 s=3 epochs=  60 best=  -1  macroF1=0.9765  (12s)
PRGA + DINOv2 cache    as-is      K=   8 s=3 epochs=  60 best=  -1  macroF1=0.9806  (12s)
PRGA                   as-is      K=  16 s=1 epochs=  60 best=  -1  macroF1=0.9944  (11s)
PRGA + DINOv2 cache    as-is      K=  16 s=1 epochs=  60 best=  -1  macroF1=0.9944  (11s)
PRGA                   as-is      K=  16 s=2 epochs=  60 best=  -1  macroF1=0.9930  (12s)
PRGA + DINOv2 cache    as-is      K=  16 s=2 epochs=  60 best=  -1  macroF1=0.9937  (12s)
PRGA                   as-is      K=  16 s=3 epochs=  60 best=  -1  macroF1=0.9868  (12s)
PRGA + DINOv2 cache    as-is      K=  16 s=3 epochs=  60 best=  -1  macroF1=0.9958  (12s)
PRGA                   as-is      K=full s=1 epochs=  60 best=  -1  macroF1=0.9958  (13s)
PRGA + DINOv2 cache    as-is      K=full s=1 epochs=  60 best=  -1  macroF1=0.9958  (13s)
PRGA                   as-is      K=full s=2 epochs=  60 best=  -1  macroF1=0.9951  (12s)
PRGA + DINOv2 cache    as-is      K=full s=2 epochs=  60 best=  -1  macroF1=0.9979  (12s)
PRGA                   as-is      K=full s=3 epochs=  60 best=  -1  macroF1=0.9944  (14s)
PRGA + DINOv2 cache    as-is      K=full s=3 epochs=  60 best=  -1  macroF1=0.9944  (14s)
Tip-Adapter-F          best-epoch K=   1 s=1 epochs=  40 best=  36  macroF1=0.7047  (9s)
Tip-Adapter-F          best-epoch K=   1 s=2 epochs=  40 best=   8  macroF1=0.5993  (10s)
Tip-Adapter-F          best-epoch K=   1 s=3 epochs=  40 best=  12  macroF1=0.8266  (10s)
Tip-Adapter-F          best-epoch K=   2 s=1 epochs=  40 best=   8  macroF1=0.9113  (10s)
Tip-Adapter-F          best-epoch K=   2 s=2 epochs=  40 best=  36  macroF1=0.9094  (6s)
Tip-Adapter-F          best-epoch K=   2 s=3 epochs=  40 best=   4  macroF1=0.8608  (6s)
Tip-Adapter-F          best-epoch K=   4 s=1 epochs=  40 best=  28  macroF1=0.8913  (10s)
Tip-Adapter-F          best-epoch K=   4 s=2 epochs=  40 best=  24  macroF1=0.9422  (10s)
Tip-Adapter-F          best-epoch K=   4 s=3 epochs=  40 best=  12  macroF1=0.9393  (10s)
Tip-Adapter-F          best-epoch K=   8 s=1 epochs=  40 best=  20  macroF1=0.9574  (10s)
Tip-Adapter-F          best-epoch K=   8 s=2 epochs=  40 best=   8  macroF1=0.9714  (10s)
Tip-Adapter-F          best-epoch K=   8 s=3 epochs=  40 best=   8  macroF1=0.9489  (8s)
Tip-Adapter-F          best-epoch K=  16 s=1 epochs=  40 best=  12  macroF1=0.9861  (9s)
Tip-Adapter-F          best-epoch K=  16 s=2 epochs=  40 best=  16  macroF1=0.9784  (11s)
Tip-Adapter-F          best-epoch K=  16 s=3 epochs=  40 best=   4  macroF1=0.9723  (13s)
Tip-Adapter-F          best-epoch K=full s=1 epochs=  40 best=   8  macroF1=0.9805  (10s)
Tip-Adapter-F          best-epoch K=full s=2 epochs=  40 best=   4  macroF1=0.9631  (9s)
Tip-Adapter-F          best-epoch K=full s=3 epochs=  40 best=   8  macroF1=0.9610  (6s)
PlantCaFo-style cache  best-epoch K=   1 s=1 epochs=  40 best=  32  macroF1=0.7649  (34s)
PlantCaFo-style cache  best-epoch K=   1 s=2 epochs=  40 best=  28  macroF1=0.7381  (37s)
PlantCaFo-style cache  best-epoch K=   1 s=3 epochs=  40 best=  28  macroF1=0.8437  (38s)
PlantCaFo-style cache  best-epoch K=   2 s=1 epochs=  40 best=  24  macroF1=0.9207  (37s)
PlantCaFo-style cache  best-epoch K=   2 s=2 epochs=  40 best=  24  macroF1=0.9553  (27s)
PlantCaFo-style cache  best-epoch K=   2 s=3 epochs=  40 best=  12  macroF1=0.9365  (25s)
PlantCaFo-style cache  best-epoch K=   4 s=1 epochs=  40 best=   4  macroF1=0.9645  (37s)
PlantCaFo-style cache  best-epoch K=   4 s=2 epochs=  40 best=   8  macroF1=0.9539  (37s)
PlantCaFo-style cache  best-epoch K=   4 s=3 epochs=  40 best=   8  macroF1=0.9573  (30s)
PlantCaFo-style cache  best-epoch K=   8 s=1 epochs=  40 best=   8  macroF1=0.9622  (27s)
PlantCaFo-style cache  best-epoch K=   8 s=2 epochs=  40 best=  16  macroF1=0.9875  (36s)
PlantCaFo-style cache  best-epoch K=   8 s=3 epochs=  40 best=   8  macroF1=0.9520  (22s)
PlantCaFo-style cache  best-epoch K=  16 s=1 epochs=  40 best=  12  macroF1=0.9903  (49s)
PlantCaFo-style cache  best-epoch K=  16 s=2 epochs=  40 best=  20  macroF1=0.9826  (41s)
PlantCaFo-style cache  best-epoch K=  16 s=3 epochs=  40 best=   8  macroF1=0.9854  (48s)
PlantCaFo-style cache  best-epoch K=full s=1 epochs=  40 best=   8  macroF1=0.9875  (38s)
PlantCaFo-style cache  best-epoch K=full s=2 epochs=  40 best=   4  macroF1=0.9612  (37s)
PlantCaFo-style cache  best-epoch K=full s=3 epochs=  40 best=   8  macroF1=0.9910  (28s)
CLIP-Adapter           best-epoch K=   1 s=1 epochs= 100 best=  60  macroF1=0.7399  (1s)
CLIP-Adapter           best-epoch K=   1 s=2 epochs= 100 best=  90  macroF1=0.7012  (1s)
CLIP-Adapter           best-epoch K=   1 s=3 epochs= 100 best=  40  macroF1=0.8049  (0s)
CLIP-Adapter           best-epoch K=   2 s=1 epochs= 100 best=  60  macroF1=0.9027  (0s)
CLIP-Adapter           best-epoch K=   2 s=2 epochs= 100 best=  60  macroF1=0.9215  (0s)
CLIP-Adapter           best-epoch K=   2 s=3 epochs= 100 best=  20  macroF1=0.8351  (0s)
CLIP-Adapter           best-epoch K=   4 s=1 epochs= 100 best=  40  macroF1=0.9109  (0s)
CLIP-Adapter           best-epoch K=   4 s=2 epochs= 100 best=  60  macroF1=0.9398  (0s)
CLIP-Adapter           best-epoch K=   4 s=3 epochs= 100 best=  60  macroF1=0.9319  (0s)
CLIP-Adapter           best-epoch K=   8 s=1 epochs= 100 best=  80  macroF1=0.9586  (1s)
CLIP-Adapter           best-epoch K=   8 s=2 epochs= 100 best=  40  macroF1=0.9826  (1s)
CLIP-Adapter           best-epoch K=   8 s=3 epochs= 100 best=  40  macroF1=0.9412  (1s)
CLIP-Adapter           best-epoch K=  16 s=1 epochs= 100 best=  30  macroF1=0.9867  (1s)
CLIP-Adapter           best-epoch K=  16 s=2 epochs= 100 best=  60  macroF1=0.9826  (2s)
CLIP-Adapter           best-epoch K=  16 s=3 epochs= 100 best=  20  macroF1=0.9757  (2s)
CLIP-Adapter           best-epoch K=full s=1 epochs= 100 best=  30  macroF1=0.9930  (5s)
CLIP-Adapter           best-epoch K=full s=2 epochs= 100 best=  10  macroF1=0.9854  (4s)
CLIP-Adapter           best-epoch K=full s=3 epochs= 100 best=  20  macroF1=0.9910  (4s)
TaskRes                best-epoch K=   1 s=1 epochs= 100 best=  10  macroF1=0.7318  (0s)
TaskRes                best-epoch K=   1 s=2 epochs= 100 best=  20  macroF1=0.6696  (0s)
TaskRes                best-epoch K=   1 s=3 epochs= 100 best=  20  macroF1=0.7845  (0s)
TaskRes                best-epoch K=   2 s=1 epochs= 100 best=  60  macroF1=0.9085  (0s)
TaskRes                best-epoch K=   2 s=2 epochs= 100 best=  70  macroF1=0.9192  (0s)
TaskRes                best-epoch K=   2 s=3 epochs= 100 best=  50  macroF1=0.8684  (0s)
TaskRes                best-epoch K=   4 s=1 epochs= 100 best=  50  macroF1=0.9071  (0s)
TaskRes                best-epoch K=   4 s=2 epochs= 100 best=  50  macroF1=0.9505  (0s)
TaskRes                best-epoch K=   4 s=3 epochs= 100 best=  60  macroF1=0.9468  (0s)
TaskRes                best-epoch K=   8 s=1 epochs= 100 best=  60  macroF1=0.9600  (1s)
TaskRes                best-epoch K=   8 s=2 epochs= 100 best=  50  macroF1=0.9777  (1s)
TaskRes                best-epoch K=   8 s=3 epochs= 100 best=  20  macroF1=0.9523  (1s)
TaskRes                best-epoch K=  16 s=1 epochs= 100 best=  20  macroF1=0.9840  (1s)
TaskRes                best-epoch K=  16 s=2 epochs= 100 best=  30  macroF1=0.9826  (1s)
TaskRes                best-epoch K=  16 s=3 epochs= 100 best=  30  macroF1=0.9820  (1s)
TaskRes                best-epoch K=full s=1 epochs= 100 best=  20  macroF1=0.9896  (3s)
TaskRes                best-epoch K=full s=2 epochs= 100 best=  10  macroF1=0.9896  (3s)
TaskRes                best-epoch K=full s=3 epochs= 100 best=  10  macroF1=0.9917  (3s)
CLAP                   best-epoch K=   1 s=1 epochs= 600 best= 540  macroF1=0.7399  (2s)
CLAP                   best-epoch K=   1 s=2 epochs= 600 best= 540  macroF1=0.6304  (2s)
CLAP                   best-epoch K=   1 s=3 epochs= 600 best= 540  macroF1=0.7898  (2s)
CLAP                   best-epoch K=   2 s=1 epochs= 600 best= 420  macroF1=0.9150  (2s)
CLAP                   best-epoch K=   2 s=2 epochs= 600 best= 240  macroF1=0.9069  (2s)
CLAP                   best-epoch K=   2 s=3 epochs= 600 best= 360  macroF1=0.8591  (2s)
CLAP                   best-epoch K=   4 s=1 epochs= 600 best= 420  macroF1=0.9088  (2s)
CLAP                   best-epoch K=   4 s=2 epochs= 600 best= 360  macroF1=0.9596  (2s)
CLAP                   best-epoch K=   4 s=3 epochs= 600 best= 420  macroF1=0.9421  (2s)
CLAP                   best-epoch K=   8 s=1 epochs= 600 best= 480  macroF1=0.9665  (4s)
CLAP                   best-epoch K=   8 s=2 epochs= 600 best= 480  macroF1=0.9833  (4s)
CLAP                   best-epoch K=   8 s=3 epochs= 600 best= 540  macroF1=0.9572  (4s)
CLAP                   best-epoch K=  16 s=1 epochs= 600 best= 540  macroF1=0.9910  (7s)
CLAP                   best-epoch K=  16 s=2 epochs= 600 best=  60  macroF1=0.9756  (7s)
CLAP                   best-epoch K=  16 s=3 epochs= 600 best=  60  macroF1=0.9778  (7s)
CLAP                   best-epoch K=full s=1 epochs= 600 best= 540  macroF1=0.9951  (20s)
CLAP                   best-epoch K=full s=2 epochs= 600 best= 180  macroF1=0.9835  (21s)
CLAP                   best-epoch K=full s=3 epochs= 600 best= 540  macroF1=0.9958  (21s)
GraphAdapter           best-epoch K=   1 s=1 epochs= 100 best=  80  macroF1=0.2604  (1s)
GraphAdapter           best-epoch K=   1 s=2 epochs= 100 best=  60  macroF1=0.2622  (1s)
GraphAdapter           best-epoch K=   1 s=3 epochs= 100 best=  80  macroF1=0.2678  (1s)
GraphAdapter           best-epoch K=   2 s=1 epochs= 100 best=  80  macroF1=0.2707  (1s)
GraphAdapter           best-epoch K=   2 s=2 epochs= 100 best=  30  macroF1=0.3121  (1s)
GraphAdapter           best-epoch K=   2 s=3 epochs= 100 best=  20  macroF1=0.2501  (1s)
GraphAdapter           best-epoch K=   4 s=1 epochs= 100 best=  40  macroF1=0.3239  (1s)
GraphAdapter           best-epoch K=   4 s=2 epochs= 100 best=  50  macroF1=0.3857  (1s)
GraphAdapter           best-epoch K=   4 s=3 epochs= 100 best=  50  macroF1=0.3305  (1s)
GraphAdapter           best-epoch K=   8 s=1 epochs= 100 best=  80  macroF1=0.8160  (1s)
GraphAdapter           best-epoch K=   8 s=2 epochs= 100 best=  90  macroF1=0.7806  (1s)
GraphAdapter           best-epoch K=   8 s=3 epochs= 100 best= 100  macroF1=0.6875  (1s)
GraphAdapter           best-epoch K=  16 s=1 epochs= 100 best= 100  macroF1=0.9657  (2s)
GraphAdapter           best-epoch K=  16 s=2 epochs= 100 best=  80  macroF1=0.9414  (2s)
GraphAdapter           best-epoch K=  16 s=3 epochs= 100 best=  90  macroF1=0.9721  (2s)
GraphAdapter           best-epoch K=full s=1 epochs= 100 best=  90  macroF1=0.9736  (5s)
GraphAdapter           best-epoch K=full s=2 epochs= 100 best=  50  macroF1=0.9609  (5s)
GraphAdapter           best-epoch K=full s=3 epochs= 100 best=  90  macroF1=0.9812  (5s)
K                                                        1              2              4              8             16           full
method                           variant                                                                                             
CLAP                             best-epoch  0.720 ± 0.082  0.894 ± 0.030  0.937 ± 0.026  0.969 ± 0.013  0.981 ± 0.008  0.991 ± 0.007
CLAP [clip_l14]                  best-epoch  0.709 ± 0.058  0.856 ± 0.071  0.919 ± 0.016  0.959 ± 0.014  0.978 ± 0.003  0.992 ± 0.001
CLIP-Adapter                     best-epoch  0.749 ± 0.052  0.886 ± 0.045  0.928 ± 0.015  0.961 ± 0.021  0.982 ± 0.006  0.990 ± 0.004
CLIP-Adapter [clip_l14]          best-epoch  0.679 ± 0.048  0.892 ± 0.041  0.919 ± 0.008  0.955 ± 0.027  0.981 ± 0.002  0.993 ± 0.002
GraphAdapter                     best-epoch  0.263 ± 0.004  0.278 ± 0.032  0.347 ± 0.034  0.761 ± 0.066  0.960 ± 0.016  0.972 ± 0.010
GraphAdapter [clip_l14]          best-epoch  0.682 ± 0.100  0.757 ± 0.039  0.805 ± 0.039  0.910 ± 0.053  0.955 ± 0.008  0.975 ± 0.007
PRGA                             as-is       0.788 ± 0.036  0.907 ± 0.020  0.942 ± 0.020  0.984 ± 0.007  0.991 ± 0.004  0.995 ± 0.001
PRGA + DINOv2 cache              as-is       0.830 ± 0.050  0.941 ± 0.008  0.969 ± 0.005  0.988 ± 0.008  0.995 ± 0.001  0.996 ± 0.002
PRGA + DINOv2 cache [clip_l14]   as-is       0.834 ± 0.055  0.945 ± 0.011  0.962 ± 0.004  0.982 ± 0.012  0.991 ± 0.003  0.993 ± 0.001
PRGA [clip_l14]                  as-is       0.697 ± 0.020  0.879 ± 0.030  0.927 ± 0.001  0.955 ± 0.005  0.985 ± 0.003  0.992 ± 0.001
PlantCaFo-style cache            best-epoch  0.782 ± 0.055  0.938 ± 0.017  0.959 ± 0.005  0.967 ± 0.018  0.986 ± 0.004  0.980 ± 0.016
PlantCaFo-style cache [clip_l14] best-epoch  0.798 ± 0.018  0.938 ± 0.013  0.955 ± 0.006  0.975 ± 0.008  0.985 ± 0.004  0.983 ± 0.003
TaskRes                          best-epoch  0.729 ± 0.058  0.899 ± 0.027  0.935 ± 0.024  0.963 ± 0.013  0.983 ± 0.001  0.990 ± 0.001
TaskRes [clip_l14]               best-epoch  0.701 ± 0.041  0.885 ± 0.035  0.922 ± 0.007  0.954 ± 0.022  0.979 ± 0.006  0.994 ± 0.001
Tip-Adapter-F                    best-epoch  0.710 ± 0.114  0.894 ± 0.029  0.924 ± 0.029  0.959 ± 0.011  0.979 ± 0.007  0.968 ± 0.011
Tip-Adapter-F [clip_l14]         best-epoch  0.682 ± 0.054  0.881 ± 0.048  0.927 ± 0.015  0.953 ± 0.019  0.974 ± 0.004  0.983 ± 0.003
ZeroShot-clip                K=   1 seed=1  acc=0.1785  macroF1=0.1618  (0.0s)
LinearProbe-clip             K=   1 seed=1  acc=0.7465  macroF1=0.7392  (0.6s)
LinearProbe-clip             K=   1 seed=2  acc=0.6750  macroF1=0.6142  (0.7s)
LinearProbe-clip             K=   1 seed=3  acc=0.7931  macroF1=0.7830  (0.6s)
LinearProbe-clip             K=   2 seed=1  acc=0.9035  macroF1=0.9017  (0.6s)
LinearProbe-clip             K=   2 seed=2  acc=0.9076  macroF1=0.9059  (1.0s)
LinearProbe-clip             K=   2 seed=3  acc=0.8444  macroF1=0.8479  (0.5s)
LinearProbe-clip             K=   4 seed=1  acc=0.9125  macroF1=0.9128  (1.0s)
LinearProbe-clip             K=   4 seed=2  acc=0.9521  macroF1=0.9519  (1.0s)
LinearProbe-clip             K=   4 seed=3  acc=0.9417  macroF1=0.9413  (1.1s)
LinearProbe-clip             K=   8 seed=1  acc=0.9590  macroF1=0.9588  (5.3s)
LinearProbe-clip             K=   8 seed=2  acc=0.9806  macroF1=0.9805  (5.4s)
LinearProbe-clip             K=   8 seed=3  acc=0.9514  macroF1=0.9518  (4.9s)
LinearProbe-clip             K=  16 seed=1  acc=0.9868  macroF1=0.9868  (8.2s)
LinearProbe-clip             K=  16 seed=2  acc=0.9799  macroF1=0.9798  (8.3s)
LinearProbe-clip             K=  16 seed=3  acc=0.9840  macroF1=0.9840  (8.1s)
LinearProbe-clip             K=full seed=1  acc=0.9903  macroF1=0.9903  (18.2s)
LinearProbe-clip             K=full seed=2  acc=0.9868  macroF1=0.9868  (18.9s)
LinearProbe-clip             K=full seed=3  acc=0.9868  macroF1=0.9868  (18.0s)
zero-shot CLIP, 'a photo of a [CLASS]': macroF1=0.0645
BasePaperExact             K=   1 s=1 L=1 ep= 0 a=64 b=9 val=0.713 test macroF1=0.7257
BasePaperExact-bal         K=   1 s=1 L=1 ep= 0 a=64 b=9 val=0.713 test macroF1=0.7257
BasePaperExact-desc        K=   1 s=1 L=1 ep= 2 a=96 b=9 val=0.716 test macroF1=0.7121
BasePaperExact-A1          K=   1 s=1 L=1 ep= 0 a=64 b=9 val=0.713 test macroF1=0.7257
BasePaperExact-A2          K=   1 s=1 L=1 ep= 0 a=64 b=9 val=0.713 test macroF1=0.7257
BasePaperExact-noEdges     K=   1 s=1 L=1 ep= 0 a=64 b=9 val=0.713 test macroF1=0.7257
BasePaperExact-aggFig1     K=   1 s=1 L=1 ep= 0 a=64 b=9 val=0.713 test macroF1=0.7257
BasePaperExact-legacyWin   K=   1 s=1 L=1 ep= 0 a=64 b=9 val=0.713 test macroF1=0.7257
BasePaperExact-rhoLastId   K=   1 s=1 L=1 ep= 0 a=64 b=9 val=0.713 test macroF1=0.7257
BasePaperExact-noGraph     K=   1 s=1 L=1 ep= 9 a=8 b=9 val=0.586 test macroF1=0.6132
--- K=1 seed=1 done in 44s
BasePaperExact             K=   1 s=2 L=1 ep= 0 a=64 b=7 val=0.636 test macroF1=0.6373
BasePaperExact-bal         K=   1 s=2 L=1 ep= 0 a=64 b=7 val=0.636 test macroF1=0.6373
BasePaperExact-desc        K=   1 s=2 L=1 ep=11 a=48 b=2 val=0.621 test macroF1=0.6041
BasePaperExact-A1          K=   1 s=2 L=1 ep= 0 a=64 b=7 val=0.636 test macroF1=0.6373
BasePaperExact-A2          K=   1 s=2 L=1 ep= 0 a=64 b=7 val=0.636 test macroF1=0.6373
BasePaperExact-noEdges     K=   1 s=2 L=1 ep= 0 a=64 b=7 val=0.636 test macroF1=0.6373
BasePaperExact-aggFig1     K=   1 s=2 L=1 ep= 0 a=64 b=7 val=0.636 test macroF1=0.6373
BasePaperExact-legacyWin   K=   1 s=2 L=1 ep= 0 a=64 b=7 val=0.636 test macroF1=0.6373
BasePaperExact-rhoLastId   K=   1 s=2 L=1 ep= 0 a=64 b=7 val=0.636 test macroF1=0.6373
BasePaperExact-noGraph     K=   1 s=2 L=1 ep= 5 a=16 b=4 val=0.510 test macroF1=0.5183
--- K=1 seed=2 done in 45s
BasePaperExact             K=   1 s=3 L=2 ep= 6 a=96 b=7 val=0.720 test macroF1=0.7177
BasePaperExact-bal         K=   1 s=3 L=2 ep= 6 a=96 b=7 val=0.720 test macroF1=0.7177
BasePaperExact-desc        K=   1 s=3 L=1 ep= 0 a=24 b=4 val=0.782 test macroF1=0.8125
BasePaperExact-A1          K=   1 s=3 L=2 ep= 6 a=96 b=7 val=0.720 test macroF1=0.7178
BasePaperExact-A2          K=   1 s=3 L=2 ep= 6 a=96 b=9 val=0.694 test macroF1=0.7125
BasePaperExact-noEdges     K=   1 s=3 L=2 ep= 2 a=96 b=9 val=0.722 test macroF1=0.7350
BasePaperExact-aggFig1     K=   1 s=3 L=2 ep= 6 a=96 b=7 val=0.720 test macroF1=0.7177
BasePaperExact-legacyWin   K=   1 s=3 L=2 ep= 6 a=96 b=9 val=0.727 test macroF1=0.7219
BasePaperExact-rhoLastId   K=   1 s=3 L=1 ep=11 a=96 b=3 val=0.784 test macroF1=0.8061
BasePaperExact-noGraph     K=   1 s=3 L=1 ep=20 a=12 b=4 val=0.676 test macroF1=0.6581
--- K=1 seed=3 done in 45s
BasePaperExact             K=   2 s=1 L=2 ep=11 a=96 b=9 val=0.846 test macroF1=0.8382
BasePaperExact-bal         K=   2 s=1 L=2 ep= 2 a=64 b=7 val=0.843 test macroF1=0.8421
BasePaperExact-desc        K=   2 s=1 L=1 ep= 3 a=48 b=4 val=0.868 test macroF1=0.8689
BasePaperExact-A1          K=   2 s=1 L=1 ep= 0 a=64 b=9 val=0.844 test macroF1=0.8697
BasePaperExact-A2          K=   2 s=1 L=1 ep= 0 a=64 b=9 val=0.844 test macroF1=0.8697
BasePaperExact-noEdges     K=   2 s=1 L=1 ep= 0 a=64 b=9 val=0.844 test macroF1=0.8697
BasePaperExact-aggFig1     K=   2 s=1 L=1 ep=19 a=96 b=7 val=0.846 test macroF1=0.8463
BasePaperExact-legacyWin   K=   2 s=1 L=2 ep= 2 a=48 b=9 val=0.845 test macroF1=0.8569
BasePaperExact-rhoLastId   K=   2 s=1 L=2 ep=14 a=64 b=7 val=0.852 test macroF1=0.8491
BasePaperExact-noGraph     K=   2 s=1 L=1 ep= 3 a=24 b=2 val=0.775 test macroF1=0.7515
--- K=2 seed=1 done in 65s
BasePaperExact             K=   2 s=2 L=1 ep= 1 a=96 b=9 val=0.841 test macroF1=0.8299
BasePaperExact-bal         K=   2 s=2 L=1 ep= 0 a=96 b=9 val=0.831 test macroF1=0.8270
BasePaperExact-desc        K=   2 s=2 L=1 ep=11 a=64 b=9 val=0.860 test macroF1=0.8582
BasePaperExact-A1          K=   2 s=2 L=1 ep= 1 a=96 b=9 val=0.841 test macroF1=0.8299
BasePaperExact-A2          K=   2 s=2 L=1 ep= 1 a=96 b=9 val=0.841 test macroF1=0.8306
BasePaperExact-noEdges     K=   2 s=2 L=2 ep=11 a=48 b=9 val=0.850 test macroF1=0.8315
BasePaperExact-aggFig1     K=   2 s=2 L=1 ep= 1 a=96 b=9 val=0.841 test macroF1=0.8299
BasePaperExact-legacyWin   K=   2 s=2 L=1 ep= 1 a=64 b=9 val=0.847 test macroF1=0.8312
BasePaperExact-rhoLastId   K=   2 s=2 L=2 ep= 1 a=96 b=9 val=0.841 test macroF1=0.8299
BasePaperExact-noGraph     K=   2 s=2 L=1 ep= 7 a=8 b=7 val=0.774 test macroF1=0.7513
--- K=2 seed=2 done in 64s
BasePaperExact             K=   2 s=3 L=2 ep=18 a=64 b=7 val=0.783 test macroF1=0.7925
BasePaperExact-bal         K=   2 s=3 L=1 ep=13 a=96 b=9 val=0.771 test macroF1=0.7909
BasePaperExact-desc        K=   2 s=3 L=2 ep= 3 a=8 b=7 val=0.845 test macroF1=0.8465
BasePaperExact-A1          K=   2 s=3 L=2 ep=18 a=48 b=9 val=0.779 test macroF1=0.7935
BasePaperExact-A2          K=   2 s=3 L=2 ep=14 a=96 b=5 val=0.780 test macroF1=0.7907
BasePaperExact-noEdges     K=   2 s=3 L=1 ep= 0 a=96 b=9 val=0.772 test macroF1=0.7925
BasePaperExact-aggFig1     K=   2 s=3 L=2 ep=16 a=96 b=3 val=0.781 test macroF1=0.7903
BasePaperExact-legacyWin   K=   2 s=3 L=2 ep=13 a=64 b=9 val=0.784 test macroF1=0.7982
BasePaperExact-rhoLastId   K=   2 s=3 L=2 ep=19 a=64 b=7 val=0.787 test macroF1=0.7968
BasePaperExact-noGraph     K=   2 s=3 L=1 ep= 5 a=12 b=4 val=0.704 test macroF1=0.7197
--- K=2 seed=3 done in 63s
BasePaperExact             K=   4 s=1 L=1 ep= 0 a=16 b=9 val=0.833 test macroF1=0.8449
BasePaperExact-bal         K=   4 s=1 L=1 ep= 0 a=64 b=9 val=0.833 test macroF1=0.8449
BasePaperExact-desc        K=   4 s=1 L=1 ep=10 a=24 b=9 val=0.808 test macroF1=0.8245
BasePaperExact-A1          K=   4 s=1 L=1 ep= 0 a=16 b=9 val=0.833 test macroF1=0.8449
BasePaperExact-A2          K=   4 s=1 L=1 ep= 0 a=16 b=9 val=0.833 test macroF1=0.8449
BasePaperExact-noEdges     K=   4 s=1 L=1 ep= 0 a=16 b=9 val=0.833 test macroF1=0.8449
BasePaperExact-aggFig1     K=   4 s=1 L=1 ep= 0 a=16 b=9 val=0.833 test macroF1=0.8449
BasePaperExact-legacyWin   K=   4 s=1 L=1 ep= 0 a=16 b=9 val=0.833 test macroF1=0.8449
BasePaperExact-rhoLastId   K=   4 s=1 L=1 ep= 0 a=16 b=9 val=0.833 test macroF1=0.8449
BasePaperExact-noGraph     K=   4 s=1 L=1 ep= 1 a=8 b=9 val=0.785 test macroF1=0.8028
--- K=4 seed=1 done in 97s
BasePaperExact             K=   4 s=2 L=2 ep=17 a=96 b=9 val=0.753 test macroF1=0.7565
BasePaperExact-bal         K=   4 s=2 L=2 ep= 3 a=64 b=9 val=0.701 test macroF1=0.7072
BasePaperExact-desc        K=   4 s=2 L=1 ep= 0 a=8 b=9 val=0.779 test macroF1=0.7660
BasePaperExact-A1          K=   4 s=2 L=1 ep= 7 a=96 b=9 val=0.733 test macroF1=0.7370
BasePaperExact-A2          K=   4 s=2 L=1 ep= 7 a=96 b=9 val=0.733 test macroF1=0.7389
BasePaperExact-noEdges     K=   4 s=2 L=1 ep= 6 a=64 b=9 val=0.747 test macroF1=0.7262
BasePaperExact-aggFig1     K=   4 s=2 L=1 ep= 7 a=96 b=9 val=0.728 test macroF1=0.7389
BasePaperExact-legacyWin   K=   4 s=2 L=2 ep=15 a=96 b=9 val=0.736 test macroF1=0.7424
BasePaperExact-rhoLastId   K=   4 s=2 L=1 ep= 5 a=64 b=9 val=0.803 test macroF1=0.7715
BasePaperExact-noGraph     K=   4 s=2 L=1 ep=15 a=8 b=9 val=0.715 test macroF1=0.7551
--- K=4 seed=2 done in 95s
BasePaperExact             K=   4 s=3 L=2 ep= 8 a=48 b=7 val=0.730 test macroF1=0.7249
BasePaperExact-bal         K=   4 s=3 L=1 ep= 2 a=96 b=9 val=0.721 test macroF1=0.7308
BasePaperExact-desc        K=   4 s=3 L=2 ep= 5 a=32 b=9 val=0.794 test macroF1=0.7941
BasePaperExact-A1          K=   4 s=3 L=2 ep= 9 a=48 b=7 val=0.730 test macroF1=0.7274
BasePaperExact-A2          K=   4 s=3 L=1 ep=10 a=48 b=7 val=0.730 test macroF1=0.7368
BasePaperExact-noEdges     K=   4 s=3 L=1 ep= 6 a=48 b=9 val=0.731 test macroF1=0.7573
BasePaperExact-aggFig1     K=   4 s=3 L=2 ep= 8 a=48 b=9 val=0.732 test macroF1=0.7384
BasePaperExact-legacyWin   K=   4 s=3 L=1 ep=10 a=48 b=7 val=0.743 test macroF1=0.7503
BasePaperExact-rhoLastId   K=   4 s=3 L=2 ep=10 a=48 b=9 val=0.722 test macroF1=0.7361
BasePaperExact-noGraph     K=   4 s=3 L=1 ep=20 a=8 b=9 val=0.736 test macroF1=0.7069
--- K=4 seed=3 done in 97s
BasePaperExact             K=   8 s=1 L=1 ep= 0 a=16 b=9 val=0.800 test macroF1=0.8261
BasePaperExact-bal         K=   8 s=1 L=1 ep= 0 a=96 b=9 val=0.785 test macroF1=0.8225
BasePaperExact-desc        K=   8 s=1 L=2 ep= 2 a=16 b=7 val=0.810 test macroF1=0.8121
BasePaperExact-A1          K=   8 s=1 L=1 ep= 0 a=16 b=9 val=0.800 test macroF1=0.8261
BasePaperExact-A2          K=   8 s=1 L=1 ep= 0 a=16 b=9 val=0.800 test macroF1=0.8261
BasePaperExact-noEdges     K=   8 s=1 L=1 ep= 0 a=16 b=9 val=0.800 test macroF1=0.8261
BasePaperExact-aggFig1     K=   8 s=1 L=1 ep= 0 a=16 b=9 val=0.800 test macroF1=0.8261
BasePaperExact-legacyWin   K=   8 s=1 L=1 ep= 0 a=16 b=9 val=0.800 test macroF1=0.8261
BasePaperExact-rhoLastId   K=   8 s=1 L=2 ep= 0 a=16 b=9 val=0.800 test macroF1=0.8261
BasePaperExact-noGraph     K=   8 s=1 L=1 ep=10 a=8 b=9 val=0.834 test macroF1=0.8323
--- K=8 seed=1 done in 160s
BasePaperExact             K=   8 s=2 L=2 ep=18 a=8 b=9 val=0.825 test macroF1=0.8281
BasePaperExact-bal         K=   8 s=2 L=1 ep= 0 a=96 b=9 val=0.820 test macroF1=0.8298
BasePaperExact-desc        K=   8 s=2 L=2 ep=10 a=64 b=9 val=0.833 test macroF1=0.8347
BasePaperExact-A1          K=   8 s=2 L=1 ep=10 a=24 b=9 val=0.821 test macroF1=0.8239
BasePaperExact-A2          K=   8 s=2 L=1 ep=17 a=16 b=9 val=0.824 test macroF1=0.8262
BasePaperExact-noEdges     K=   8 s=2 L=1 ep= 6 a=12 b=9 val=0.840 test macroF1=0.8361
BasePaperExact-aggFig1     K=   8 s=2 L=1 ep=12 a=8 b=9 val=0.821 test macroF1=0.8366
BasePaperExact-legacyWin   K=   8 s=2 L=2 ep= 0 a=12 b=9 val=0.820 test macroF1=0.8298
BasePaperExact-rhoLastId   K=   8 s=2 L=1 ep= 4 a=8 b=9 val=0.844 test macroF1=0.8612
BasePaperExact-noGraph     K=   8 s=2 L=1 ep=16 a=8 b=7 val=0.930 test macroF1=0.9154
--- K=8 seed=2 done in 164s
BasePaperExact             K=   8 s=3 L=1 ep= 0 a=96 b=5 val=0.848 test macroF1=0.8559
BasePaperExact-bal         K=   8 s=3 L=1 ep= 1 a=96 b=5 val=0.834 test macroF1=0.8397
BasePaperExact-desc        K=   8 s=3 L=2 ep= 2 a=12 b=2 val=0.863 test macroF1=0.8586
BasePaperExact-A1          K=   8 s=3 L=1 ep= 0 a=96 b=5 val=0.848 test macroF1=0.8559
BasePaperExact-A2          K=   8 s=3 L=1 ep= 0 a=96 b=5 val=0.848 test macroF1=0.8559
BasePaperExact-noEdges     K=   8 s=3 L=1 ep= 1 a=48 b=3 val=0.842 test macroF1=0.8545
BasePaperExact-aggFig1     K=   8 s=3 L=1 ep= 0 a=96 b=5 val=0.848 test macroF1=0.8559
BasePaperExact-legacyWin   K=   8 s=3 L=1 ep= 1 a=64 b=4 val=0.844 test macroF1=0.8442
BasePaperExact-rhoLastId   K=   8 s=3 L=1 ep= 0 a=96 b=5 val=0.848 test macroF1=0.8559
BasePaperExact-noGraph     K=   8 s=3 L=1 ep=15 a=24 b=9 val=0.940 test macroF1=0.9275
--- K=8 seed=3 done in 165s
BasePaperExact             K=  16 s=1 L=1 ep=13 a=24 b=7 val=0.889 test macroF1=0.8806
BasePaperExact-bal         K=  16 s=1 L=2 ep=12 a=96 b=9 val=0.858 test macroF1=0.8491
BasePaperExact-desc        K=  16 s=1 L=1 ep= 6 a=5 b=4 val=0.881 test macroF1=0.8630
BasePaperExact-A1          K=  16 s=1 L=1 ep=14 a=24 b=7 val=0.885 test macroF1=0.8806
BasePaperExact-A2          K=  16 s=1 L=1 ep=18 a=24 b=7 val=0.882 test macroF1=0.8811
BasePaperExact-noEdges     K=  16 s=1 L=2 ep= 3 a=16 b=9 val=0.873 test macroF1=0.8758
BasePaperExact-aggFig1     K=  16 s=1 L=1 ep=13 a=24 b=7 val=0.889 test macroF1=0.8806
BasePaperExact-legacyWin   K=  16 s=1 L=1 ep=13 a=24 b=7 val=0.889 test macroF1=0.8858
BasePaperExact-rhoLastId   K=  16 s=1 L=2 ep= 2 a=12 b=7 val=0.881 test macroF1=0.8641
BasePaperExact-noGraph     K=  16 s=1 L=1 ep=17 a=5 b=9 val=0.942 test macroF1=0.9393
--- K=16 seed=1 done in 295s
BasePaperExact             K=  16 s=2 L=2 ep=12 a=32 b=9 val=0.825 test macroF1=0.8302
BasePaperExact-bal         K=  16 s=2 L=1 ep= 0 a=96 b=7 val=0.767 test macroF1=0.7600
BasePaperExact-desc        K=  16 s=2 L=2 ep= 3 a=2 b=9 val=0.827 test macroF1=0.8322
BasePaperExact-A1          K=  16 s=2 L=2 ep=15 a=96 b=9 val=0.825 test macroF1=0.8342
BasePaperExact-A2          K=  16 s=2 L=2 ep=16 a=96 b=9 val=0.830 test macroF1=0.8300
BasePaperExact-noEdges     K=  16 s=2 L=2 ep= 5 a=48 b=9 val=0.818 test macroF1=0.8311
BasePaperExact-aggFig1     K=  16 s=2 L=2 ep=15 a=32 b=9 val=0.825 test macroF1=0.8328
BasePaperExact-legacyWin   K=  16 s=2 L=2 ep=18 a=48 b=9 val=0.835 test macroF1=0.8369
BasePaperExact-rhoLastId   K=  16 s=2 L=1 ep= 3 a=32 b=9 val=0.829 test macroF1=0.8332
BasePaperExact-noGraph     K=  16 s=2 L=1 ep=14 a=24 b=9 val=0.933 test macroF1=0.9237
--- K=16 seed=2 done in 297s
BasePaperExact             K=  16 s=3 L=1 ep= 0 a=32 b=9 val=0.897 test macroF1=0.8936
BasePaperExact-bal         K=  16 s=3 L=1 ep= 0 a=96 b=9 val=0.874 test macroF1=0.8628
BasePaperExact-desc        K=  16 s=3 L=2 ep= 9 a=3 b=7 val=0.900 test macroF1=0.8823
BasePaperExact-A1          K=  16 s=3 L=1 ep= 0 a=32 b=9 val=0.897 test macroF1=0.8936
BasePaperExact-A2          K=  16 s=3 L=1 ep= 0 a=32 b=9 val=0.897 test macroF1=0.8936
BasePaperExact-noEdges     K=  16 s=3 L=1 ep= 5 a=16 b=9 val=0.912 test macroF1=0.8972
BasePaperExact-aggFig1     K=  16 s=3 L=1 ep= 0 a=32 b=9 val=0.897 test macroF1=0.8936
BasePaperExact-legacyWin   K=  16 s=3 L=1 ep= 0 a=32 b=9 val=0.897 test macroF1=0.8936
BasePaperExact-rhoLastId   K=  16 s=3 L=1 ep= 0 a=32 b=9 val=0.897 test macroF1=0.8936
BasePaperExact-noGraph     K=  16 s=3 L=1 ep= 2 a=5 b=9 val=0.942 test macroF1=0.9263
--- K=16 seed=3 done in 299s
BasePaperExact             K=full s=1 L=1 ep= 0 a=24 b=9 val=0.887 test macroF1=0.8878
BasePaperExact-bal         K=full s=1 L=1 ep= 0 a=96 b=7 val=0.785 test macroF1=0.8540
BasePaperExact-desc        K=full s=1 L=1 ep= 0 a=2 b=9 val=0.887 test macroF1=0.8944
BasePaperExact-A1          K=full s=1 L=1 ep= 0 a=24 b=9 val=0.887 test macroF1=0.8878
BasePaperExact-A2          K=full s=1 L=1 ep= 0 a=24 b=9 val=0.887 test macroF1=0.8878
BasePaperExact-noEdges     K=full s=1 L=1 ep= 0 a=24 b=9 val=0.887 test macroF1=0.8878
BasePaperExact-aggFig1     K=full s=1 L=1 ep= 0 a=24 b=9 val=0.887 test macroF1=0.8878
BasePaperExact-legacyWin   K=full s=1 L=1 ep= 0 a=24 b=9 val=0.887 test macroF1=0.8878
BasePaperExact-rhoLastId   K=full s=1 L=1 ep= 0 a=24 b=9 val=0.887 test macroF1=0.8878
BasePaperExact-noGraph     K=full s=1 L=1 ep= 2 a=2 b=7 val=0.930 test macroF1=0.9329
--- K=full seed=1 done in 832s
BasePaperExact             K=full s=2 L=1 ep= 0 a=8 b=5 val=0.888 test macroF1=0.8838
BasePaperExact-bal         K=full s=2 L=1 ep= 0 a=64 b=9 val=0.856 test macroF1=0.8315
BasePaperExact-desc        K=full s=2 L=1 ep= 0 a=0.5 b=5 val=0.917 test macroF1=0.8748
BasePaperExact-A1          K=full s=2 L=1 ep= 0 a=8 b=5 val=0.888 test macroF1=0.8838
BasePaperExact-A2          K=full s=2 L=1 ep= 0 a=8 b=5 val=0.888 test macroF1=0.8838
BasePaperExact-noEdges     K=full s=2 L=1 ep= 0 a=8 b=5 val=0.888 test macroF1=0.8838
BasePaperExact-aggFig1     K=full s=2 L=1 ep= 0 a=8 b=5 val=0.888 test macroF1=0.8838
BasePaperExact-legacyWin   K=full s=2 L=1 ep= 0 a=8 b=5 val=0.888 test macroF1=0.8838
BasePaperExact-rhoLastId   K=full s=2 L=1 ep= 0 a=8 b=5 val=0.888 test macroF1=0.8838
BasePaperExact-noGraph     K=full s=2 L=1 ep=10 a=5 b=5 val=0.943 test macroF1=0.9475
--- K=full seed=2 done in 825s
BasePaperExact             K=full s=3 L=1 ep= 1 a=48 b=7 val=0.833 test macroF1=0.8676
BasePaperExact-bal         K=full s=3 L=2 ep=14 a=64 b=7 val=0.806 test macroF1=0.8218
BasePaperExact-desc        K=full s=3 L=2 ep= 1 a=0.5 b=9 val=0.873 test macroF1=0.8699
BasePaperExact-A1          K=full s=3 L=1 ep= 1 a=32 b=9 val=0.833 test macroF1=0.8693
BasePaperExact-A2          K=full s=3 L=1 ep= 1 a=48 b=9 val=0.833 test macroF1=0.8694
BasePaperExact-noEdges     K=full s=3 L=1 ep= 1 a=12 b=7 val=0.842 test macroF1=0.8699
BasePaperExact-aggFig1     K=full s=3 L=1 ep= 1 a=48 b=9 val=0.833 test macroF1=0.8688
BasePaperExact-legacyWin   K=full s=3 L=1 ep= 1 a=3 b=9 val=0.841 test macroF1=0.8543
BasePaperExact-rhoLastId   K=full s=3 L=2 ep= 9 a=5 b=9 val=0.834 test macroF1=0.8128
BasePaperExact-noGraph     K=full s=3 L=1 ep=10 a=24 b=1 val=0.958 test macroF1=0.9602
--- K=full seed=3 done in 826s
/kaggle/working/ONION/src/14_cnn_baseline.py:68: UserWarning: Detected call of `lr_scheduler.step()` before `optimizer.step()`. In PyTorch 1.1.0 and later, you should call them in the opposite order: `optimizer.step()` before `lr_scheduler.step()`.  Failure to do this will result in PyTorch skipping the first value of the learning rate schedule. See more details at https://pytorch.org/docs/stable/optim.html#how-to-adjust-learning-rate
  sched.step()
{'method': 'EfficientNetB0-finetune', 'K': '1', 'seed': 1, 'n_support': 6, 'acc': 0.6375, 'macro_f1': 0.6028710072642905}
Warning: You are sending unauthenticated requests to the HF Hub. Please set a HF_TOKEN to enable higher rate limits and faster downloads.
/kaggle/working/ONION/src/14_cnn_baseline.py:68: UserWarning: Detected call of `lr_scheduler.step()` before `optimizer.step()`. In PyTorch 1.1.0 and later, you should call them in the opposite order: `optimizer.step()` before `lr_scheduler.step()`.  Failure to do this will result in PyTorch skipping the first value of the learning rate schedule. See more details at https://pytorch.org/docs/stable/optim.html#how-to-adjust-learning-rate
  sched.step()
{'method': 'EfficientNetB0-finetune', 'K': '1', 'seed': 2, 'n_support': 6, 'acc': 0.4826388888888889, 'macro_f1': 0.47116513222340295}
/kaggle/working/ONION/src/14_cnn_baseline.py:68: UserWarning: Detected call of `lr_scheduler.step()` before `optimizer.step()`. In PyTorch 1.1.0 and later, you should call them in the opposite order: `optimizer.step()` before `lr_scheduler.step()`.  Failure to do this will result in PyTorch skipping the first value of the learning rate schedule. See more details at https://pytorch.org/docs/stable/optim.html#how-to-adjust-learning-rate
  sched.step()
{'method': 'EfficientNetB0-finetune', 'K': '1', 'seed': 3, 'n_support': 6, 'acc': 0.49444444444444446, 'macro_f1': 0.49297695492986876}
/kaggle/working/ONION/src/14_cnn_baseline.py:68: UserWarning: Detected call of `lr_scheduler.step()` before `optimizer.step()`. In PyTorch 1.1.0 and later, you should call them in the opposite order: `optimizer.step()` before `lr_scheduler.step()`.  Failure to do this will result in PyTorch skipping the first value of the learning rate schedule. See more details at https://pytorch.org/docs/stable/optim.html#how-to-adjust-learning-rate
  sched.step()
{'method': 'EfficientNetB0-finetune', 'K': '2', 'seed': 1, 'n_support': 12, 'acc': 0.5430555555555555, 'macro_f1': 0.509132833857443}
/kaggle/working/ONION/src/14_cnn_baseline.py:68: UserWarning: Detected call of `lr_scheduler.step()` before `optimizer.step()`. In PyTorch 1.1.0 and later, you should call them in the opposite order: `optimizer.step()` before `lr_scheduler.step()`.  Failure to do this will result in PyTorch skipping the first value of the learning rate schedule. See more details at https://pytorch.org/docs/stable/optim.html#how-to-adjust-learning-rate
  sched.step()
{'method': 'EfficientNetB0-finetune', 'K': '2', 'seed': 2, 'n_support': 12, 'acc': 0.6993055555555555, 'macro_f1': 0.6899411553238185}
/kaggle/working/ONION/src/14_cnn_baseline.py:68: UserWarning: Detected call of `lr_scheduler.step()` before `optimizer.step()`. In PyTorch 1.1.0 and later, you should call them in the opposite order: `optimizer.step()` before `lr_scheduler.step()`.  Failure to do this will result in PyTorch skipping the first value of the learning rate schedule. See more details at https://pytorch.org/docs/stable/optim.html#how-to-adjust-learning-rate
  sched.step()
{'method': 'EfficientNetB0-finetune', 'K': '2', 'seed': 3, 'n_support': 12, 'acc': 0.6506944444444445, 'macro_f1': 0.6570771937186265}
/kaggle/working/ONION/src/14_cnn_baseline.py:68: UserWarning: Detected call of `lr_scheduler.step()` before `optimizer.step()`. In PyTorch 1.1.0 and later, you should call them in the opposite order: `optimizer.step()` before `lr_scheduler.step()`.  Failure to do this will result in PyTorch skipping the first value of the learning rate schedule. See more details at https://pytorch.org/docs/stable/optim.html#how-to-adjust-learning-rate
  sched.step()
{'method': 'EfficientNetB0-finetune', 'K': '4', 'seed': 1, 'n_support': 24, 'acc': 0.7819444444444444, 'macro_f1': 0.7755360149839569}
/kaggle/working/ONION/src/14_cnn_baseline.py:68: UserWarning: Detected call of `lr_scheduler.step()` before `optimizer.step()`. In PyTorch 1.1.0 and later, you should call them in the opposite order: `optimizer.step()` before `lr_scheduler.step()`.  Failure to do this will result in PyTorch skipping the first value of the learning rate schedule. See more details at https://pytorch.org/docs/stable/optim.html#how-to-adjust-learning-rate
  sched.step()
{'method': 'EfficientNetB0-finetune', 'K': '4', 'seed': 2, 'n_support': 24, 'acc': 0.8180555555555555, 'macro_f1': 0.8153137935679812}
/kaggle/working/ONION/src/14_cnn_baseline.py:68: UserWarning: Detected call of `lr_scheduler.step()` before `optimizer.step()`. In PyTorch 1.1.0 and later, you should call them in the opposite order: `optimizer.step()` before `lr_scheduler.step()`.  Failure to do this will result in PyTorch skipping the first value of the learning rate schedule. See more details at https://pytorch.org/docs/stable/optim.html#how-to-adjust-learning-rate
  sched.step()
{'method': 'EfficientNetB0-finetune', 'K': '4', 'seed': 3, 'n_support': 24, 'acc': 0.6701388888888888, 'macro_f1': 0.653865334691591}
/kaggle/working/ONION/src/14_cnn_baseline.py:68: UserWarning: Detected call of `lr_scheduler.step()` before `optimizer.step()`. In PyTorch 1.1.0 and later, you should call them in the opposite order: `optimizer.step()` before `lr_scheduler.step()`.  Failure to do this will result in PyTorch skipping the first value of the learning rate schedule. See more details at https://pytorch.org/docs/stable/optim.html#how-to-adjust-learning-rate
  sched.step()
{'method': 'EfficientNetB0-finetune', 'K': '8', 'seed': 1, 'n_support': 48, 'acc': 0.8194444444444444, 'macro_f1': 0.8168869836762056}
/kaggle/working/ONION/src/14_cnn_baseline.py:68: UserWarning: Detected call of `lr_scheduler.step()` before `optimizer.step()`. In PyTorch 1.1.0 and later, you should call them in the opposite order: `optimizer.step()` before `lr_scheduler.step()`.  Failure to do this will result in PyTorch skipping the first value of the learning rate schedule. See more details at https://pytorch.org/docs/stable/optim.html#how-to-adjust-learning-rate
  sched.step()
{'method': 'EfficientNetB0-finetune', 'K': '8', 'seed': 2, 'n_support': 48, 'acc': 0.8381944444444445, 'macro_f1': 0.8387224131715897}
/kaggle/working/ONION/src/14_cnn_baseline.py:68: UserWarning: Detected call of `lr_scheduler.step()` before `optimizer.step()`. In PyTorch 1.1.0 and later, you should call them in the opposite order: `optimizer.step()` before `lr_scheduler.step()`.  Failure to do this will result in PyTorch skipping the first value of the learning rate schedule. See more details at https://pytorch.org/docs/stable/optim.html#how-to-adjust-learning-rate
  sched.step()
{'method': 'EfficientNetB0-finetune', 'K': '8', 'seed': 3, 'n_support': 48, 'acc': 0.8034722222222223, 'macro_f1': 0.8008847112850702}
/kaggle/working/ONION/src/14_cnn_baseline.py:68: UserWarning: Detected call of `lr_scheduler.step()` before `optimizer.step()`. In PyTorch 1.1.0 and later, you should call them in the opposite order: `optimizer.step()` before `lr_scheduler.step()`.  Failure to do this will result in PyTorch skipping the first value of the learning rate schedule. See more details at https://pytorch.org/docs/stable/optim.html#how-to-adjust-learning-rate
  sched.step()
{'method': 'EfficientNetB0-finetune', 'K': '16', 'seed': 1, 'n_support': 96, 'acc': 0.8965277777777778, 'macro_f1': 0.8954882425652809}
/kaggle/working/ONION/src/14_cnn_baseline.py:68: UserWarning: Detected call of `lr_scheduler.step()` before `optimizer.step()`. In PyTorch 1.1.0 and later, you should call them in the opposite order: `optimizer.step()` before `lr_scheduler.step()`.  Failure to do this will result in PyTorch skipping the first value of the learning rate schedule. See more details at https://pytorch.org/docs/stable/optim.html#how-to-adjust-learning-rate
  sched.step()
{'method': 'EfficientNetB0-finetune', 'K': '16', 'seed': 2, 'n_support': 96, 'acc': 0.8756944444444444, 'macro_f1': 0.8746999782722344}
/kaggle/working/ONION/src/14_cnn_baseline.py:68: UserWarning: Detected call of `lr_scheduler.step()` before `optimizer.step()`. In PyTorch 1.1.0 and later, you should call them in the opposite order: `optimizer.step()` before `lr_scheduler.step()`.  Failure to do this will result in PyTorch skipping the first value of the learning rate schedule. See more details at https://pytorch.org/docs/stable/optim.html#how-to-adjust-learning-rate
  sched.step()
{'method': 'EfficientNetB0-finetune', 'K': '16', 'seed': 3, 'n_support': 96, 'acc': 0.9055555555555556, 'macro_f1': 0.9051665611087065}
/kaggle/working/ONION/src/14_cnn_baseline.py:68: UserWarning: Detected call of `lr_scheduler.step()` before `optimizer.step()`. In PyTorch 1.1.0 and later, you should call them in the opposite order: `optimizer.step()` before `lr_scheduler.step()`.  Failure to do this will result in PyTorch skipping the first value of the learning rate schedule. See more details at https://pytorch.org/docs/stable/optim.html#how-to-adjust-learning-rate
  sched.step()
{'method': 'EfficientNetB0-finetune', 'K': 'full', 'seed': 1, 'n_support': 287, 'acc': 0.9520833333333333, 'macro_f1': 0.9520351761322349}
/kaggle/working/ONION/src/14_cnn_baseline.py:68: UserWarning: Detected call of `lr_scheduler.step()` before `optimizer.step()`. In PyTorch 1.1.0 and later, you should call them in the opposite order: `optimizer.step()` before `lr_scheduler.step()`.  Failure to do this will result in PyTorch skipping the first value of the learning rate schedule. See more details at https://pytorch.org/docs/stable/optim.html#how-to-adjust-learning-rate
  sched.step()
{'method': 'EfficientNetB0-finetune', 'K': 'full', 'seed': 2, 'n_support': 287, 'acc': 0.9402777777777778, 'macro_f1': 0.9403357341398747}
/kaggle/working/ONION/src/14_cnn_baseline.py:68: UserWarning: Detected call of `lr_scheduler.step()` before `optimizer.step()`. In PyTorch 1.1.0 and later, you should call them in the opposite order: `optimizer.step()` before `lr_scheduler.step()`.  Failure to do this will result in PyTorch skipping the first value of the learning rate schedule. See more details at https://pytorch.org/docs/stable/optim.html#how-to-adjust-learning-rate
  sched.step()
{'method': 'EfficientNetB0-finetune', 'K': 'full', 'seed': 3, 'n_support': 287, 'acc': 0.9388888888888889, 'macro_f1': 0.9388144808394286}
