ZeroShot-clip                K=   1 seed=1  acc=0.7162  macroF1=0.5611  (0.0s)
LinearProbe-clip             K=   1 seed=1  acc=0.2601  macroF1=0.2433  (0.2s)
LinearProbe-clip             K=   1 seed=2  acc=0.2924  macroF1=0.2861  (0.3s)
LinearProbe-clip             K=   1 seed=3  acc=0.3909  macroF1=0.3896  (0.2s)
LinearProbe-clip             K=   2 seed=1  acc=0.5078  macroF1=0.5047  (0.1s)
LinearProbe-clip             K=   2 seed=2  acc=0.3102  macroF1=0.3099  (0.1s)
LinearProbe-clip             K=   2 seed=3  acc=0.5919  macroF1=0.4941  (0.2s)
LinearProbe-clip             K=   4 seed=1  acc=0.5834  macroF1=0.5222  (0.2s)
LinearProbe-clip             K=   4 seed=2  acc=0.7069  macroF1=0.5884  (0.3s)
LinearProbe-clip             K=   4 seed=3  acc=0.6033  macroF1=0.5451  (0.1s)
LinearProbe-clip             K=   8 seed=1  acc=0.5804  macroF1=0.5108  (0.2s)
LinearProbe-clip             K=   8 seed=2  acc=0.4220  macroF1=0.4220  (0.2s)
LinearProbe-clip             K=   8 seed=3  acc=0.6602  macroF1=0.5928  (0.3s)
LinearProbe-clip             K=  16 seed=1  acc=0.6761  macroF1=0.5785  (0.3s)
LinearProbe-clip             K=  16 seed=2  acc=0.6631  macroF1=0.5897  (0.2s)
LinearProbe-clip             K=  16 seed=3  acc=0.6108  macroF1=0.5568  (0.2s)
LinearProbe-clip             K=full seed=1  acc=0.8006  macroF1=0.6664  (6.2s)
LinearProbe-clip             K=full seed=2  acc=0.7996  macroF1=0.6455  (5.2s)
LinearProbe-clip             K=full seed=3  acc=0.7982  macroF1=0.6640  (6.1s)
TipAdapter-clip              K=   1 seed=1  acc=0.6166  macroF1=0.5568  (0.5s)
TipAdapter-clip              K=   1 seed=2  acc=0.6576  macroF1=0.5690  (0.5s)
TipAdapter-clip              K=   1 seed=3  acc=0.7125  macroF1=0.5692  (0.8s)
TipAdapter-clip              K=   2 seed=1  acc=0.7185  macroF1=0.5945  (0.7s)
TipAdapter-clip              K=   2 seed=2  acc=0.6471  macroF1=0.5548  (0.5s)
TipAdapter-clip              K=   2 seed=3  acc=0.7327  macroF1=0.4972  (0.2s)
TipAdapter-clip              K=   4 seed=1  acc=0.7198  macroF1=0.5551  (0.3s)
TipAdapter-clip              K=   4 seed=2  acc=0.7168  macroF1=0.5614  (0.4s)
TipAdapter-clip              K=   4 seed=3  acc=0.7422  macroF1=0.5779  (0.3s)
TipAdapter-clip              K=   8 seed=1  acc=0.6642  macroF1=0.5678  (0.3s)
TipAdapter-clip              K=   8 seed=2  acc=0.6753  macroF1=0.6002  (0.2s)
TipAdapter-clip              K=   8 seed=3  acc=0.7376  macroF1=0.5291  (0.3s)
TipAdapter-clip              K=  16 seed=1  acc=0.6918  macroF1=0.5743  (0.2s)
TipAdapter-clip              K=  16 seed=2  acc=0.6733  macroF1=0.5624  (0.3s)
TipAdapter-clip              K=  16 seed=3  acc=0.7051  macroF1=0.5754  (0.3s)
TipAdapter-clip              K=full seed=1  acc=0.7180  macroF1=0.5641  (0.8s)
TipAdapter-clip              K=full seed=2  acc=0.7152  macroF1=0.5667  (0.9s)
TipAdapter-clip              K=full seed=3  acc=0.7119  macroF1=0.5714  (1.0s)
TipAdapterF-clip             K=   1 seed=1  acc=0.6602  macroF1=0.5664  (2.3s)
TipAdapterF-clip             K=   1 seed=2  acc=0.6402  macroF1=0.5675  (0.6s)
TipAdapterF-clip             K=   1 seed=3  acc=0.7121  macroF1=0.5710  (0.5s)
TipAdapterF-clip             K=   2 seed=1  acc=0.6651  macroF1=0.6218  (0.9s)
TipAdapterF-clip             K=   2 seed=2  acc=0.6539  macroF1=0.5370  (0.7s)
TipAdapterF-clip             K=   2 seed=3  acc=0.6989  macroF1=0.5332  (1.0s)
TipAdapterF-clip             K=   4 seed=1  acc=0.6516  macroF1=0.5675  (0.6s)
TipAdapterF-clip             K=   4 seed=2  acc=0.6966  macroF1=0.5856  (0.5s)
TipAdapterF-clip             K=   4 seed=3  acc=0.6910  macroF1=0.6105  (0.7s)
TipAdapterF-clip             K=   8 seed=1  acc=0.7007  macroF1=0.5571  (0.7s)
TipAdapterF-clip             K=   8 seed=2  acc=0.6985  macroF1=0.6287  (0.6s)
TipAdapterF-clip             K=   8 seed=3  acc=0.6965  macroF1=0.6154  (0.6s)
TipAdapterF-clip             K=  16 seed=1  acc=0.7337  macroF1=0.5899  (0.9s)
TipAdapterF-clip             K=  16 seed=2  acc=0.7010  macroF1=0.6010  (0.5s)
TipAdapterF-clip             K=  16 seed=3  acc=0.6919  macroF1=0.6157  (0.7s)
TipAdapterF-clip             K=full seed=1  acc=0.7451  macroF1=0.5775  (1.9s)
TipAdapterF-clip             K=full seed=2  acc=0.7490  macroF1=0.5853  (1.9s)
TipAdapterF-clip             K=full seed=3  acc=0.7530  macroF1=0.5714  (2.2s)
