PRGA                   as-is      K=   1 s=1 epochs=  60 best=  -1  macroF1=0.3070  (14s)
PRGA + DINOv2 cache    as-is      K=   1 s=1 epochs=  60 best=  -1  macroF1=0.2813  (14s)
PRGA                   as-is      K=   1 s=2 epochs=  60 best=  -1  macroF1=0.4693  (13s)
PRGA + DINOv2 cache    as-is      K=   1 s=2 epochs=  60 best=  -1  macroF1=0.3692  (13s)
PRGA                   as-is      K=   1 s=3 epochs=  60 best=  -1  macroF1=0.5866  (14s)
PRGA + DINOv2 cache    as-is      K=   1 s=3 epochs=  60 best=  -1  macroF1=0.5866  (14s)
PRGA                   as-is      K=   2 s=1 epochs=  60 best=  -1  macroF1=0.5869  (12s)
PRGA + DINOv2 cache    as-is      K=   2 s=1 epochs=  60 best=  -1  macroF1=0.5869  (12s)
PRGA                   as-is      K=   2 s=2 epochs=  60 best=  -1  macroF1=0.3986  (14s)
PRGA + DINOv2 cache    as-is      K=   2 s=2 epochs=  60 best=  -1  macroF1=0.3599  (14s)
PRGA                   as-is      K=   2 s=3 epochs=  60 best=  -1  macroF1=0.5558  (12s)
PRGA + DINOv2 cache    as-is      K=   2 s=3 epochs=  60 best=  -1  macroF1=0.5516  (12s)
PRGA                   as-is      K=   4 s=1 epochs=  60 best=  -1  macroF1=0.5629  (12s)
PRGA + DINOv2 cache    as-is      K=   4 s=1 epochs=  60 best=  -1  macroF1=0.5692  (12s)
PRGA                   as-is      K=   4 s=2 epochs=  60 best=  -1  macroF1=0.5903  (13s)
PRGA + DINOv2 cache    as-is      K=   4 s=2 epochs=  60 best=  -1  macroF1=0.5903  (13s)
PRGA                   as-is      K=   4 s=3 epochs=  60 best=  -1  macroF1=0.6125  (12s)
PRGA + DINOv2 cache    as-is      K=   4 s=3 epochs=  60 best=  -1  macroF1=0.6021  (12s)
PRGA                   as-is      K=   8 s=1 epochs=  60 best=  -1  macroF1=0.5588  (13s)
PRGA + DINOv2 cache    as-is      K=   8 s=1 epochs=  60 best=  -1  macroF1=0.5499  (13s)
PRGA                   as-is      K=   8 s=2 epochs=  60 best=  -1  macroF1=0.5484  (13s)
PRGA + DINOv2 cache    as-is      K=   8 s=2 epochs=  60 best=  -1  macroF1=0.5507  (13s)
PRGA                   as-is      K=   8 s=3 epochs=  60 best=  -1  macroF1=0.6216  (12s)
PRGA + DINOv2 cache    as-is      K=   8 s=3 epochs=  60 best=  -1  macroF1=0.6218  (12s)
PRGA                   as-is      K=  16 s=1 epochs=  60 best=  -1  macroF1=0.6143  (12s)
PRGA + DINOv2 cache    as-is      K=  16 s=1 epochs=  60 best=  -1  macroF1=0.6103  (12s)
PRGA                   as-is      K=  16 s=2 epochs=  60 best=  -1  macroF1=0.6089  (14s)
PRGA + DINOv2 cache    as-is      K=  16 s=2 epochs=  60 best=  -1  macroF1=0.6049  (14s)
PRGA                   as-is      K=  16 s=3 epochs=  60 best=  -1  macroF1=0.5670  (13s)
PRGA + DINOv2 cache    as-is      K=  16 s=3 epochs=  60 best=  -1  macroF1=0.5890  (13s)
PRGA                   as-is      K=full s=1 epochs=  60 best=  -1  macroF1=0.7004  (46s)
PRGA + DINOv2 cache    as-is      K=full s=1 epochs=  60 best=  -1  macroF1=0.7004  (46s)
PRGA                   as-is      K=full s=2 epochs=  60 best=  -1  macroF1=0.6978  (48s)
PRGA + DINOv2 cache    as-is      K=full s=2 epochs=  60 best=  -1  macroF1=0.6904  (48s)
PRGA                   as-is      K=full s=3 epochs=  60 best=  -1  macroF1=0.6973  (47s)
PRGA + DINOv2 cache    as-is      K=full s=3 epochs=  60 best=  -1  macroF1=0.6973  (47s)
Tip-Adapter-F          last-epoch K=   1 s=1 epochs=  20 best=  20  macroF1=0.5664  (1s)
Tip-Adapter-F          best-epoch K=   1 s=1 epochs=  40 best=  12  macroF1=0.5653  (6s)
Tip-Adapter-F          last-epoch K=   1 s=2 epochs=  20 best=  20  macroF1=0.5675  (1s)
Tip-Adapter-F          best-epoch K=   1 s=2 epochs=  40 best=   4  macroF1=0.5660  (6s)
Tip-Adapter-F          last-epoch K=   1 s=3 epochs=  20 best=  20  macroF1=0.5710  (1s)
Tip-Adapter-F          best-epoch K=   1 s=3 epochs=  40 best=  20  macroF1=0.5711  (5s)
Tip-Adapter-F          last-epoch K=   2 s=1 epochs=  20 best=  20  macroF1=0.6218  (1s)
Tip-Adapter-F          best-epoch K=   2 s=1 epochs=  40 best=   4  macroF1=0.6238  (6s)
Tip-Adapter-F          last-epoch K=   2 s=2 epochs=  20 best=  20  macroF1=0.5370  (1s)
Tip-Adapter-F          best-epoch K=   2 s=2 epochs=  40 best=  16  macroF1=0.5345  (5s)
Tip-Adapter-F          last-epoch K=   2 s=3 epochs=  20 best=  20  macroF1=0.5332  (1s)
Tip-Adapter-F          best-epoch K=   2 s=3 epochs=  40 best=  28  macroF1=0.5263  (5s)
Tip-Adapter-F          last-epoch K=   4 s=1 epochs=  20 best=  20  macroF1=0.5675  (1s)
Tip-Adapter-F          best-epoch K=   4 s=1 epochs=  40 best=   4  macroF1=0.5473  (5s)
Tip-Adapter-F          last-epoch K=   4 s=2 epochs=  20 best=  20  macroF1=0.5856  (1s)
Tip-Adapter-F          best-epoch K=   4 s=2 epochs=  40 best=  16  macroF1=0.5819  (6s)
Tip-Adapter-F          last-epoch K=   4 s=3 epochs=  20 best=  20  macroF1=0.6105  (1s)
Tip-Adapter-F          best-epoch K=   4 s=3 epochs=  40 best=   8  macroF1=0.6220  (6s)
Tip-Adapter-F          last-epoch K=   8 s=1 epochs=  20 best=  20  macroF1=0.5571  (1s)
Tip-Adapter-F          best-epoch K=   8 s=1 epochs=  40 best=  24  macroF1=0.5636  (7s)
Tip-Adapter-F          last-epoch K=   8 s=2 epochs=  20 best=  20  macroF1=0.6287  (1s)
Tip-Adapter-F          best-epoch K=   8 s=2 epochs=  40 best=   4  macroF1=0.6078  (7s)
Tip-Adapter-F          last-epoch K=   8 s=3 epochs=  20 best=  20  macroF1=0.6154  (1s)
Tip-Adapter-F          best-epoch K=   8 s=3 epochs=  40 best=  16  macroF1=0.6058  (9s)
Tip-Adapter-F          last-epoch K=  16 s=1 epochs=  20 best=  20  macroF1=0.5899  (1s)
Tip-Adapter-F          best-epoch K=  16 s=1 epochs=  40 best=  24  macroF1=0.5847  (7s)
Tip-Adapter-F          last-epoch K=  16 s=2 epochs=  20 best=  20  macroF1=0.6010  (1s)
Tip-Adapter-F          best-epoch K=  16 s=2 epochs=  40 best=  36  macroF1=0.6167  (7s)
Tip-Adapter-F          last-epoch K=  16 s=3 epochs=  20 best=  20  macroF1=0.6157  (1s)
Tip-Adapter-F          best-epoch K=  16 s=3 epochs=  40 best=   4  macroF1=0.5862  (6s)
Tip-Adapter-F          last-epoch K=full s=1 epochs=  20 best=  20  macroF1=0.5775  (2s)
Tip-Adapter-F          best-epoch K=full s=1 epochs=  40 best=  24  macroF1=0.6017  (14s)
Tip-Adapter-F          last-epoch K=full s=2 epochs=  20 best=  20  macroF1=0.5853  (2s)
Tip-Adapter-F          best-epoch K=full s=2 epochs=  40 best=  24  macroF1=0.6017  (14s)
Tip-Adapter-F          last-epoch K=full s=3 epochs=  20 best=  20  macroF1=0.5714  (2s)
Tip-Adapter-F          best-epoch K=full s=3 epochs=  40 best=  36  macroF1=0.6181  (14s)
PlantCaFo-style cache  last-epoch K=   1 s=1 epochs=  20 best=  20  macroF1=0.5156  (2s)
PlantCaFo-style cache  best-epoch K=   1 s=1 epochs=  40 best=  40  macroF1=0.5075  (17s)
PlantCaFo-style cache  last-epoch K=   1 s=2 epochs=  20 best=  20  macroF1=0.5180  (1s)
PlantCaFo-style cache  best-epoch K=   1 s=2 epochs=  40 best=   4  macroF1=0.5185  (14s)
PlantCaFo-style cache  last-epoch K=   1 s=3 epochs=  20 best=  20  macroF1=0.5739  (2s)
PlantCaFo-style cache  best-epoch K=   1 s=3 epochs=  40 best=   4  macroF1=0.5761  (15s)
PlantCaFo-style cache  last-epoch K=   2 s=1 epochs=  20 best=  20  macroF1=0.6088  (2s)
PlantCaFo-style cache  best-epoch K=   2 s=1 epochs=  40 best=   4  macroF1=0.6120  (14s)
PlantCaFo-style cache  last-epoch K=   2 s=2 epochs=  20 best=  20  macroF1=0.5462  (2s)
PlantCaFo-style cache  best-epoch K=   2 s=2 epochs=  40 best=   4  macroF1=0.5344  (14s)
PlantCaFo-style cache  last-epoch K=   2 s=3 epochs=  20 best=  20  macroF1=0.5322  (2s)
PlantCaFo-style cache  best-epoch K=   2 s=3 epochs=  40 best=   4  macroF1=0.5304  (15s)
PlantCaFo-style cache  last-epoch K=   4 s=1 epochs=  20 best=  20  macroF1=0.5289  (2s)
PlantCaFo-style cache  best-epoch K=   4 s=1 epochs=  40 best=  12  macroF1=0.5276  (15s)
PlantCaFo-style cache  last-epoch K=   4 s=2 epochs=  20 best=  20  macroF1=0.5704  (2s)
PlantCaFo-style cache  best-epoch K=   4 s=2 epochs=  40 best=  28  macroF1=0.5710  (14s)
PlantCaFo-style cache  last-epoch K=   4 s=3 epochs=  20 best=  20  macroF1=0.5873  (1s)
PlantCaFo-style cache  best-epoch K=   4 s=3 epochs=  40 best=   8  macroF1=0.5899  (15s)
PlantCaFo-style cache  last-epoch K=   8 s=1 epochs=  20 best=  20  macroF1=0.5598  (1s)
PlantCaFo-style cache  best-epoch K=   8 s=1 epochs=  40 best=   4  macroF1=0.5795  (17s)
PlantCaFo-style cache  last-epoch K=   8 s=2 epochs=  20 best=  20  macroF1=0.5973  (2s)
PlantCaFo-style cache  best-epoch K=   8 s=2 epochs=  40 best=  32  macroF1=0.5952  (15s)
PlantCaFo-style cache  last-epoch K=   8 s=3 epochs=  20 best=  20  macroF1=0.5492  (2s)
PlantCaFo-style cache  best-epoch K=   8 s=3 epochs=  40 best=  40  macroF1=0.5477  (17s)
PlantCaFo-style cache  last-epoch K=  16 s=1 epochs=  20 best=  20  macroF1=0.5916  (2s)
PlantCaFo-style cache  best-epoch K=  16 s=1 epochs=  40 best=   8  macroF1=0.5931  (19s)
PlantCaFo-style cache  last-epoch K=  16 s=2 epochs=  20 best=  20  macroF1=0.5488  (2s)
PlantCaFo-style cache  best-epoch K=  16 s=2 epochs=  40 best=  20  macroF1=0.5488  (19s)
PlantCaFo-style cache  last-epoch K=  16 s=3 epochs=  20 best=  20  macroF1=0.5552  (2s)
PlantCaFo-style cache  best-epoch K=  16 s=3 epochs=  40 best=   4  macroF1=0.5982  (17s)
PlantCaFo-style cache  last-epoch K=full s=1 epochs=  20 best=  20  macroF1=0.5714  (6s)
PlantCaFo-style cache  best-epoch K=full s=1 epochs=  40 best=  36  macroF1=0.6366  (51s)
PlantCaFo-style cache  last-epoch K=full s=2 epochs=  20 best=  20  macroF1=0.5780  (6s)
PlantCaFo-style cache  best-epoch K=full s=2 epochs=  40 best=  36  macroF1=0.6340  (56s)
PlantCaFo-style cache  last-epoch K=full s=3 epochs=  20 best=  20  macroF1=0.5756  (6s)
PlantCaFo-style cache  best-epoch K=full s=3 epochs=  40 best=  28  macroF1=0.6078  (52s)
CLIP-Adapter           last-epoch K=   1 s=1 epochs=  50 best=  50  macroF1=0.2430  (0s)
CLIP-Adapter           best-epoch K=   1 s=1 epochs= 100 best=  10  macroF1=0.4738  (0s)
CLIP-Adapter           last-epoch K=   1 s=2 epochs=  50 best=  50  macroF1=0.2894  (0s)
CLIP-Adapter           best-epoch K=   1 s=2 epochs= 100 best=  10  macroF1=0.5116  (0s)
CLIP-Adapter           last-epoch K=   1 s=3 epochs=  50 best=  50  macroF1=0.3892  (0s)
CLIP-Adapter           best-epoch K=   1 s=3 epochs= 100 best=  30  macroF1=0.4112  (0s)
CLIP-Adapter           last-epoch K=   2 s=1 epochs=  50 best=  50  macroF1=0.4959  (0s)
CLIP-Adapter           best-epoch K=   2 s=1 epochs= 100 best=  20  macroF1=0.5088  (0s)
CLIP-Adapter           last-epoch K=   2 s=2 epochs=  50 best=  50  macroF1=0.3592  (0s)
CLIP-Adapter           best-epoch K=   2 s=2 epochs= 100 best=  10  macroF1=0.3911  (0s)
CLIP-Adapter           last-epoch K=   2 s=3 epochs=  50 best=  50  macroF1=0.5332  (0s)
CLIP-Adapter           best-epoch K=   2 s=3 epochs= 100 best=  40  macroF1=0.5234  (0s)
CLIP-Adapter           last-epoch K=   4 s=1 epochs=  50 best=  50  macroF1=0.5558  (0s)
CLIP-Adapter           best-epoch K=   4 s=1 epochs= 100 best=  20  macroF1=0.5400  (0s)
CLIP-Adapter           last-epoch K=   4 s=2 epochs=  50 best=  50  macroF1=0.5836  (0s)
CLIP-Adapter           best-epoch K=   4 s=2 epochs= 100 best=  60  macroF1=0.5720  (0s)
CLIP-Adapter           last-epoch K=   4 s=3 epochs=  50 best=  50  macroF1=0.5154  (0s)
CLIP-Adapter           best-epoch K=   4 s=3 epochs= 100 best=  10  macroF1=0.6135  (0s)
CLIP-Adapter           last-epoch K=   8 s=1 epochs=  50 best=  50  macroF1=0.5221  (0s)
CLIP-Adapter           best-epoch K=   8 s=1 epochs= 100 best=  30  macroF1=0.5234  (0s)
CLIP-Adapter           last-epoch K=   8 s=2 epochs=  50 best=  50  macroF1=0.4407  (0s)
CLIP-Adapter           best-epoch K=   8 s=2 epochs= 100 best=  10  macroF1=0.5759  (0s)
CLIP-Adapter           last-epoch K=   8 s=3 epochs=  50 best=  50  macroF1=0.6151  (0s)
CLIP-Adapter           best-epoch K=   8 s=3 epochs= 100 best=  60  macroF1=0.5948  (0s)
CLIP-Adapter           last-epoch K=  16 s=1 epochs=  50 best=  50  macroF1=0.5873  (0s)
CLIP-Adapter           best-epoch K=  16 s=1 epochs= 100 best=  30  macroF1=0.5973  (1s)
CLIP-Adapter           last-epoch K=  16 s=2 epochs=  50 best=  50  macroF1=0.5916  (0s)
CLIP-Adapter           best-epoch K=  16 s=2 epochs= 100 best=  60  macroF1=0.5974  (1s)
CLIP-Adapter           last-epoch K=  16 s=3 epochs=  50 best=  50  macroF1=0.5749  (0s)
CLIP-Adapter           best-epoch K=  16 s=3 epochs= 100 best=  10  macroF1=0.5739  (1s)
CLIP-Adapter           last-epoch K=full s=1 epochs=  50 best=  50  macroF1=0.6820  (15s)
CLIP-Adapter           best-epoch K=full s=1 epochs= 100 best=  40  macroF1=0.6966  (34s)
CLIP-Adapter           last-epoch K=full s=2 epochs=  50 best=  50  macroF1=0.6804  (14s)
CLIP-Adapter           best-epoch K=full s=2 epochs= 100 best=  60  macroF1=0.7015  (29s)
CLIP-Adapter           last-epoch K=full s=3 epochs=  50 best=  50  macroF1=0.6787  (14s)
CLIP-Adapter           best-epoch K=full s=3 epochs= 100 best=  40  macroF1=0.6797  (29s)
TaskRes                last-epoch K=   1 s=1 epochs=  50 best=  50  macroF1=0.2523  (0s)
TaskRes                best-epoch K=   1 s=1 epochs= 100 best=  20  macroF1=0.2578  (0s)
TaskRes                last-epoch K=   1 s=2 epochs=  50 best=  50  macroF1=0.3232  (0s)
TaskRes                best-epoch K=   1 s=2 epochs= 100 best=  30  macroF1=0.3371  (0s)
TaskRes                last-epoch K=   1 s=3 epochs=  50 best=  50  macroF1=0.4315  (0s)
TaskRes                best-epoch K=   1 s=3 epochs= 100 best=  10  macroF1=0.5442  (0s)
TaskRes                last-epoch K=   2 s=1 epochs=  50 best=  50  macroF1=0.5094  (0s)
TaskRes                best-epoch K=   2 s=1 epochs= 100 best=  30  macroF1=0.5265  (0s)
TaskRes                last-epoch K=   2 s=2 epochs=  50 best=  50  macroF1=0.3497  (0s)
TaskRes                best-epoch K=   2 s=2 epochs= 100 best=  20  macroF1=0.3959  (0s)
TaskRes                last-epoch K=   2 s=3 epochs=  50 best=  50  macroF1=0.5347  (0s)
TaskRes                best-epoch K=   2 s=3 epochs= 100 best=  30  macroF1=0.5277  (0s)
TaskRes                last-epoch K=   4 s=1 epochs=  50 best=  50  macroF1=0.5619  (0s)
TaskRes                best-epoch K=   4 s=1 epochs= 100 best=  30  macroF1=0.5618  (0s)
TaskRes                last-epoch K=   4 s=2 epochs=  50 best=  50  macroF1=0.5961  (0s)
TaskRes                best-epoch K=   4 s=2 epochs= 100 best=  80  macroF1=0.5849  (0s)
TaskRes                last-epoch K=   4 s=3 epochs=  50 best=  50  macroF1=0.5475  (0s)
TaskRes                best-epoch K=   4 s=3 epochs= 100 best=  20  macroF1=0.6082  (0s)
TaskRes                last-epoch K=   8 s=1 epochs=  50 best=  50  macroF1=0.5360  (0s)
TaskRes                best-epoch K=   8 s=1 epochs= 100 best=  40  macroF1=0.5374  (0s)
TaskRes                last-epoch K=   8 s=2 epochs=  50 best=  50  macroF1=0.3869  (0s)
TaskRes                best-epoch K=   8 s=2 epochs= 100 best=  40  macroF1=0.4230  (0s)
TaskRes                last-epoch K=   8 s=3 epochs=  50 best=  50  macroF1=0.6083  (0s)
TaskRes                best-epoch K=   8 s=3 epochs= 100 best=  60  macroF1=0.6078  (0s)
TaskRes                last-epoch K=  16 s=1 epochs=  50 best=  50  macroF1=0.5967  (0s)
TaskRes                best-epoch K=  16 s=1 epochs= 100 best=  20  macroF1=0.6012  (1s)
TaskRes                last-epoch K=  16 s=2 epochs=  50 best=  50  macroF1=0.5823  (0s)
TaskRes                best-epoch K=  16 s=2 epochs= 100 best=  60  macroF1=0.5933  (1s)
TaskRes                last-epoch K=  16 s=3 epochs=  50 best=  50  macroF1=0.5693  (0s)
TaskRes                best-epoch K=  16 s=3 epochs= 100 best=  10  macroF1=0.5699  (1s)
TaskRes                last-epoch K=full s=1 epochs=  50 best=  50  macroF1=0.6625  (11s)
TaskRes                best-epoch K=full s=1 epochs= 100 best=  70  macroF1=0.6796  (22s)
TaskRes                last-epoch K=full s=2 epochs=  50 best=  50  macroF1=0.6499  (11s)
TaskRes                best-epoch K=full s=2 epochs= 100 best=  40  macroF1=0.6618  (23s)
TaskRes                last-epoch K=full s=3 epochs=  50 best=  50  macroF1=0.6570  (11s)
TaskRes                best-epoch K=full s=3 epochs= 100 best=  10  macroF1=0.6893  (22s)
CLAP                   last-epoch K=   1 s=1 epochs= 300 best= 300  macroF1=0.2642  (1s)
CLAP                   best-epoch K=   1 s=1 epochs= 600 best= 360  macroF1=0.4805  (2s)
CLAP                   last-epoch K=   1 s=2 epochs= 300 best= 300  macroF1=0.3129  (1s)
CLAP                   best-epoch K=   1 s=2 epochs= 600 best= 180  macroF1=0.4832  (2s)
CLAP                   last-epoch K=   1 s=3 epochs= 300 best= 300  macroF1=0.3898  (1s)
CLAP                   best-epoch K=   1 s=3 epochs= 600 best= 480  macroF1=0.5674  (2s)
CLAP                   last-epoch K=   2 s=1 epochs= 300 best= 300  macroF1=0.5153  (1s)
CLAP                   best-epoch K=   2 s=1 epochs= 600 best= 180  macroF1=0.5564  (2s)
CLAP                   last-epoch K=   2 s=2 epochs= 300 best= 300  macroF1=0.3433  (1s)
CLAP                   best-epoch K=   2 s=2 epochs= 600 best= 360  macroF1=0.4630  (2s)
CLAP                   last-epoch K=   2 s=3 epochs= 300 best= 300  macroF1=0.5173  (1s)
CLAP                   best-epoch K=   2 s=3 epochs= 600 best= 120  macroF1=0.5195  (2s)
CLAP                   last-epoch K=   4 s=1 epochs= 300 best= 300  macroF1=0.5294  (1s)
CLAP                   best-epoch K=   4 s=1 epochs= 600 best= 180  macroF1=0.5474  (2s)
CLAP                   last-epoch K=   4 s=2 epochs= 300 best= 300  macroF1=0.5848  (1s)
CLAP                   best-epoch K=   4 s=2 epochs= 600 best= 240  macroF1=0.5776  (2s)
CLAP                   last-epoch K=   4 s=3 epochs= 300 best= 300  macroF1=0.5223  (1s)
CLAP                   best-epoch K=   4 s=3 epochs= 600 best= 480  macroF1=0.5649  (2s)
CLAP                   last-epoch K=   8 s=1 epochs= 300 best= 300  macroF1=0.5268  (1s)
CLAP                   best-epoch K=   8 s=1 epochs= 600 best= 240  macroF1=0.5318  (2s)
CLAP                   last-epoch K=   8 s=2 epochs= 300 best= 300  macroF1=0.4364  (1s)
CLAP                   best-epoch K=   8 s=2 epochs= 600 best=  60  macroF1=0.5566  (2s)
CLAP                   last-epoch K=   8 s=3 epochs= 300 best= 300  macroF1=0.6021  (1s)
CLAP                   best-epoch K=   8 s=3 epochs= 600 best=  60  macroF1=0.5917  (2s)
CLAP                   last-epoch K=  16 s=1 epochs= 300 best= 300  macroF1=0.5923  (2s)
CLAP                   best-epoch K=  16 s=1 epochs= 600 best= 420  macroF1=0.5940  (4s)
CLAP                   last-epoch K=  16 s=2 epochs= 300 best= 300  macroF1=0.6050  (2s)
CLAP                   best-epoch K=  16 s=2 epochs= 600 best= 480  macroF1=0.6038  (4s)
CLAP                   last-epoch K=  16 s=3 epochs= 300 best= 300  macroF1=0.5796  (2s)
CLAP                   best-epoch K=  16 s=3 epochs= 600 best= 360  macroF1=0.5850  (4s)
CLAP                   last-epoch K=full s=1 epochs= 300 best= 300  macroF1=0.6117  (71s)
CLAP                   best-epoch K=full s=1 epochs= 600 best= 540  macroF1=0.6263  (139s)
CLAP                   last-epoch K=full s=2 epochs= 300 best= 300  macroF1=0.6083  (69s)
CLAP                   best-epoch K=full s=2 epochs= 600 best= 600  macroF1=0.6037  (139s)
CLAP                   last-epoch K=full s=3 epochs= 300 best= 300  macroF1=0.6136  (69s)
CLAP                   best-epoch K=full s=3 epochs= 600 best= 540  macroF1=0.6743  (140s)
GraphAdapter           last-epoch K=   1 s=1 epochs=  50 best=  50  macroF1=0.5434  (0s)
GraphAdapter           best-epoch K=   1 s=1 epochs= 100 best=  20  macroF1=0.5683  (1s)
GraphAdapter           last-epoch K=   1 s=2 epochs=  50 best=  50  macroF1=0.5547  (0s)
GraphAdapter           best-epoch K=   1 s=2 epochs= 100 best=  70  macroF1=0.4015  (1s)
GraphAdapter           last-epoch K=   1 s=3 epochs=  50 best=  50  macroF1=0.4494  (0s)
GraphAdapter           best-epoch K=   1 s=3 epochs= 100 best=  10  macroF1=0.5592  (1s)
GraphAdapter           last-epoch K=   2 s=1 epochs=  50 best=  50  macroF1=0.5562  (0s)
GraphAdapter           best-epoch K=   2 s=1 epochs= 100 best=  70  macroF1=0.5613  (1s)
GraphAdapter           last-epoch K=   2 s=2 epochs=  50 best=  50  macroF1=0.5195  (0s)
GraphAdapter           best-epoch K=   2 s=2 epochs= 100 best=  60  macroF1=0.4330  (1s)
GraphAdapter           last-epoch K=   2 s=3 epochs=  50 best=  50  macroF1=0.5037  (0s)
GraphAdapter           best-epoch K=   2 s=3 epochs= 100 best= 100  macroF1=0.5293  (1s)
GraphAdapter           last-epoch K=   4 s=1 epochs=  50 best=  50  macroF1=0.5627  (0s)
GraphAdapter           best-epoch K=   4 s=1 epochs= 100 best=  70  macroF1=0.5792  (1s)
GraphAdapter           last-epoch K=   4 s=2 epochs=  50 best=  50  macroF1=0.5776  (0s)
GraphAdapter           best-epoch K=   4 s=2 epochs= 100 best=  10  macroF1=0.5791  (1s)
GraphAdapter           last-epoch K=   4 s=3 epochs=  50 best=  50  macroF1=0.5143  (0s)
GraphAdapter           best-epoch K=   4 s=3 epochs= 100 best=  60  macroF1=0.5808  (1s)
GraphAdapter           last-epoch K=   8 s=1 epochs=  50 best=  50  macroF1=0.5276  (0s)
GraphAdapter           best-epoch K=   8 s=1 epochs= 100 best=  90  macroF1=0.5310  (1s)
GraphAdapter           last-epoch K=   8 s=2 epochs=  50 best=  50  macroF1=0.5543  (0s)
GraphAdapter           best-epoch K=   8 s=2 epochs= 100 best=  20  macroF1=0.5844  (1s)
GraphAdapter           last-epoch K=   8 s=3 epochs=  50 best=  50  macroF1=0.5341  (0s)
GraphAdapter           best-epoch K=   8 s=3 epochs= 100 best=  90  macroF1=0.6045  (1s)
GraphAdapter           last-epoch K=  16 s=1 epochs=  50 best=  50  macroF1=0.5718  (0s)
GraphAdapter           best-epoch K=  16 s=1 epochs= 100 best=  40  macroF1=0.5795  (1s)
GraphAdapter           last-epoch K=  16 s=2 epochs=  50 best=  50  macroF1=0.5425  (0s)
GraphAdapter           best-epoch K=  16 s=2 epochs= 100 best=  40  macroF1=0.5611  (1s)
GraphAdapter           last-epoch K=  16 s=3 epochs=  50 best=  50  macroF1=0.5627  (0s)
GraphAdapter           best-epoch K=  16 s=3 epochs= 100 best=  70  macroF1=0.5796  (1s)
GraphAdapter           last-epoch K=full s=1 epochs=  50 best=  50  macroF1=0.6446  (15s)
GraphAdapter           best-epoch K=full s=1 epochs= 100 best=  70  macroF1=0.6538  (30s)
GraphAdapter           last-epoch K=full s=2 epochs=  50 best=  50  macroF1=0.6356  (15s)
GraphAdapter           best-epoch K=full s=2 epochs= 100 best=  80  macroF1=0.6535  (30s)
GraphAdapter           last-epoch K=full s=3 epochs=  50 best=  50  macroF1=0.6450  (15s)
GraphAdapter           best-epoch K=full s=3 epochs= 100 best=  90  macroF1=0.6834  (31s)
K                                             1              2              4              8             16           full
method                variant                                                                                             
CLAP                  best-epoch  0.510 ± 0.049  0.513 ± 0.047  0.563 ± 0.015  0.560 ± 0.030  0.594 ± 0.009  0.635 ± 0.036
                      last-epoch  0.322 ± 0.063  0.459 ± 0.100  0.546 ± 0.034  0.522 ± 0.083  0.592 ± 0.013  0.611 ± 0.003
CLIP-Adapter          best-epoch  0.466 ± 0.051  0.474 ± 0.073  0.575 ± 0.037  0.565 ± 0.037  0.590 ± 0.014  0.693 ± 0.011
                      last-epoch  0.307 ± 0.075  0.463 ± 0.092  0.552 ± 0.034  0.526 ± 0.087  0.585 ± 0.009  0.680 ± 0.002
GraphAdapter          best-epoch  0.510 ± 0.094  0.508 ± 0.067  0.580 ± 0.001  0.573 ± 0.038  0.573 ± 0.011  0.664 ± 0.017
                      last-epoch  0.516 ± 0.058  0.526 ± 0.027  0.552 ± 0.033  0.539 ± 0.014  0.559 ± 0.015  0.642 ± 0.005
PRGA                  as-is       0.454 ± 0.140  0.514 ± 0.101  0.589 ± 0.025  0.576 ± 0.040  0.597 ± 0.026  0.699 ± 0.002
PRGA + DINOv2 cache   as-is       0.412 ± 0.157  0.499 ± 0.122  0.587 ± 0.017  0.574 ± 0.041  0.601 ± 0.011  0.696 ± 0.005
PlantCaFo-style cache best-epoch  0.534 ± 0.037  0.559 ± 0.046  0.563 ± 0.032  0.574 ± 0.024  0.580 ± 0.027  0.626 ± 0.016
                      last-epoch  0.536 ± 0.033  0.562 ± 0.041  0.562 ± 0.030  0.569 ± 0.025  0.565 ± 0.023  0.575 ± 0.003
TaskRes               best-epoch  0.380 ± 0.148  0.483 ± 0.076  0.585 ± 0.023  0.523 ± 0.093  0.588 ± 0.016  0.677 ± 0.014
                      last-epoch  0.336 ± 0.090  0.465 ± 0.100  0.569 ± 0.025  0.510 ± 0.113  0.583 ± 0.014  0.656 ± 0.006
Tip-Adapter-F         best-epoch  0.567 ± 0.003  0.562 ± 0.054  0.584 ± 0.037  0.592 ± 0.025  0.596 ± 0.018  0.607 ± 0.009
                      last-epoch  0.568 ± 0.002  0.564 ± 0.050  0.588 ± 0.022  0.600 ± 0.038  0.602 ± 0.013  0.578 ± 0.007
