PRGA [bioclip]         as-is      K=   1 s=1 epochs=  60 best=  -1  macroF1=0.4835  (13s)
PRGA + DINOv2 cache [bioclip] as-is      K=   1 s=1 epochs=  60 best=  -1  macroF1=0.4625  (13s)
PRGA [bioclip]         as-is      K=   1 s=2 epochs=  60 best=  -1  macroF1=0.5129  (11s)
PRGA + DINOv2 cache [bioclip] as-is      K=   1 s=2 epochs=  60 best=  -1  macroF1=0.2955  (11s)
PRGA [bioclip]         as-is      K=   1 s=3 epochs=  60 best=  -1  macroF1=0.5652  (11s)
PRGA + DINOv2 cache [bioclip] as-is      K=   1 s=3 epochs=  60 best=  -1  macroF1=0.5741  (11s)
PRGA [bioclip]         as-is      K=   2 s=1 epochs=  60 best=  -1  macroF1=0.5675  (11s)
PRGA + DINOv2 cache [bioclip] as-is      K=   2 s=1 epochs=  60 best=  -1  macroF1=0.5687  (11s)
PRGA [bioclip]         as-is      K=   2 s=2 epochs=  60 best=  -1  macroF1=0.4401  (11s)
PRGA + DINOv2 cache [bioclip] as-is      K=   2 s=2 epochs=  60 best=  -1  macroF1=0.3977  (11s)
PRGA [bioclip]         as-is      K=   2 s=3 epochs=  60 best=  -1  macroF1=0.5379  (11s)
PRGA + DINOv2 cache [bioclip] as-is      K=   2 s=3 epochs=  60 best=  -1  macroF1=0.5303  (11s)
PRGA [bioclip]         as-is      K=   4 s=1 epochs=  60 best=  -1  macroF1=0.5431  (11s)
PRGA + DINOv2 cache [bioclip] as-is      K=   4 s=1 epochs=  60 best=  -1  macroF1=0.5176  (11s)
PRGA [bioclip]         as-is      K=   4 s=2 epochs=  60 best=  -1  macroF1=0.5882  (11s)
PRGA + DINOv2 cache [bioclip] as-is      K=   4 s=2 epochs=  60 best=  -1  macroF1=0.5882  (11s)
PRGA [bioclip]         as-is      K=   4 s=3 epochs=  60 best=  -1  macroF1=0.5546  (11s)
PRGA + DINOv2 cache [bioclip] as-is      K=   4 s=3 epochs=  60 best=  -1  macroF1=0.5586  (11s)
PRGA [bioclip]         as-is      K=   8 s=1 epochs=  60 best=  -1  macroF1=0.5516  (11s)
PRGA + DINOv2 cache [bioclip] as-is      K=   8 s=1 epochs=  60 best=  -1  macroF1=0.5408  (11s)
PRGA [bioclip]         as-is      K=   8 s=2 epochs=  60 best=  -1  macroF1=0.5568  (11s)
PRGA + DINOv2 cache [bioclip] as-is      K=   8 s=2 epochs=  60 best=  -1  macroF1=0.5579  (11s)
PRGA [bioclip]         as-is      K=   8 s=3 epochs=  60 best=  -1  macroF1=0.5963  (11s)
PRGA + DINOv2 cache [bioclip] as-is      K=   8 s=3 epochs=  60 best=  -1  macroF1=0.6066  (11s)
PRGA [bioclip]         as-is      K=  16 s=1 epochs=  60 best=  -1  macroF1=0.5534  (11s)
PRGA + DINOv2 cache [bioclip] as-is      K=  16 s=1 epochs=  60 best=  -1  macroF1=0.5739  (11s)
PRGA [bioclip]         as-is      K=  16 s=2 epochs=  60 best=  -1  macroF1=0.5355  (11s)
PRGA + DINOv2 cache [bioclip] as-is      K=  16 s=2 epochs=  60 best=  -1  macroF1=0.5342  (11s)
PRGA [bioclip]         as-is      K=  16 s=3 epochs=  60 best=  -1  macroF1=0.5344  (11s)
PRGA + DINOv2 cache [bioclip] as-is      K=  16 s=3 epochs=  60 best=  -1  macroF1=0.5423  (11s)
PRGA [bioclip]         as-is      K=full s=1 epochs=  60 best=  -1  macroF1=0.6823  (46s)
PRGA + DINOv2 cache [bioclip] as-is      K=full s=1 epochs=  60 best=  -1  macroF1=0.6823  (46s)
PRGA [bioclip]         as-is      K=full s=2 epochs=  60 best=  -1  macroF1=0.7188  (46s)
PRGA + DINOv2 cache [bioclip] as-is      K=full s=2 epochs=  60 best=  -1  macroF1=0.7188  (46s)
PRGA [bioclip]         as-is      K=full s=3 epochs=  60 best=  -1  macroF1=0.7214  (46s)
PRGA + DINOv2 cache [bioclip] as-is      K=full s=3 epochs=  60 best=  -1  macroF1=0.7214  (46s)
Tip-Adapter-F [bioclip] last-epoch K=   1 s=1 epochs=  20 best=  20  macroF1=0.4889  (0s)
Tip-Adapter-F [bioclip] best-epoch K=   1 s=1 epochs=  40 best=  32  macroF1=0.4879  (2s)
Tip-Adapter-F [bioclip] last-epoch K=   1 s=2 epochs=  20 best=  20  macroF1=0.5232  (0s)
Tip-Adapter-F [bioclip] best-epoch K=   1 s=2 epochs=  40 best=  16  macroF1=0.5222  (2s)
Tip-Adapter-F [bioclip] last-epoch K=   1 s=3 epochs=  20 best=  20  macroF1=0.5122  (0s)
Tip-Adapter-F [bioclip] best-epoch K=   1 s=3 epochs=  40 best=   8  macroF1=0.5123  (2s)
Tip-Adapter-F [bioclip] last-epoch K=   2 s=1 epochs=  20 best=  20  macroF1=0.5952  (0s)
Tip-Adapter-F [bioclip] best-epoch K=   2 s=1 epochs=  40 best=  16  macroF1=0.5992  (2s)
Tip-Adapter-F [bioclip] last-epoch K=   2 s=2 epochs=  20 best=  20  macroF1=0.5421  (0s)
Tip-Adapter-F [bioclip] best-epoch K=   2 s=2 epochs=  40 best=  12  macroF1=0.5399  (2s)
Tip-Adapter-F [bioclip] last-epoch K=   2 s=3 epochs=  20 best=  20  macroF1=0.5525  (0s)
Tip-Adapter-F [bioclip] best-epoch K=   2 s=3 epochs=  40 best=  36  macroF1=0.5535  (2s)
Tip-Adapter-F [bioclip] last-epoch K=   4 s=1 epochs=  20 best=  20  macroF1=0.5487  (0s)
Tip-Adapter-F [bioclip] best-epoch K=   4 s=1 epochs=  40 best=  40  macroF1=0.5301  (2s)
Tip-Adapter-F [bioclip] last-epoch K=   4 s=2 epochs=  20 best=  20  macroF1=0.5597  (0s)
Tip-Adapter-F [bioclip] best-epoch K=   4 s=2 epochs=  40 best=  28  macroF1=0.5632  (2s)
Tip-Adapter-F [bioclip] last-epoch K=   4 s=3 epochs=  20 best=  20  macroF1=0.5882  (0s)
Tip-Adapter-F [bioclip] best-epoch K=   4 s=3 epochs=  40 best=  32  macroF1=0.5963  (2s)
Tip-Adapter-F [bioclip] last-epoch K=   8 s=1 epochs=  20 best=  20  macroF1=0.5871  (0s)
Tip-Adapter-F [bioclip] best-epoch K=   8 s=1 epochs=  40 best=  36  macroF1=0.5760  (2s)
Tip-Adapter-F [bioclip] last-epoch K=   8 s=2 epochs=  20 best=  20  macroF1=0.6069  (0s)
Tip-Adapter-F [bioclip] best-epoch K=   8 s=2 epochs=  40 best=  24  macroF1=0.6016  (2s)
Tip-Adapter-F [bioclip] last-epoch K=   8 s=3 epochs=  20 best=  20  macroF1=0.6110  (0s)
Tip-Adapter-F [bioclip] best-epoch K=   8 s=3 epochs=  40 best=  36  macroF1=0.6356  (2s)
Tip-Adapter-F [bioclip] last-epoch K=  16 s=1 epochs=  20 best=  20  macroF1=0.5905  (0s)
Tip-Adapter-F [bioclip] best-epoch K=  16 s=1 epochs=  40 best=  28  macroF1=0.5897  (2s)
Tip-Adapter-F [bioclip] last-epoch K=  16 s=2 epochs=  20 best=  20  macroF1=0.5661  (0s)
Tip-Adapter-F [bioclip] best-epoch K=  16 s=2 epochs=  40 best=  28  macroF1=0.5484  (2s)
Tip-Adapter-F [bioclip] last-epoch K=  16 s=3 epochs=  20 best=  20  macroF1=0.5680  (0s)
Tip-Adapter-F [bioclip] best-epoch K=  16 s=3 epochs=  40 best=  36  macroF1=0.5602  (2s)
Tip-Adapter-F [bioclip] last-epoch K=full s=1 epochs=  20 best=  20  macroF1=0.5774  (1s)
Tip-Adapter-F [bioclip] best-epoch K=full s=1 epochs=  40 best=  28  macroF1=0.6262  (5s)
Tip-Adapter-F [bioclip] last-epoch K=full s=2 epochs=  20 best=  20  macroF1=0.5808  (1s)
Tip-Adapter-F [bioclip] best-epoch K=full s=2 epochs=  40 best=  36  macroF1=0.6212  (5s)
Tip-Adapter-F [bioclip] last-epoch K=full s=3 epochs=  20 best=  20  macroF1=0.5779  (1s)
Tip-Adapter-F [bioclip] best-epoch K=full s=3 epochs=  40 best=  36  macroF1=0.6099  (5s)
PlantCaFo-style cache [bioclip] last-epoch K=   1 s=1 epochs=  20 best=  20  macroF1=0.3910  (1s)
PlantCaFo-style cache [bioclip] best-epoch K=   1 s=1 epochs=  40 best=  28  macroF1=0.3906  (5s)
PlantCaFo-style cache [bioclip] last-epoch K=   1 s=2 epochs=  20 best=  20  macroF1=0.4978  (1s)
PlantCaFo-style cache [bioclip] best-epoch K=   1 s=2 epochs=  40 best=  40  macroF1=0.4970  (5s)
PlantCaFo-style cache [bioclip] last-epoch K=   1 s=3 epochs=  20 best=  20  macroF1=0.5172  (1s)
PlantCaFo-style cache [bioclip] best-epoch K=   1 s=3 epochs=  40 best=  28  macroF1=0.5167  (5s)
PlantCaFo-style cache [bioclip] last-epoch K=   2 s=1 epochs=  20 best=  20  macroF1=0.5805  (1s)
PlantCaFo-style cache [bioclip] best-epoch K=   2 s=1 epochs=  40 best=  40  macroF1=0.5950  (5s)
PlantCaFo-style cache [bioclip] last-epoch K=   2 s=2 epochs=  20 best=  20  macroF1=0.5188  (1s)
PlantCaFo-style cache [bioclip] best-epoch K=   2 s=2 epochs=  40 best=  40  macroF1=0.5160  (5s)
PlantCaFo-style cache [bioclip] last-epoch K=   2 s=3 epochs=  20 best=  20  macroF1=0.5495  (1s)
PlantCaFo-style cache [bioclip] best-epoch K=   2 s=3 epochs=  40 best=  40  macroF1=0.5541  (5s)
PlantCaFo-style cache [bioclip] last-epoch K=   4 s=1 epochs=  20 best=  20  macroF1=0.5442  (1s)
PlantCaFo-style cache [bioclip] best-epoch K=   4 s=1 epochs=  40 best=  32  macroF1=0.5461  (5s)
PlantCaFo-style cache [bioclip] last-epoch K=   4 s=2 epochs=  20 best=  20  macroF1=0.5168  (1s)
PlantCaFo-style cache [bioclip] best-epoch K=   4 s=2 epochs=  40 best=  40  macroF1=0.5168  (5s)
PlantCaFo-style cache [bioclip] last-epoch K=   4 s=3 epochs=  20 best=  20  macroF1=0.5855  (1s)
PlantCaFo-style cache [bioclip] best-epoch K=   4 s=3 epochs=  40 best=  32  macroF1=0.5821  (5s)
PlantCaFo-style cache [bioclip] last-epoch K=   8 s=1 epochs=  20 best=  20  macroF1=0.5647  (1s)
PlantCaFo-style cache [bioclip] best-epoch K=   8 s=1 epochs=  40 best=  40  macroF1=0.5562  (5s)
PlantCaFo-style cache [bioclip] last-epoch K=   8 s=2 epochs=  20 best=  20  macroF1=0.5923  (1s)
PlantCaFo-style cache [bioclip] best-epoch K=   8 s=2 epochs=  40 best=  40  macroF1=0.5793  (5s)
PlantCaFo-style cache [bioclip] last-epoch K=   8 s=3 epochs=  20 best=  20  macroF1=0.6286  (1s)
PlantCaFo-style cache [bioclip] best-epoch K=   8 s=3 epochs=  40 best=  40  macroF1=0.6175  (5s)
PlantCaFo-style cache [bioclip] last-epoch K=  16 s=1 epochs=  20 best=  20  macroF1=0.5844  (1s)
PlantCaFo-style cache [bioclip] best-epoch K=  16 s=1 epochs=  40 best=  40  macroF1=0.5832  (5s)
PlantCaFo-style cache [bioclip] last-epoch K=  16 s=2 epochs=  20 best=  20  macroF1=0.5586  (1s)
PlantCaFo-style cache [bioclip] best-epoch K=  16 s=2 epochs=  40 best=  32  macroF1=0.5588  (5s)
PlantCaFo-style cache [bioclip] last-epoch K=  16 s=3 epochs=  20 best=  20  macroF1=0.5694  (1s)
PlantCaFo-style cache [bioclip] best-epoch K=  16 s=3 epochs=  40 best=  40  macroF1=0.5668  (5s)
PlantCaFo-style cache [bioclip] last-epoch K=full s=1 epochs=  20 best=  20  macroF1=0.5758  (3s)
PlantCaFo-style cache [bioclip] best-epoch K=full s=1 epochs=  40 best=  40  macroF1=0.6220  (17s)
PlantCaFo-style cache [bioclip] last-epoch K=full s=2 epochs=  20 best=  20  macroF1=0.5550  (3s)
PlantCaFo-style cache [bioclip] best-epoch K=full s=2 epochs=  40 best=  40  macroF1=0.6339  (17s)
PlantCaFo-style cache [bioclip] last-epoch K=full s=3 epochs=  20 best=  20  macroF1=0.6076  (3s)
PlantCaFo-style cache [bioclip] best-epoch K=full s=3 epochs=  40 best=  40  macroF1=0.6423  (17s)
K                                                       1              2              4              8             16           full
method                          variant                                                                                             
CLAP                            best-epoch  0.510 ± 0.049  0.513 ± 0.047  0.563 ± 0.015  0.560 ± 0.030  0.594 ± 0.009  0.635 ± 0.036
                                last-epoch  0.322 ± 0.063  0.459 ± 0.100  0.546 ± 0.034  0.522 ± 0.083  0.592 ± 0.013  0.611 ± 0.003
CLIP-Adapter                    best-epoch  0.466 ± 0.051  0.474 ± 0.073  0.575 ± 0.037  0.565 ± 0.037  0.590 ± 0.014  0.693 ± 0.011
                                last-epoch  0.307 ± 0.075  0.463 ± 0.092  0.552 ± 0.034  0.526 ± 0.087  0.585 ± 0.009  0.680 ± 0.002
GraphAdapter                    best-epoch  0.510 ± 0.094  0.508 ± 0.067  0.580 ± 0.001  0.573 ± 0.038  0.573 ± 0.011  0.664 ± 0.017
                                last-epoch  0.516 ± 0.058  0.526 ± 0.027  0.552 ± 0.033  0.539 ± 0.014  0.559 ± 0.015  0.642 ± 0.005
PRGA                            as-is       0.454 ± 0.140  0.514 ± 0.101  0.589 ± 0.025  0.576 ± 0.040  0.597 ± 0.026  0.699 ± 0.002
PRGA + DINOv2 cache             as-is       0.412 ± 0.157  0.499 ± 0.122  0.587 ± 0.017  0.574 ± 0.041  0.601 ± 0.011  0.696 ± 0.005
PRGA + DINOv2 cache [bioclip]   as-is       0.444 ± 0.140  0.499 ± 0.090  0.555 ± 0.035  0.568 ± 0.034  0.550 ± 0.021  0.708 ± 0.022
PRGA [bioclip]                  as-is       0.521 ± 0.041  0.515 ± 0.067  0.562 ± 0.023  0.568 ± 0.024  0.541 ± 0.011  0.708 ± 0.022
PlantCaFo-style cache           best-epoch  0.534 ± 0.037  0.559 ± 0.046  0.563 ± 0.032  0.574 ± 0.024  0.580 ± 0.027  0.626 ± 0.016
                                last-epoch  0.536 ± 0.033  0.562 ± 0.041  0.562 ± 0.030  0.569 ± 0.025  0.565 ± 0.023  0.575 ± 0.003
PlantCaFo-style cache [bioclip] best-epoch  0.468 ± 0.068  0.555 ± 0.040  0.548 ± 0.033  0.584 ± 0.031  0.570 ± 0.012  0.633 ± 0.010
                                last-epoch  0.469 ± 0.068  0.550 ± 0.031  0.549 ± 0.035  0.595 ± 0.032  0.571 ± 0.013  0.579 ± 0.026
TaskRes                         best-epoch  0.380 ± 0.148  0.483 ± 0.076  0.585 ± 0.023  0.523 ± 0.093  0.588 ± 0.016  0.677 ± 0.014
                                last-epoch  0.336 ± 0.090  0.465 ± 0.100  0.569 ± 0.025  0.510 ± 0.113  0.583 ± 0.014  0.656 ± 0.006
Tip-Adapter-F                   best-epoch  0.567 ± 0.003  0.562 ± 0.054  0.584 ± 0.037  0.592 ± 0.025  0.596 ± 0.018  0.607 ± 0.009
                                last-epoch  0.568 ± 0.002  0.564 ± 0.050  0.588 ± 0.022  0.600 ± 0.038  0.602 ± 0.013  0.578 ± 0.007
Tip-Adapter-F [bioclip]         best-epoch  0.507 ± 0.018  0.564 ± 0.031  0.563 ± 0.033  0.604 ± 0.030  0.566 ± 0.021  0.619 ± 0.008
                                last-epoch  0.508 ± 0.017  0.563 ± 0.028  0.566 ± 0.020  0.602 ± 0.013  0.575 ± 0.014  0.579 ± 0.002
