PRGA [clip_l14]        as-is      K=   1 s=1 epochs=  60 best=  -1  macroF1=0.6734  (15s)
PRGA + DINOv2 cache [clip_l14] as-is      K=   1 s=1 epochs=  60 best=  -1  macroF1=0.6736  (15s)
PRGA [clip_l14]        as-is      K=   1 s=2 epochs=  60 best=  -1  macroF1=0.6862  (11s)
PRGA + DINOv2 cache [clip_l14] as-is      K=   1 s=2 epochs=  60 best=  -1  macroF1=0.6756  (11s)
PRGA [clip_l14]        as-is      K=   1 s=3 epochs=  60 best=  -1  macroF1=0.6404  (12s)
PRGA + DINOv2 cache [clip_l14] as-is      K=   1 s=3 epochs=  60 best=  -1  macroF1=0.6951  (12s)
PRGA [clip_l14]        as-is      K=   2 s=1 epochs=  60 best=  -1  macroF1=0.7144  (11s)
PRGA + DINOv2 cache [clip_l14] as-is      K=   2 s=1 epochs=  60 best=  -1  macroF1=0.7300  (11s)
PRGA [clip_l14]        as-is      K=   2 s=2 epochs=  60 best=  -1  macroF1=0.6635  (11s)
PRGA + DINOv2 cache [clip_l14] as-is      K=   2 s=2 epochs=  60 best=  -1  macroF1=0.6635  (11s)
PRGA [clip_l14]        as-is      K=   2 s=3 epochs=  60 best=  -1  macroF1=0.6942  (12s)
PRGA + DINOv2 cache [clip_l14] as-is      K=   2 s=3 epochs=  60 best=  -1  macroF1=0.6854  (12s)
PRGA [clip_l14]        as-is      K=   4 s=1 epochs=  60 best=  -1  macroF1=0.6329  (12s)
PRGA + DINOv2 cache [clip_l14] as-is      K=   4 s=1 epochs=  60 best=  -1  macroF1=0.6127  (12s)
PRGA [clip_l14]        as-is      K=   4 s=2 epochs=  60 best=  -1  macroF1=0.7230  (12s)
PRGA + DINOv2 cache [clip_l14] as-is      K=   4 s=2 epochs=  60 best=  -1  macroF1=0.7230  (12s)
PRGA [clip_l14]        as-is      K=   4 s=3 epochs=  60 best=  -1  macroF1=0.6845  (12s)
PRGA + DINOv2 cache [clip_l14] as-is      K=   4 s=3 epochs=  60 best=  -1  macroF1=0.6845  (12s)
PRGA [clip_l14]        as-is      K=   8 s=1 epochs=  60 best=  -1  macroF1=0.6807  (13s)
PRGA + DINOv2 cache [clip_l14] as-is      K=   8 s=1 epochs=  60 best=  -1  macroF1=0.6836  (13s)
PRGA [clip_l14]        as-is      K=   8 s=2 epochs=  60 best=  -1  macroF1=0.6792  (13s)
PRGA + DINOv2 cache [clip_l14] as-is      K=   8 s=2 epochs=  60 best=  -1  macroF1=0.7045  (13s)
PRGA [clip_l14]        as-is      K=   8 s=3 epochs=  60 best=  -1  macroF1=0.6361  (12s)
PRGA + DINOv2 cache [clip_l14] as-is      K=   8 s=3 epochs=  60 best=  -1  macroF1=0.6393  (12s)
PRGA [clip_l14]        as-is      K=  16 s=1 epochs=  60 best=  -1  macroF1=0.6756  (11s)
PRGA + DINOv2 cache [clip_l14] as-is      K=  16 s=1 epochs=  60 best=  -1  macroF1=0.6758  (11s)
PRGA [clip_l14]        as-is      K=  16 s=2 epochs=  60 best=  -1  macroF1=0.6448  (11s)
PRGA + DINOv2 cache [clip_l14] as-is      K=  16 s=2 epochs=  60 best=  -1  macroF1=0.6326  (11s)
PRGA [clip_l14]        as-is      K=  16 s=3 epochs=  60 best=  -1  macroF1=0.6870  (12s)
PRGA + DINOv2 cache [clip_l14] as-is      K=  16 s=3 epochs=  60 best=  -1  macroF1=0.6959  (12s)
PRGA [clip_l14]        as-is      K=full s=1 epochs=  60 best=  -1  macroF1=0.7191  (61s)
PRGA + DINOv2 cache [clip_l14] as-is      K=full s=1 epochs=  60 best=  -1  macroF1=0.7191  (61s)
PRGA [clip_l14]        as-is      K=full s=2 epochs=  60 best=  -1  macroF1=0.7375  (59s)
PRGA + DINOv2 cache [clip_l14] as-is      K=full s=2 epochs=  60 best=  -1  macroF1=0.7187  (59s)
PRGA [clip_l14]        as-is      K=full s=3 epochs=  60 best=  -1  macroF1=0.7290  (59s)
PRGA + DINOv2 cache [clip_l14] as-is      K=full s=3 epochs=  60 best=  -1  macroF1=0.7266  (59s)
Tip-Adapter-F [clip_l14] best-epoch K=   1 s=1 epochs=  40 best=   4  macroF1=0.5975  (5s)
Tip-Adapter-F [clip_l14] best-epoch K=   1 s=2 epochs=  40 best=   4  macroF1=0.6063  (4s)
Tip-Adapter-F [clip_l14] best-epoch K=   1 s=3 epochs=  40 best=   4  macroF1=0.6049  (5s)
Tip-Adapter-F [clip_l14] best-epoch K=   2 s=1 epochs=  40 best=  16  macroF1=0.7065  (5s)
Tip-Adapter-F [clip_l14] best-epoch K=   2 s=2 epochs=  40 best=   4  macroF1=0.6448  (5s)
Tip-Adapter-F [clip_l14] best-epoch K=   2 s=3 epochs=  40 best=   8  macroF1=0.6927  (5s)
Tip-Adapter-F [clip_l14] best-epoch K=   4 s=1 epochs=  40 best=   4  macroF1=0.6357  (6s)
Tip-Adapter-F [clip_l14] best-epoch K=   4 s=2 epochs=  40 best=  16  macroF1=0.6819  (5s)
Tip-Adapter-F [clip_l14] best-epoch K=   4 s=3 epochs=  40 best=  40  macroF1=0.6877  (6s)
Tip-Adapter-F [clip_l14] best-epoch K=   8 s=1 epochs=  40 best=   4  macroF1=0.6817  (5s)
Tip-Adapter-F [clip_l14] best-epoch K=   8 s=2 epochs=  40 best=   4  macroF1=0.6606  (5s)
Tip-Adapter-F [clip_l14] best-epoch K=   8 s=3 epochs=  40 best=  12  macroF1=0.7283  (6s)
Tip-Adapter-F [clip_l14] best-epoch K=  16 s=1 epochs=  40 best=   4  macroF1=0.6989  (4s)
Tip-Adapter-F [clip_l14] best-epoch K=  16 s=2 epochs=  40 best=   4  macroF1=0.6688  (6s)
Tip-Adapter-F [clip_l14] best-epoch K=  16 s=3 epochs=  40 best=   4  macroF1=0.6812  (6s)
Tip-Adapter-F [clip_l14] best-epoch K=full s=1 epochs=  40 best=  28  macroF1=0.6649  (15s)
Tip-Adapter-F [clip_l14] best-epoch K=full s=2 epochs=  40 best=  32  macroF1=0.6306  (14s)
Tip-Adapter-F [clip_l14] best-epoch K=full s=3 epochs=  40 best=  28  macroF1=0.6576  (15s)
PlantCaFo-style cache [clip_l14] best-epoch K=   1 s=1 epochs=  40 best=  40  macroF1=0.5940  (9s)
PlantCaFo-style cache [clip_l14] best-epoch K=   1 s=2 epochs=  40 best=   8  macroF1=0.6379  (11s)
PlantCaFo-style cache [clip_l14] best-epoch K=   1 s=3 epochs=  40 best=  40  macroF1=0.6905  (13s)
PlantCaFo-style cache [clip_l14] best-epoch K=   2 s=1 epochs=  40 best=   4  macroF1=0.6841  (10s)
PlantCaFo-style cache [clip_l14] best-epoch K=   2 s=2 epochs=  40 best=   4  macroF1=0.6614  (10s)
PlantCaFo-style cache [clip_l14] best-epoch K=   2 s=3 epochs=  40 best=   4  macroF1=0.6492  (10s)
PlantCaFo-style cache [clip_l14] best-epoch K=   4 s=1 epochs=  40 best=   4  macroF1=0.6357  (13s)
PlantCaFo-style cache [clip_l14] best-epoch K=   4 s=2 epochs=  40 best=  36  macroF1=0.6997  (11s)
PlantCaFo-style cache [clip_l14] best-epoch K=   4 s=3 epochs=  40 best=  16  macroF1=0.6419  (12s)
PlantCaFo-style cache [clip_l14] best-epoch K=   8 s=1 epochs=  40 best=   8  macroF1=0.6810  (11s)
PlantCaFo-style cache [clip_l14] best-epoch K=   8 s=2 epochs=  40 best=   4  macroF1=0.6688  (10s)
PlantCaFo-style cache [clip_l14] best-epoch K=   8 s=3 epochs=  40 best=  40  macroF1=0.6936  (13s)
PlantCaFo-style cache [clip_l14] best-epoch K=  16 s=1 epochs=  40 best=   4  macroF1=0.6874  (13s)
PlantCaFo-style cache [clip_l14] best-epoch K=  16 s=2 epochs=  40 best=   4  macroF1=0.6501  (12s)
PlantCaFo-style cache [clip_l14] best-epoch K=  16 s=3 epochs=  40 best=   4  macroF1=0.6850  (14s)
PlantCaFo-style cache [clip_l14] best-epoch K=full s=1 epochs=  40 best=  40  macroF1=0.6119  (49s)
PlantCaFo-style cache [clip_l14] best-epoch K=full s=2 epochs=  40 best=  40  macroF1=0.6851  (47s)
PlantCaFo-style cache [clip_l14] best-epoch K=full s=3 epochs=  40 best=  36  macroF1=0.5905  (48s)
CLIP-Adapter [clip_l14] best-epoch K=   1 s=1 epochs= 100 best=  10  macroF1=0.5848  (1s)
CLIP-Adapter [clip_l14] best-epoch K=   1 s=2 epochs= 100 best=  20  macroF1=0.6693  (1s)
CLIP-Adapter [clip_l14] best-epoch K=   1 s=3 epochs= 100 best=  10  macroF1=0.6103  (1s)
CLIP-Adapter [clip_l14] best-epoch K=   2 s=1 epochs= 100 best=  50  macroF1=0.7261  (1s)
CLIP-Adapter [clip_l14] best-epoch K=   2 s=2 epochs= 100 best=  10  macroF1=0.6991  (1s)
CLIP-Adapter [clip_l14] best-epoch K=   2 s=3 epochs= 100 best=  10  macroF1=0.7020  (1s)
CLIP-Adapter [clip_l14] best-epoch K=   4 s=1 epochs= 100 best=  10  macroF1=0.6914  (1s)
CLIP-Adapter [clip_l14] best-epoch K=   4 s=2 epochs= 100 best=  10  macroF1=0.7074  (1s)
CLIP-Adapter [clip_l14] best-epoch K=   4 s=3 epochs= 100 best=  70  macroF1=0.6984  (1s)
CLIP-Adapter [clip_l14] best-epoch K=   8 s=1 epochs= 100 best=  30  macroF1=0.7268  (1s)
CLIP-Adapter [clip_l14] best-epoch K=   8 s=2 epochs= 100 best=  20  macroF1=0.7253  (1s)
CLIP-Adapter [clip_l14] best-epoch K=   8 s=3 epochs= 100 best=  50  macroF1=0.7385  (1s)
CLIP-Adapter [clip_l14] best-epoch K=  16 s=1 epochs= 100 best=  20  macroF1=0.7241  (1s)
CLIP-Adapter [clip_l14] best-epoch K=  16 s=2 epochs= 100 best=  10  macroF1=0.6910  (1s)
CLIP-Adapter [clip_l14] best-epoch K=  16 s=3 epochs= 100 best=  10  macroF1=0.6575  (1s)
CLIP-Adapter [clip_l14] best-epoch K=full s=1 epochs= 100 best=  10  macroF1=0.7626  (29s)
CLIP-Adapter [clip_l14] best-epoch K=full s=2 epochs= 100 best=  10  macroF1=0.7214  (29s)
CLIP-Adapter [clip_l14] best-epoch K=full s=3 epochs= 100 best=  70  macroF1=0.7463  (30s)
TaskRes [clip_l14]     best-epoch K=   1 s=1 epochs= 100 best=  20  macroF1=0.3697  (0s)
TaskRes [clip_l14]     best-epoch K=   1 s=2 epochs= 100 best=  40  macroF1=0.6632  (0s)
TaskRes [clip_l14]     best-epoch K=   1 s=3 epochs= 100 best=  30  macroF1=0.6298  (0s)
TaskRes [clip_l14]     best-epoch K=   2 s=1 epochs= 100 best=  40  macroF1=0.7274  (0s)
TaskRes [clip_l14]     best-epoch K=   2 s=2 epochs= 100 best=  20  macroF1=0.6702  (0s)
TaskRes [clip_l14]     best-epoch K=   2 s=3 epochs= 100 best=  20  macroF1=0.7042  (0s)
TaskRes [clip_l14]     best-epoch K=   4 s=1 epochs= 100 best=  10  macroF1=0.6993  (0s)
TaskRes [clip_l14]     best-epoch K=   4 s=2 epochs= 100 best=  10  macroF1=0.7075  (0s)
TaskRes [clip_l14]     best-epoch K=   4 s=3 epochs= 100 best=  40  macroF1=0.7040  (0s)
TaskRes [clip_l14]     best-epoch K=   8 s=1 epochs= 100 best=  10  macroF1=0.6830  (0s)
TaskRes [clip_l14]     best-epoch K=   8 s=2 epochs= 100 best=  10  macroF1=0.7022  (0s)
TaskRes [clip_l14]     best-epoch K=   8 s=3 epochs= 100 best=  10  macroF1=0.7177  (0s)
TaskRes [clip_l14]     best-epoch K=  16 s=1 epochs= 100 best=  10  macroF1=0.7328  (1s)
TaskRes [clip_l14]     best-epoch K=  16 s=2 epochs= 100 best=  10  macroF1=0.6879  (1s)
TaskRes [clip_l14]     best-epoch K=  16 s=3 epochs= 100 best=  10  macroF1=0.6887  (1s)
TaskRes [clip_l14]     best-epoch K=full s=1 epochs= 100 best=  80  macroF1=0.7349  (24s)
TaskRes [clip_l14]     best-epoch K=full s=2 epochs= 100 best=  70  macroF1=0.7226  (24s)
TaskRes [clip_l14]     best-epoch K=full s=3 epochs= 100 best=  30  macroF1=0.7320  (24s)
CLAP [clip_l14]        best-epoch K=   1 s=1 epochs= 600 best= 420  macroF1=0.5978  (2s)
CLAP [clip_l14]        best-epoch K=   1 s=2 epochs= 600 best= 540  macroF1=0.6023  (2s)
CLAP [clip_l14]        best-epoch K=   1 s=3 epochs= 600 best= 180  macroF1=0.5671  (2s)
CLAP [clip_l14]        best-epoch K=   2 s=1 epochs= 600 best= 540  macroF1=0.7287  (2s)
CLAP [clip_l14]        best-epoch K=   2 s=2 epochs= 600 best=  60  macroF1=0.6193  (2s)
CLAP [clip_l14]        best-epoch K=   2 s=3 epochs= 600 best= 240  macroF1=0.6656  (2s)
CLAP [clip_l14]        best-epoch K=   4 s=1 epochs= 600 best= 240  macroF1=0.6365  (2s)
CLAP [clip_l14]        best-epoch K=   4 s=2 epochs= 600 best= 480  macroF1=0.5810  (2s)
CLAP [clip_l14]        best-epoch K=   4 s=3 epochs= 600 best= 540  macroF1=0.6616  (2s)
CLAP [clip_l14]        best-epoch K=   8 s=1 epochs= 600 best=  60  macroF1=0.6944  (2s)
CLAP [clip_l14]        best-epoch K=   8 s=2 epochs= 600 best= 480  macroF1=0.6179  (2s)
CLAP [clip_l14]        best-epoch K=   8 s=3 epochs= 600 best= 120  macroF1=0.6330  (2s)
CLAP [clip_l14]        best-epoch K=  16 s=1 epochs= 600 best= 420  macroF1=0.7217  (4s)
CLAP [clip_l14]        best-epoch K=  16 s=2 epochs= 600 best= 120  macroF1=0.6635  (4s)
CLAP [clip_l14]        best-epoch K=  16 s=3 epochs= 600 best= 360  macroF1=0.6634  (4s)
CLAP [clip_l14]        best-epoch K=full s=1 epochs= 600 best= 480  macroF1=0.7390  (140s)
CLAP [clip_l14]        best-epoch K=full s=2 epochs= 600 best= 480  macroF1=0.6615  (144s)
CLAP [clip_l14]        best-epoch K=full s=3 epochs= 600 best= 540  macroF1=0.7251  (141s)
GraphAdapter [clip_l14] best-epoch K=   1 s=1 epochs= 100 best=  20  macroF1=0.7147  (1s)
GraphAdapter [clip_l14] best-epoch K=   1 s=2 epochs= 100 best=  40  macroF1=0.6794  (1s)
GraphAdapter [clip_l14] best-epoch K=   1 s=3 epochs= 100 best=  90  macroF1=0.5717  (1s)
GraphAdapter [clip_l14] best-epoch K=   2 s=1 epochs= 100 best=  90  macroF1=0.7161  (1s)
GraphAdapter [clip_l14] best-epoch K=   2 s=2 epochs= 100 best=  20  macroF1=0.6324  (1s)
GraphAdapter [clip_l14] best-epoch K=   2 s=3 epochs= 100 best= 100  macroF1=0.6840  (1s)
GraphAdapter [clip_l14] best-epoch K=   4 s=1 epochs= 100 best=  10  macroF1=0.7155  (1s)
GraphAdapter [clip_l14] best-epoch K=   4 s=2 epochs= 100 best=  20  macroF1=0.7076  (1s)
GraphAdapter [clip_l14] best-epoch K=   4 s=3 epochs= 100 best=  80  macroF1=0.7175  (1s)
GraphAdapter [clip_l14] best-epoch K=   8 s=1 epochs= 100 best=  90  macroF1=0.7144  (1s)
GraphAdapter [clip_l14] best-epoch K=   8 s=2 epochs= 100 best=  80  macroF1=0.7283  (1s)
GraphAdapter [clip_l14] best-epoch K=   8 s=3 epochs= 100 best=  20  macroF1=0.7107  (1s)
GraphAdapter [clip_l14] best-epoch K=  16 s=1 epochs= 100 best=  90  macroF1=0.7308  (1s)
GraphAdapter [clip_l14] best-epoch K=  16 s=2 epochs= 100 best=  60  macroF1=0.6936  (1s)
GraphAdapter [clip_l14] best-epoch K=  16 s=3 epochs= 100 best=  30  macroF1=0.7199  (1s)
GraphAdapter [clip_l14] best-epoch K=full s=1 epochs= 100 best= 100  macroF1=0.7328  (30s)
GraphAdapter [clip_l14] best-epoch K=full s=2 epochs= 100 best=  80  macroF1=0.7221  (30s)
GraphAdapter [clip_l14] best-epoch K=full s=3 epochs= 100 best=  80  macroF1=0.7381  (31s)
K                                                        1              2              4              8             16           full
method                           variant                                                                                             
CLAP [clip_l14]                  best-epoch  0.589 ± 0.019  0.671 ± 0.055  0.626 ± 0.041  0.648 ± 0.041  0.683 ± 0.034  0.709 ± 0.041
CLIP-Adapter [clip_l14]          best-epoch  0.621 ± 0.043  0.709 ± 0.015  0.699 ± 0.008  0.730 ± 0.007  0.691 ± 0.033  0.743 ± 0.021
GraphAdapter [clip_l14]          best-epoch  0.655 ± 0.074  0.677 ± 0.042  0.714 ± 0.005  0.718 ± 0.009  0.715 ± 0.019  0.731 ± 0.008
PRGA + DINOv2 cache [clip_l14]   as-is       0.681 ± 0.012  0.693 ± 0.034  0.673 ± 0.056  0.676 ± 0.033  0.668 ± 0.032  0.721 ± 0.004
PRGA [clip_l14]                  as-is       0.667 ± 0.024  0.691 ± 0.026  0.680 ± 0.045  0.665 ± 0.025  0.669 ± 0.022  0.729 ± 0.009
PlantCaFo-style cache [clip_l14] best-epoch  0.641 ± 0.048  0.665 ± 0.018  0.659 ± 0.035  0.681 ± 0.012  0.674 ± 0.021  0.629 ± 0.050
TaskRes [clip_l14]               best-epoch  0.554 ± 0.161  0.701 ± 0.029  0.704 ± 0.004  0.701 ± 0.017  0.703 ± 0.026  0.730 ± 0.006
Tip-Adapter-F [clip_l14]         best-epoch  0.603 ± 0.005  0.681 ± 0.032  0.668 ± 0.029  0.690 ± 0.035  0.683 ± 0.015  0.651 ± 0.018
bees K=4 calibration: {'tau': 1.41555917263031, 'bias': [1.1466388702392578, -1.1466387510299683], 'unsure_below': 0.7099999785423279, 'test_macro_f1_raw': 0.6127, 'test_macro_f1_calibrated': 0.5776, 'test_ece_raw': 0.1168, 'test_ece_calibrated': 0.0757, 'test_share_sure': 0.8147, 'test_acc_when_sure': 0.8049}
bees K=4: 8 support photos, test macro-F1 0.5776
bees K=full calibration: {'tau': 0.6974486112594604, 'bias': [0.025390662252902985, -0.025390544906258583], 'unsure_below': 0.5, 'test_macro_f1_raw': 0.7325, 'test_macro_f1_calibrated': 0.7296, 'test_ece_raw': 0.0282, 'test_ece_calibrated': 0.0806, 'test_share_sure': 1.0, 'test_acc_when_sure': 0.8365}
bees K=full: 2138 support photos, test macro-F1 0.7296
