PRGA [clip_l14]        as-is      K=   1 s=1 epochs=  60 best=  -1  macroF1=0.6398  (20s)
PRGA + DINOv2 cache [clip_l14] as-is      K=   1 s=1 epochs=  60 best=  -1  macroF1=0.6540  (20s)
PRGA [clip_l14]        as-is      K=   1 s=2 epochs=  60 best=  -1  macroF1=0.6562  (15s)
PRGA + DINOv2 cache [clip_l14] as-is      K=   1 s=2 epochs=  60 best=  -1  macroF1=0.6577  (15s)
PRGA [clip_l14]        as-is      K=   1 s=3 epochs=  60 best=  -1  macroF1=0.6663  (16s)
PRGA + DINOv2 cache [clip_l14] as-is      K=   1 s=3 epochs=  60 best=  -1  macroF1=0.6844  (16s)
PRGA [clip_l14]        as-is      K=   2 s=1 epochs=  60 best=  -1  macroF1=0.6942  (15s)
PRGA + DINOv2 cache [clip_l14] as-is      K=   2 s=1 epochs=  60 best=  -1  macroF1=0.7083  (15s)
PRGA [clip_l14]        as-is      K=   2 s=2 epochs=  60 best=  -1  macroF1=0.6800  (16s)
PRGA + DINOv2 cache [clip_l14] as-is      K=   2 s=2 epochs=  60 best=  -1  macroF1=0.6795  (16s)
PRGA [clip_l14]        as-is      K=   2 s=3 epochs=  60 best=  -1  macroF1=0.6752  (15s)
PRGA + DINOv2 cache [clip_l14] as-is      K=   2 s=3 epochs=  60 best=  -1  macroF1=0.6752  (15s)
PRGA [clip_l14]        as-is      K=   4 s=1 epochs=  60 best=  -1  macroF1=0.6092  (15s)
PRGA + DINOv2 cache [clip_l14] as-is      K=   4 s=1 epochs=  60 best=  -1  macroF1=0.6056  (15s)
PRGA [clip_l14]        as-is      K=   4 s=2 epochs=  60 best=  -1  macroF1=0.7091  (16s)
PRGA + DINOv2 cache [clip_l14] as-is      K=   4 s=2 epochs=  60 best=  -1  macroF1=0.7091  (16s)
PRGA [clip_l14]        as-is      K=   4 s=3 epochs=  60 best=  -1  macroF1=0.6739  (15s)
PRGA + DINOv2 cache [clip_l14] as-is      K=   4 s=3 epochs=  60 best=  -1  macroF1=0.6747  (15s)
PRGA [clip_l14]        as-is      K=   8 s=1 epochs=  60 best=  -1  macroF1=0.6761  (15s)
PRGA + DINOv2 cache [clip_l14] as-is      K=   8 s=1 epochs=  60 best=  -1  macroF1=0.6873  (15s)
PRGA [clip_l14]        as-is      K=   8 s=2 epochs=  60 best=  -1  macroF1=0.6753  (17s)
PRGA + DINOv2 cache [clip_l14] as-is      K=   8 s=2 epochs=  60 best=  -1  macroF1=0.6851  (17s)
PRGA [clip_l14]        as-is      K=   8 s=3 epochs=  60 best=  -1  macroF1=0.6543  (16s)
PRGA + DINOv2 cache [clip_l14] as-is      K=   8 s=3 epochs=  60 best=  -1  macroF1=0.6540  (16s)
PRGA [clip_l14]        as-is      K=  16 s=1 epochs=  60 best=  -1  macroF1=0.6837  (16s)
PRGA + DINOv2 cache [clip_l14] as-is      K=  16 s=1 epochs=  60 best=  -1  macroF1=0.6853  (16s)
PRGA [clip_l14]        as-is      K=  16 s=2 epochs=  60 best=  -1  macroF1=0.6460  (17s)
PRGA + DINOv2 cache [clip_l14] as-is      K=  16 s=2 epochs=  60 best=  -1  macroF1=0.6477  (17s)
PRGA [clip_l14]        as-is      K=  16 s=3 epochs=  60 best=  -1  macroF1=0.7035  (16s)
PRGA + DINOv2 cache [clip_l14] as-is      K=  16 s=3 epochs=  60 best=  -1  macroF1=0.7050  (16s)
PRGA [clip_l14]        as-is      K=full s=1 epochs=  60 best=  -1  macroF1=0.7354  (53s)
PRGA + DINOv2 cache [clip_l14] as-is      K=full s=1 epochs=  60 best=  -1  macroF1=0.7354  (53s)
PRGA [clip_l14]        as-is      K=full s=2 epochs=  60 best=  -1  macroF1=0.7364  (53s)
PRGA + DINOv2 cache [clip_l14] as-is      K=full s=2 epochs=  60 best=  -1  macroF1=0.7153  (53s)
PRGA [clip_l14]        as-is      K=full s=3 epochs=  60 best=  -1  macroF1=0.7401  (53s)
PRGA + DINOv2 cache [clip_l14] as-is      K=full s=3 epochs=  60 best=  -1  macroF1=0.7401  (53s)
Tip-Adapter-F [clip_l14] last-epoch K=   1 s=1 epochs=  20 best=  20  macroF1=0.5997  (1s)
Tip-Adapter-F [clip_l14] best-epoch K=   1 s=1 epochs=  40 best=   4  macroF1=0.4143  (8s)
Tip-Adapter-F [clip_l14] last-epoch K=   1 s=2 epochs=  20 best=  20  macroF1=0.6285  (1s)
Tip-Adapter-F [clip_l14] best-epoch K=   1 s=2 epochs=  40 best=   4  macroF1=0.6243  (6s)
Tip-Adapter-F [clip_l14] last-epoch K=   1 s=3 epochs=  20 best=  20  macroF1=0.6004  (1s)
Tip-Adapter-F [clip_l14] best-epoch K=   1 s=3 epochs=  40 best=   8  macroF1=0.6288  (7s)
Tip-Adapter-F [clip_l14] last-epoch K=   2 s=1 epochs=  20 best=  20  macroF1=0.6994  (1s)
Tip-Adapter-F [clip_l14] best-epoch K=   2 s=1 epochs=  40 best=  20  macroF1=0.7117  (7s)
Tip-Adapter-F [clip_l14] last-epoch K=   2 s=2 epochs=  20 best=  20  macroF1=0.6262  (1s)
Tip-Adapter-F [clip_l14] best-epoch K=   2 s=2 epochs=  40 best=   4  macroF1=0.6645  (6s)
Tip-Adapter-F [clip_l14] last-epoch K=   2 s=3 epochs=  20 best=  20  macroF1=0.6737  (1s)
Tip-Adapter-F [clip_l14] best-epoch K=   2 s=3 epochs=  40 best=  32  macroF1=0.6673  (8s)
Tip-Adapter-F [clip_l14] last-epoch K=   4 s=1 epochs=  20 best=  20  macroF1=0.6336  (1s)
Tip-Adapter-F [clip_l14] best-epoch K=   4 s=1 epochs=  40 best=   4  macroF1=0.6690  (5s)
Tip-Adapter-F [clip_l14] last-epoch K=   4 s=2 epochs=  20 best=  20  macroF1=0.6622  (1s)
Tip-Adapter-F [clip_l14] best-epoch K=   4 s=2 epochs=  40 best=   4  macroF1=0.6703  (7s)
Tip-Adapter-F [clip_l14] last-epoch K=   4 s=3 epochs=  20 best=  20  macroF1=0.6949  (1s)
Tip-Adapter-F [clip_l14] best-epoch K=   4 s=3 epochs=  40 best=  24  macroF1=0.6924  (7s)
Tip-Adapter-F [clip_l14] last-epoch K=   8 s=1 epochs=  20 best=  20  macroF1=0.7350  (1s)
Tip-Adapter-F [clip_l14] best-epoch K=   8 s=1 epochs=  40 best=   4  macroF1=0.6852  (11s)
Tip-Adapter-F [clip_l14] last-epoch K=   8 s=2 epochs=  20 best=  20  macroF1=0.5814  (1s)
Tip-Adapter-F [clip_l14] best-epoch K=   8 s=2 epochs=  40 best=   4  macroF1=0.6489  (9s)
Tip-Adapter-F [clip_l14] last-epoch K=   8 s=3 epochs=  20 best=  20  macroF1=0.7433  (1s)
Tip-Adapter-F [clip_l14] best-epoch K=   8 s=3 epochs=  40 best=   4  macroF1=0.7421  (10s)
Tip-Adapter-F [clip_l14] last-epoch K=  16 s=1 epochs=  20 best=  20  macroF1=0.7060  (2s)
Tip-Adapter-F [clip_l14] best-epoch K=  16 s=1 epochs=  40 best=   8  macroF1=0.6963  (9s)
Tip-Adapter-F [clip_l14] last-epoch K=  16 s=2 epochs=  20 best=  20  macroF1=0.6533  (1s)
Tip-Adapter-F [clip_l14] best-epoch K=  16 s=2 epochs=  40 best=   4  macroF1=0.6523  (11s)
Tip-Adapter-F [clip_l14] last-epoch K=  16 s=3 epochs=  20 best=  20  macroF1=0.6516  (1s)
Tip-Adapter-F [clip_l14] best-epoch K=  16 s=3 epochs=  40 best=   4  macroF1=0.6837  (11s)
Tip-Adapter-F [clip_l14] last-epoch K=full s=1 epochs=  20 best=  20  macroF1=0.5960  (3s)
Tip-Adapter-F [clip_l14] best-epoch K=full s=1 epochs=  40 best=  36  macroF1=0.6677  (20s)
Tip-Adapter-F [clip_l14] last-epoch K=full s=2 epochs=  20 best=  20  macroF1=0.6192  (3s)
Tip-Adapter-F [clip_l14] best-epoch K=full s=2 epochs=  40 best=  32  macroF1=0.6291  (17s)
Tip-Adapter-F [clip_l14] last-epoch K=full s=3 epochs=  20 best=  20  macroF1=0.5978  (3s)
Tip-Adapter-F [clip_l14] best-epoch K=full s=3 epochs=  40 best=  28  macroF1=0.6570  (22s)
PlantCaFo-style cache [clip_l14] last-epoch K=   1 s=1 epochs=  20 best=  20  macroF1=0.6546  (2s)
PlantCaFo-style cache [clip_l14] best-epoch K=   1 s=1 epochs=  40 best=  16  macroF1=0.6612  (19s)
PlantCaFo-style cache [clip_l14] last-epoch K=   1 s=2 epochs=  20 best=  20  macroF1=0.6416  (3s)
PlantCaFo-style cache [clip_l14] best-epoch K=   1 s=2 epochs=  40 best=   4  macroF1=0.6508  (20s)
PlantCaFo-style cache [clip_l14] last-epoch K=   1 s=3 epochs=  20 best=  20  macroF1=0.6868  (3s)
PlantCaFo-style cache [clip_l14] best-epoch K=   1 s=3 epochs=  40 best=  40  macroF1=0.6873  (17s)
PlantCaFo-style cache [clip_l14] last-epoch K=   2 s=1 epochs=  20 best=  20  macroF1=0.7016  (2s)
PlantCaFo-style cache [clip_l14] best-epoch K=   2 s=1 epochs=  40 best=   4  macroF1=0.6971  (18s)
PlantCaFo-style cache [clip_l14] last-epoch K=   2 s=2 epochs=  20 best=  20  macroF1=0.6778  (2s)
PlantCaFo-style cache [clip_l14] best-epoch K=   2 s=2 epochs=  40 best=   4  macroF1=0.6634  (21s)
PlantCaFo-style cache [clip_l14] last-epoch K=   2 s=3 epochs=  20 best=  20  macroF1=0.6195  (4s)
PlantCaFo-style cache [clip_l14] best-epoch K=   2 s=3 epochs=  40 best=  40  macroF1=0.6374  (18s)
PlantCaFo-style cache [clip_l14] last-epoch K=   4 s=1 epochs=  20 best=  20  macroF1=0.6562  (2s)
PlantCaFo-style cache [clip_l14] best-epoch K=   4 s=1 epochs=  40 best=   4  macroF1=0.6046  (19s)
PlantCaFo-style cache [clip_l14] last-epoch K=   4 s=2 epochs=  20 best=  20  macroF1=0.6650  (3s)
PlantCaFo-style cache [clip_l14] best-epoch K=   4 s=2 epochs=  40 best=  12  macroF1=0.6382  (18s)
PlantCaFo-style cache [clip_l14] last-epoch K=   4 s=3 epochs=  20 best=  20  macroF1=0.6173  (3s)
PlantCaFo-style cache [clip_l14] best-epoch K=   4 s=3 epochs=  40 best=   4  macroF1=0.6541  (21s)
PlantCaFo-style cache [clip_l14] last-epoch K=   8 s=1 epochs=  20 best=  20  macroF1=0.6705  (2s)
PlantCaFo-style cache [clip_l14] best-epoch K=   8 s=1 epochs=  40 best=  12  macroF1=0.6764  (20s)
PlantCaFo-style cache [clip_l14] last-epoch K=   8 s=2 epochs=  20 best=  20  macroF1=0.6471  (4s)
PlantCaFo-style cache [clip_l14] best-epoch K=   8 s=2 epochs=  40 best=   4  macroF1=0.6777  (32s)
PlantCaFo-style cache [clip_l14] last-epoch K=   8 s=3 epochs=  20 best=  20  macroF1=0.7297  (3s)
PlantCaFo-style cache [clip_l14] best-epoch K=   8 s=3 epochs=  40 best=  40  macroF1=0.7269  (23s)
PlantCaFo-style cache [clip_l14] last-epoch K=  16 s=1 epochs=  20 best=  20  macroF1=0.6450  (2s)
PlantCaFo-style cache [clip_l14] best-epoch K=  16 s=1 epochs=  40 best=   4  macroF1=0.6718  (26s)
PlantCaFo-style cache [clip_l14] last-epoch K=  16 s=2 epochs=  20 best=  20  macroF1=0.6196  (2s)
PlantCaFo-style cache [clip_l14] best-epoch K=  16 s=2 epochs=  40 best=   4  macroF1=0.6500  (26s)
PlantCaFo-style cache [clip_l14] last-epoch K=  16 s=3 epochs=  20 best=  20  macroF1=0.6752  (5s)
PlantCaFo-style cache [clip_l14] best-epoch K=  16 s=3 epochs=  40 best=  12  macroF1=0.6785  (26s)
PlantCaFo-style cache [clip_l14] last-epoch K=full s=1 epochs=  20 best=  20  macroF1=0.6706  (8s)
PlantCaFo-style cache [clip_l14] best-epoch K=full s=1 epochs=  40 best=  40  macroF1=0.6112  (61s)
PlantCaFo-style cache [clip_l14] last-epoch K=full s=2 epochs=  20 best=  20  macroF1=0.6326  (10s)
PlantCaFo-style cache [clip_l14] best-epoch K=full s=2 epochs=  40 best=  40  macroF1=0.6088  (55s)
PlantCaFo-style cache [clip_l14] last-epoch K=full s=3 epochs=  20 best=  20  macroF1=0.6652  (6s)
PlantCaFo-style cache [clip_l14] best-epoch K=full s=3 epochs=  40 best=  40  macroF1=0.6139  (60s)
K                                                        1              2              4              8             16           full
method                           variant                                                                                             
CLAP [clip_l14]                  best-epoch  0.571 ± 0.068  0.656 ± 0.042  0.679 ± 0.030  0.645 ± 0.112  0.691 ± 0.035  0.703 ± 0.003
                                 last-epoch  0.562 ± 0.112  0.660 ± 0.024  0.673 ± 0.015  0.727 ± 0.040  0.708 ± 0.038  0.710 ± 0.003
CLIP-Adapter [clip_l14]          best-epoch  0.670 ± 0.044  0.692 ± 0.044  0.699 ± 0.006  0.730 ± 0.015  0.698 ± 0.026  0.730 ± 0.007
                                 last-epoch  0.569 ± 0.132  0.667 ± 0.047  0.669 ± 0.043  0.709 ± 0.065  0.689 ± 0.037  0.733 ± 0.014
PRGA + DINOv2 cache [clip_l14]   as-is       0.665 ± 0.017  0.688 ± 0.018  0.663 ± 0.053  0.675 ± 0.019  0.679 ± 0.029  0.730 ± 0.013
PRGA [clip_l14]                  as-is       0.654 ± 0.013  0.683 ± 0.010  0.664 ± 0.051  0.669 ± 0.012  0.678 ± 0.029  0.737 ± 0.002
PlantCaFo-style cache [clip_l14] best-epoch  0.666 ± 0.019  0.666 ± 0.030  0.632 ± 0.025  0.694 ± 0.029  0.667 ± 0.015  0.611 ± 0.003
                                 last-epoch  0.661 ± 0.023  0.666 ± 0.042  0.646 ± 0.025  0.682 ± 0.043  0.647 ± 0.028  0.656 ± 0.021
TaskRes [clip_l14]               best-epoch  0.626 ± 0.077  0.694 ± 0.028  0.701 ± 0.004  0.704 ± 0.023  0.710 ± 0.012  0.735 ± 0.006
                                 last-epoch  0.613 ± 0.075  0.691 ± 0.030  0.691 ± 0.022  0.743 ± 0.024  0.715 ± 0.023  0.730 ± 0.003
Tip-Adapter-F [clip_l14]         best-epoch  0.556 ± 0.123  0.681 ± 0.026  0.677 ± 0.013  0.692 ± 0.047  0.677 ± 0.023  0.651 ± 0.020
                                 last-epoch  0.610 ± 0.016  0.666 ± 0.037  0.664 ± 0.031  0.687 ± 0.091  0.670 ± 0.031  0.604 ± 0.013
ZeroShot-clip_l14            K=   1 seed=1  acc=0.6181  macroF1=0.6053  (0.0s)
LinearProbe-clip_l14         K=   1 seed=1  acc=0.2706  macroF1=0.2464  (0.1s)
LinearProbe-clip_l14         K=   1 seed=2  acc=0.5585  macroF1=0.5322  (0.1s)
LinearProbe-clip_l14         K=   1 seed=3  acc=0.6355  macroF1=0.5806  (0.1s)
LinearProbe-clip_l14         K=   2 seed=1  acc=0.7765  macroF1=0.7124  (0.3s)
LinearProbe-clip_l14         K=   2 seed=2  acc=0.5589  macroF1=0.5133  (0.3s)
LinearProbe-clip_l14         K=   2 seed=3  acc=0.7949  macroF1=0.6112  (0.2s)
LinearProbe-clip_l14         K=   4 seed=1  acc=0.6711  macroF1=0.6071  (0.2s)
LinearProbe-clip_l14         K=   4 seed=2  acc=0.7061  macroF1=0.6519  (0.2s)
LinearProbe-clip_l14         K=   4 seed=3  acc=0.7805  macroF1=0.6834  (0.1s)
LinearProbe-clip_l14         K=   8 seed=1  acc=0.8173  macroF1=0.6990  (0.2s)
LinearProbe-clip_l14         K=   8 seed=2  acc=0.7048  macroF1=0.6466  (0.2s)
LinearProbe-clip_l14         K=   8 seed=3  acc=0.8115  macroF1=0.7314  (0.2s)
LinearProbe-clip_l14         K=  16 seed=1  acc=0.8159  macroF1=0.7294  (0.4s)
LinearProbe-clip_l14         K=  16 seed=2  acc=0.7854  macroF1=0.6854  (0.2s)
LinearProbe-clip_l14         K=  16 seed=3  acc=0.7383  macroF1=0.6601  (0.3s)
LinearProbe-clip_l14         K=full seed=1  acc=0.8344  macroF1=0.7251  (7.1s)
LinearProbe-clip_l14         K=full seed=2  acc=0.8321  macroF1=0.7304  (7.0s)
LinearProbe-clip_l14         K=full seed=3  acc=0.8367  macroF1=0.7389  (6.1s)
TipAdapter-clip_l14          K=   1 seed=1  acc=0.6135  macroF1=0.6013  (0.7s)
TipAdapter-clip_l14          K=   1 seed=2  acc=0.6004  macroF1=0.5870  (1.0s)
TipAdapter-clip_l14          K=   1 seed=3  acc=0.6652  macroF1=0.6409  (0.9s)
TipAdapter-clip_l14          K=   2 seed=1  acc=0.7640  macroF1=0.7174  (0.9s)
TipAdapter-clip_l14          K=   2 seed=2  acc=0.6135  macroF1=0.6013  (0.7s)
TipAdapter-clip_l14          K=   2 seed=3  acc=0.7948  macroF1=0.7360  (0.3s)
TipAdapter-clip_l14          K=   4 seed=1  acc=0.7669  macroF1=0.6908  (0.6s)
TipAdapter-clip_l14          K=   4 seed=2  acc=0.7398  macroF1=0.6863  (0.3s)
TipAdapter-clip_l14          K=   4 seed=3  acc=0.7167  macroF1=0.6848  (0.3s)
TipAdapter-clip_l14          K=   8 seed=1  acc=0.7638  macroF1=0.7224  (0.4s)
TipAdapter-clip_l14          K=   8 seed=2  acc=0.7210  macroF1=0.6869  (0.4s)
TipAdapter-clip_l14          K=   8 seed=3  acc=0.7804  macroF1=0.7311  (0.4s)
TipAdapter-clip_l14          K=  16 seed=1  acc=0.6792  macroF1=0.6547  (0.6s)
TipAdapter-clip_l14          K=  16 seed=2  acc=0.7001  macroF1=0.6702  (1.3s)
TipAdapter-clip_l14          K=  16 seed=3  acc=0.6398  macroF1=0.6243  (0.4s)
TipAdapter-clip_l14          K=full seed=1  acc=0.7054  macroF1=0.6749  (1.0s)
TipAdapter-clip_l14          K=full seed=2  acc=0.7071  macroF1=0.6763  (1.0s)
TipAdapter-clip_l14          K=full seed=3  acc=0.6994  macroF1=0.6701  (0.9s)
