CLIP-Adapter [clip_l14] last-epoch K=   1 s=1 epochs=  50 best=  50  macroF1=0.4188  (3s)
CLIP-Adapter [clip_l14] best-epoch K=   1 s=1 epochs= 100 best=  10  macroF1=0.7094  (1s)
CLIP-Adapter [clip_l14] last-epoch K=   1 s=2 epochs=  50 best=  50  macroF1=0.6680  (0s)
CLIP-Adapter [clip_l14] best-epoch K=   1 s=2 epochs= 100 best=  20  macroF1=0.6767  (1s)
CLIP-Adapter [clip_l14] last-epoch K=   1 s=3 epochs=  50 best=  50  macroF1=0.6203  (0s)
CLIP-Adapter [clip_l14] best-epoch K=   1 s=3 epochs= 100 best=  40  macroF1=0.6228  (1s)
CLIP-Adapter [clip_l14] last-epoch K=   2 s=1 epochs=  50 best=  50  macroF1=0.7204  (0s)
CLIP-Adapter [clip_l14] best-epoch K=   2 s=1 epochs= 100 best=  70  macroF1=0.7246  (1s)
CLIP-Adapter [clip_l14] last-epoch K=   2 s=2 epochs=  50 best=  50  macroF1=0.6372  (0s)
CLIP-Adapter [clip_l14] best-epoch K=   2 s=2 epochs= 100 best=  10  macroF1=0.7108  (1s)
CLIP-Adapter [clip_l14] last-epoch K=   2 s=3 epochs=  50 best=  50  macroF1=0.6425  (0s)
CLIP-Adapter [clip_l14] best-epoch K=   2 s=3 epochs= 100 best=  30  macroF1=0.6419  (1s)
CLIP-Adapter [clip_l14] last-epoch K=   4 s=1 epochs=  50 best=  50  macroF1=0.6271  (0s)
CLIP-Adapter [clip_l14] best-epoch K=   4 s=1 epochs= 100 best=  10  macroF1=0.6966  (1s)
CLIP-Adapter [clip_l14] last-epoch K=   4 s=2 epochs=  50 best=  50  macroF1=0.6661  (0s)
CLIP-Adapter [clip_l14] best-epoch K=   4 s=2 epochs= 100 best=  10  macroF1=0.6946  (1s)
CLIP-Adapter [clip_l14] last-epoch K=   4 s=3 epochs=  50 best=  50  macroF1=0.7138  (0s)
CLIP-Adapter [clip_l14] best-epoch K=   4 s=3 epochs= 100 best=  30  macroF1=0.7064  (1s)
CLIP-Adapter [clip_l14] last-epoch K=   8 s=1 epochs=  50 best=  50  macroF1=0.7396  (0s)
CLIP-Adapter [clip_l14] best-epoch K=   8 s=1 epochs= 100 best=  20  macroF1=0.7146  (1s)
CLIP-Adapter [clip_l14] last-epoch K=   8 s=2 epochs=  50 best=  50  macroF1=0.6342  (0s)
CLIP-Adapter [clip_l14] best-epoch K=   8 s=2 epochs= 100 best=  20  macroF1=0.7321  (1s)
CLIP-Adapter [clip_l14] last-epoch K=   8 s=3 epochs=  50 best=  50  macroF1=0.7520  (0s)
CLIP-Adapter [clip_l14] best-epoch K=   8 s=3 epochs= 100 best=  10  macroF1=0.7441  (1s)
CLIP-Adapter [clip_l14] last-epoch K=  16 s=1 epochs=  50 best=  50  macroF1=0.7312  (1s)
CLIP-Adapter [clip_l14] best-epoch K=  16 s=1 epochs= 100 best=  10  macroF1=0.7207  (1s)
CLIP-Adapter [clip_l14] last-epoch K=  16 s=2 epochs=  50 best=  50  macroF1=0.6778  (0s)
CLIP-Adapter [clip_l14] best-epoch K=  16 s=2 epochs= 100 best=  10  macroF1=0.7019  (1s)
CLIP-Adapter [clip_l14] last-epoch K=  16 s=3 epochs=  50 best=  50  macroF1=0.6594  (0s)
CLIP-Adapter [clip_l14] best-epoch K=  16 s=3 epochs= 100 best=  30  macroF1=0.6700  (1s)
CLIP-Adapter [clip_l14] last-epoch K=full s=1 epochs=  50 best=  50  macroF1=0.7487  (18s)
CLIP-Adapter [clip_l14] best-epoch K=full s=1 epochs= 100 best= 100  macroF1=0.7345  (37s)
CLIP-Adapter [clip_l14] last-epoch K=full s=2 epochs=  50 best=  50  macroF1=0.7247  (18s)
CLIP-Adapter [clip_l14] best-epoch K=full s=2 epochs= 100 best=  50  macroF1=0.7229  (36s)
CLIP-Adapter [clip_l14] last-epoch K=full s=3 epochs=  50 best=  50  macroF1=0.7258  (18s)
CLIP-Adapter [clip_l14] best-epoch K=full s=3 epochs= 100 best=  50  macroF1=0.7338  (37s)
TaskRes [clip_l14]     last-epoch K=   1 s=1 epochs=  50 best=  50  macroF1=0.5387  (0s)
TaskRes [clip_l14]     best-epoch K=   1 s=1 epochs= 100 best=  30  macroF1=0.5384  (1s)
TaskRes [clip_l14]     last-epoch K=   1 s=2 epochs=  50 best=  50  macroF1=0.6895  (0s)
TaskRes [clip_l14]     best-epoch K=   1 s=2 epochs= 100 best=  40  macroF1=0.6817  (1s)
TaskRes [clip_l14]     last-epoch K=   1 s=3 epochs=  50 best=  50  macroF1=0.6109  (0s)
TaskRes [clip_l14]     best-epoch K=   1 s=3 epochs= 100 best=  20  macroF1=0.6578  (0s)
TaskRes [clip_l14]     last-epoch K=   2 s=1 epochs=  50 best=  50  macroF1=0.7256  (0s)
TaskRes [clip_l14]     best-epoch K=   2 s=1 epochs= 100 best=  50  macroF1=0.7269  (0s)
TaskRes [clip_l14]     last-epoch K=   2 s=2 epochs=  50 best=  50  macroF1=0.6722  (0s)
TaskRes [clip_l14]     best-epoch K=   2 s=2 epochs= 100 best=  20  macroF1=0.6759  (0s)
TaskRes [clip_l14]     last-epoch K=   2 s=3 epochs=  50 best=  50  macroF1=0.6757  (0s)
TaskRes [clip_l14]     best-epoch K=   2 s=3 epochs= 100 best=  20  macroF1=0.6800  (0s)
TaskRes [clip_l14]     last-epoch K=   4 s=1 epochs=  50 best=  50  macroF1=0.6723  (0s)
TaskRes [clip_l14]     best-epoch K=   4 s=1 epochs= 100 best=  10  macroF1=0.6995  (0s)
TaskRes [clip_l14]     last-epoch K=   4 s=2 epochs=  50 best=  50  macroF1=0.6869  (0s)
TaskRes [clip_l14]     best-epoch K=   4 s=2 epochs= 100 best=  10  macroF1=0.6991  (0s)
TaskRes [clip_l14]     last-epoch K=   4 s=3 epochs=  50 best=  50  macroF1=0.7153  (0s)
TaskRes [clip_l14]     best-epoch K=   4 s=3 epochs= 100 best=  30  macroF1=0.7058  (1s)
TaskRes [clip_l14]     last-epoch K=   8 s=1 epochs=  50 best=  50  macroF1=0.7419  (0s)
TaskRes [clip_l14]     best-epoch K=   8 s=1 epochs= 100 best=  10  macroF1=0.6815  (0s)
TaskRes [clip_l14]     last-epoch K=   8 s=2 epochs=  50 best=  50  macroF1=0.7199  (0s)
TaskRes [clip_l14]     best-epoch K=   8 s=2 epochs= 100 best=  10  macroF1=0.7036  (0s)
TaskRes [clip_l14]     last-epoch K=   8 s=3 epochs=  50 best=  50  macroF1=0.7683  (0s)
TaskRes [clip_l14]     best-epoch K=   8 s=3 epochs= 100 best=  10  macroF1=0.7280  (0s)
TaskRes [clip_l14]     last-epoch K=  16 s=1 epochs=  50 best=  50  macroF1=0.7387  (0s)
TaskRes [clip_l14]     best-epoch K=  16 s=1 epochs= 100 best=  10  macroF1=0.7225  (1s)
TaskRes [clip_l14]     last-epoch K=  16 s=2 epochs=  50 best=  50  macroF1=0.7155  (0s)
TaskRes [clip_l14]     best-epoch K=  16 s=2 epochs= 100 best=  10  macroF1=0.7087  (1s)
TaskRes [clip_l14]     last-epoch K=  16 s=3 epochs=  50 best=  50  macroF1=0.6919  (0s)
TaskRes [clip_l14]     best-epoch K=  16 s=3 epochs= 100 best=  10  macroF1=0.6980  (1s)
TaskRes [clip_l14]     last-epoch K=full s=1 epochs=  50 best=  50  macroF1=0.7286  (14s)
TaskRes [clip_l14]     best-epoch K=full s=1 epochs= 100 best=  70  macroF1=0.7357  (27s)
TaskRes [clip_l14]     last-epoch K=full s=2 epochs=  50 best=  50  macroF1=0.7338  (13s)
TaskRes [clip_l14]     best-epoch K=full s=2 epochs= 100 best=  60  macroF1=0.7288  (27s)
TaskRes [clip_l14]     last-epoch K=full s=3 epochs=  50 best=  50  macroF1=0.7288  (14s)
TaskRes [clip_l14]     best-epoch K=full s=3 epochs= 100 best=  90  macroF1=0.7417  (27s)
CLAP [clip_l14]        last-epoch K=   1 s=1 epochs= 300 best= 300  macroF1=0.4380  (1s)
CLAP [clip_l14]        best-epoch K=   1 s=1 epochs= 600 best=  60  macroF1=0.5009  (2s)
CLAP [clip_l14]        last-epoch K=   1 s=2 epochs= 300 best= 300  macroF1=0.6549  (1s)
CLAP [clip_l14]        best-epoch K=   1 s=2 epochs= 600 best= 480  macroF1=0.6368  (2s)
CLAP [clip_l14]        last-epoch K=   1 s=3 epochs= 300 best= 300  macroF1=0.5944  (1s)
CLAP [clip_l14]        best-epoch K=   1 s=3 epochs= 600 best= 360  macroF1=0.5756  (2s)
CLAP [clip_l14]        last-epoch K=   2 s=1 epochs= 300 best= 300  macroF1=0.6805  (1s)
CLAP [clip_l14]        best-epoch K=   2 s=1 epochs= 600 best= 180  macroF1=0.6819  (2s)
CLAP [clip_l14]        last-epoch K=   2 s=2 epochs= 300 best= 300  macroF1=0.6343  (1s)
CLAP [clip_l14]        best-epoch K=   2 s=2 epochs= 600 best= 480  macroF1=0.6082  (2s)
CLAP [clip_l14]        last-epoch K=   2 s=3 epochs= 300 best= 300  macroF1=0.6652  (1s)
CLAP [clip_l14]        best-epoch K=   2 s=3 epochs= 600 best= 240  macroF1=0.6780  (2s)
CLAP [clip_l14]        last-epoch K=   4 s=1 epochs= 300 best= 300  macroF1=0.6555  (1s)
CLAP [clip_l14]        best-epoch K=   4 s=1 epochs= 600 best= 360  macroF1=0.6561  (2s)
CLAP [clip_l14]        last-epoch K=   4 s=2 epochs= 300 best= 300  macroF1=0.6830  (1s)
CLAP [clip_l14]        best-epoch K=   4 s=2 epochs= 600 best= 480  macroF1=0.6677  (3s)
CLAP [clip_l14]        last-epoch K=   4 s=3 epochs= 300 best= 300  macroF1=0.6790  (1s)
CLAP [clip_l14]        best-epoch K=   4 s=3 epochs= 600 best= 300  macroF1=0.7132  (2s)
CLAP [clip_l14]        last-epoch K=   8 s=1 epochs= 300 best= 300  macroF1=0.7369  (1s)
CLAP [clip_l14]        best-epoch K=   8 s=1 epochs= 600 best= 600  macroF1=0.7377  (2s)
CLAP [clip_l14]        last-epoch K=   8 s=2 epochs= 300 best= 300  macroF1=0.6823  (1s)
CLAP [clip_l14]        best-epoch K=   8 s=2 epochs= 600 best= 120  macroF1=0.6769  (2s)
CLAP [clip_l14]        last-epoch K=   8 s=3 epochs= 300 best= 300  macroF1=0.7612  (1s)
CLAP [clip_l14]        best-epoch K=   8 s=3 epochs= 600 best= 300  macroF1=0.5207  (2s)
CLAP [clip_l14]        last-epoch K=  16 s=1 epochs= 300 best= 300  macroF1=0.7416  (2s)
CLAP [clip_l14]        best-epoch K=  16 s=1 epochs= 600 best= 420  macroF1=0.7073  (4s)
CLAP [clip_l14]        last-epoch K=  16 s=2 epochs= 300 best= 300  macroF1=0.7139  (2s)
CLAP [clip_l14]        best-epoch K=  16 s=2 epochs= 600 best= 240  macroF1=0.7142  (4s)
CLAP [clip_l14]        last-epoch K=  16 s=3 epochs= 300 best= 300  macroF1=0.6672  (2s)
CLAP [clip_l14]        best-epoch K=  16 s=3 epochs= 600 best= 360  macroF1=0.6508  (5s)
CLAP [clip_l14]        last-epoch K=full s=1 epochs= 300 best= 300  macroF1=0.7076  (103s)
CLAP [clip_l14]        best-epoch K=full s=1 epochs= 600 best= 600  macroF1=0.7044  (213s)
CLAP [clip_l14]        last-epoch K=full s=2 epochs= 300 best= 300  macroF1=0.7126  (109s)
CLAP [clip_l14]        best-epoch K=full s=2 epochs= 600 best= 540  macroF1=0.7007  (214s)
CLAP [clip_l14]        last-epoch K=full s=3 epochs= 300 best= 300  macroF1=0.7084  (127s)
CLAP [clip_l14]        best-epoch K=full s=3 epochs= 600 best= 540  macroF1=0.7318  (189s)
GraphAdapter [clip_l14] last-epoch K=   1 s=1 epochs=  50 best=  50  macroF1=0.6923  (0s)
GraphAdapter [clip_l14] best-epoch K=   1 s=1 epochs= 100 best=  20  macroF1=0.6883  (1s)
GraphAdapter [clip_l14] last-epoch K=   1 s=2 epochs=  50 best=  50  macroF1=0.6930  (0s)
GraphAdapter [clip_l14] best-epoch K=   1 s=2 epochs= 100 best=  40  macroF1=0.6876  (1s)
GraphAdapter [clip_l14] last-epoch K=   1 s=3 epochs=  50 best=  50  macroF1=0.5001  (0s)
GraphAdapter [clip_l14] best-epoch K=   1 s=3 epochs= 100 best=  80  macroF1=0.5916  (1s)
GraphAdapter [clip_l14] last-epoch K=   2 s=1 epochs=  50 best=  50  macroF1=0.7026  (0s)
GraphAdapter [clip_l14] best-epoch K=   2 s=1 epochs= 100 best=  20  macroF1=0.6740  (1s)
GraphAdapter [clip_l14] last-epoch K=   2 s=2 epochs=  50 best=  50  macroF1=0.6922  (0s)
GraphAdapter [clip_l14] best-epoch K=   2 s=2 epochs= 100 best=  40  macroF1=0.6731  (1s)
GraphAdapter [clip_l14] last-epoch K=   2 s=3 epochs=  50 best=  50  macroF1=0.7245  (0s)
GraphAdapter [clip_l14] best-epoch K=   2 s=3 epochs= 100 best= 100  macroF1=0.6764  (1s)
GraphAdapter [clip_l14] last-epoch K=   4 s=1 epochs=  50 best=  50  macroF1=0.7096  (0s)
GraphAdapter [clip_l14] best-epoch K=   4 s=1 epochs= 100 best=  80  macroF1=0.6527  (1s)
GraphAdapter [clip_l14] last-epoch K=   4 s=2 epochs=  50 best=  50  macroF1=0.7069  (0s)
GraphAdapter [clip_l14] best-epoch K=   4 s=2 epochs= 100 best=  10  macroF1=0.7105  (1s)
GraphAdapter [clip_l14] last-epoch K=   4 s=3 epochs=  50 best=  50  macroF1=0.7231  (0s)
GraphAdapter [clip_l14] best-epoch K=   4 s=3 epochs= 100 best= 100  macroF1=0.7190  (1s)
GraphAdapter [clip_l14] last-epoch K=   8 s=1 epochs=  50 best=  50  macroF1=0.7061  (0s)
GraphAdapter [clip_l14] best-epoch K=   8 s=1 epochs= 100 best=  80  macroF1=0.7133  (1s)
GraphAdapter [clip_l14] last-epoch K=   8 s=2 epochs=  50 best=  50  macroF1=0.7023  (0s)
GraphAdapter [clip_l14] best-epoch K=   8 s=2 epochs= 100 best=  60  macroF1=0.7191  (1s)
GraphAdapter [clip_l14] last-epoch K=   8 s=3 epochs=  50 best=  50  macroF1=0.7291  (0s)
GraphAdapter [clip_l14] best-epoch K=   8 s=3 epochs= 100 best=  20  macroF1=0.7096  (1s)
GraphAdapter [clip_l14] last-epoch K=  16 s=1 epochs=  50 best=  50  macroF1=0.7269  (0s)
GraphAdapter [clip_l14] best-epoch K=  16 s=1 epochs= 100 best=  40  macroF1=0.7172  (1s)
GraphAdapter [clip_l14] last-epoch K=  16 s=2 epochs=  50 best=  50  macroF1=0.6994  (0s)
GraphAdapter [clip_l14] best-epoch K=  16 s=2 epochs= 100 best=  60  macroF1=0.7026  (1s)
GraphAdapter [clip_l14] last-epoch K=  16 s=3 epochs=  50 best=  50  macroF1=0.7181  (0s)
GraphAdapter [clip_l14] best-epoch K=  16 s=3 epochs= 100 best=  70  macroF1=0.6785  (1s)
GraphAdapter [clip_l14] last-epoch K=full s=1 epochs=  50 best=  50  macroF1=0.7290  (17s)
GraphAdapter [clip_l14] best-epoch K=full s=1 epochs= 100 best=  90  macroF1=0.7315  (34s)
GraphAdapter [clip_l14] last-epoch K=full s=2 epochs=  50 best=  50  macroF1=0.7305  (17s)
GraphAdapter [clip_l14] best-epoch K=full s=2 epochs= 100 best=  90  macroF1=0.7181  (34s)
GraphAdapter [clip_l14] last-epoch K=full s=3 epochs=  50 best=  50  macroF1=0.7302  (17s)
GraphAdapter [clip_l14] best-epoch K=full s=3 epochs= 100 best=  90  macroF1=0.7383  (34s)
K                                                        1              2              4              8             16           full
method                           variant                                                                                             
CLAP [clip_l14]                  best-epoch  0.571 ± 0.068  0.656 ± 0.042  0.679 ± 0.030  0.645 ± 0.112  0.691 ± 0.035  0.712 ± 0.017
                                 last-epoch  0.562 ± 0.112  0.660 ± 0.024  0.673 ± 0.015  0.727 ± 0.040  0.708 ± 0.038  0.710 ± 0.003
CLIP-Adapter [clip_l14]          best-epoch  0.670 ± 0.044  0.692 ± 0.044  0.699 ± 0.006  0.730 ± 0.015  0.698 ± 0.026  0.730 ± 0.007
                                 last-epoch  0.569 ± 0.132  0.667 ± 0.047  0.669 ± 0.043  0.709 ± 0.065  0.689 ± 0.037  0.733 ± 0.014
GraphAdapter [clip_l14]          best-epoch  0.656 ± 0.056  0.675 ± 0.002  0.694 ± 0.036  0.714 ± 0.005  0.699 ± 0.020  0.729 ± 0.010
                                 last-epoch  0.628 ± 0.111  0.706 ± 0.017  0.713 ± 0.009  0.712 ± 0.015  0.715 ± 0.014  0.730 ± 0.001
PRGA + DINOv2 cache [clip_l14]   as-is       0.665 ± 0.017  0.688 ± 0.018  0.663 ± 0.053  0.675 ± 0.019  0.679 ± 0.029  0.730 ± 0.013
PRGA [clip_l14]                  as-is       0.654 ± 0.013  0.683 ± 0.010  0.664 ± 0.051  0.669 ± 0.012  0.678 ± 0.029  0.737 ± 0.002
PlantCaFo-style cache [clip_l14] best-epoch  0.666 ± 0.019  0.666 ± 0.030  0.632 ± 0.025  0.694 ± 0.029  0.667 ± 0.015  0.611 ± 0.003
                                 last-epoch  0.661 ± 0.023  0.666 ± 0.042  0.646 ± 0.025  0.682 ± 0.043  0.647 ± 0.028  0.656 ± 0.021
TaskRes [clip_l14]               best-epoch  0.626 ± 0.077  0.694 ± 0.028  0.701 ± 0.004  0.704 ± 0.023  0.710 ± 0.012  0.735 ± 0.006
                                 last-epoch  0.613 ± 0.075  0.691 ± 0.030  0.691 ± 0.022  0.743 ± 0.024  0.715 ± 0.023  0.730 ± 0.003
Tip-Adapter-F [clip_l14]         best-epoch  0.556 ± 0.123  0.681 ± 0.026  0.677 ± 0.013  0.692 ± 0.047  0.677 ± 0.023  0.651 ± 0.020
                                 last-epoch  0.610 ± 0.016  0.666 ± 0.037  0.664 ± 0.031  0.687 ± 0.091  0.670 ± 0.031  0.604 ± 0.013
{'method': '1NN-clip_l14', 'split': 'grouped', 'acc': 0.777699789431465, 'macro_f1': 0.6337757176297937}
{'method': '1NN-clip_l14', 'split': 'random', 'acc': 0.8007620575553995, 'macro_f1': 0.7276970319818266}
{'method': 'LinearProbe-clip_l14', 'split': 'grouped', 'acc': 0.8218189110598616, 'macro_f1': 0.6866588414570053}
{'method': 'LinearProbe-clip_l14', 'split': 'random', 'acc': 0.8687456131555199, 'macro_f1': 0.7984416653315296}
