labels in gt.csv: {0: 9562, 1: 3083, 3: 864}
label-3 photos with mite boxes: 864 of 864
12645 photos, 12 videos, 12643 bee tracks
label                                     0     1 orig_split
video                                                       
2017-08-28_09-30-00-1_500_dirty_glass   615   333      train
2017-08-28_16-31-55                       0     5      train
2017-08-28_16-32-55_30_sec               21    29        val
2017-08-30_15-42-59                    1685   269      train
2017-09-01_10-54-26                     661   513       test
2017-09-01_20-00-17                     163    35        val
2017-09-01_3-01-01                      309   203        val
2017-09-20_19-24-55                    2387  1123      train
2017-09-25_16-03-38                    1534   260      train
2017-09-29_15-31-49                      98    15        val
2017-10-17_1-39-36                     1805   223       test
2017-10-17_16-41-10                     284    75      train
pool videos ['2017-09-01_20-00-17', '2017-09-25_16-03-38', '2017-09-01_3-01-01', '2017-08-28_16-31-55', '2017-09-29_15-31-49', '2017-08-28_16-32-55_30_sec']: class counts {0: 2125, 1: 547} (target {0: 1912, 1: 617}, worst relative error 0.11)
                             pool  pool_tracks  pool_videos  test  test_videos
class_name                                                                    
healthy honeybee             2125         2125            5  7437            6
honeybee with a varroa mite   547          547            6  2536            6
